../Core/Src/ApplicationCode.c:25:6:ApplicationInit	8	static
../Core/Src/ApplicationCode.c:50:6:LCD_Visual_Demo	8	static
../Core/Src/ApplicationCode.c:56:6:LCD_Touch_Polling_Demo	8	static
../Core/Src/ApplicationCode.c:77:6:LCDTouchScreenInterruptGPIOInit	32	static
../Core/Src/ApplicationCode.c:102:6:EXTI15_10_IRQHandler	16	static
../Core/Src/ApplicationCode.c:170:6:Button_Init	32	static
../Core/Src/ApplicationCode.c:181:6:EXTI0_IRQHandler	8	static
../Core/Src/ApplicationCode.c:192:9:Check_Start	4	static
