../Core/Src/GameDriver.c:73:6:Display_Start_Screen	64	static
../Core/Src/GameDriver.c:172:6:initialize_game	16	static
../Core/Src/GameDriver.c:184:6:draw_block	24	static
../Core/Src/GameDriver.c:195:6:draw_board	24	static
../Core/Src/GameDriver.c:217:6:spawn_tetromino	16	static
../Core/Src/GameDriver.c:232:6:rotate_tetromino	88	static
../Core/Src/GameDriver.c:300:5:check_collision	32	static
../Core/Src/GameDriver.c:316:6:move_down	16	static
../Core/Src/GameDriver.c:339:6:drop_tetromino	8	static
../Core/Src/GameDriver.c:345:6:move_left	8	static
../Core/Src/GameDriver.c:352:6:move_right	8	static
../Core/Src/GameDriver.c:358:6:clear_lines	40	static
../Core/Src/GameDriver.c:399:6:place_tetromino	16	static
../Core/Src/GameDriver.c:414:6:game_over	56	static
../Core/Src/GameDriver.c:504:6:Game_RNG_Init	16	static
