../Core/Src/GameDriver.c:9:6:initialize_game	16	static
../Core/Src/GameDriver.c:19:6:draw_block	24	static
../Core/Src/GameDriver.c:30:6:draw_board	16	static
../Core/Src/GameDriver.c:46:6:spawn_tetromino	16	static
../Core/Src/GameDriver.c:61:6:rotate_tetromino	96	static
../Core/Src/GameDriver.c:88:5:check_collision	32	static
../Core/Src/GameDriver.c:104:6:move_down	16	static
../Core/Src/GameDriver.c:126:6:drop_tetromino	8	static
../Core/Src/GameDriver.c:133:6:move_left	8	static
../Core/Src/GameDriver.c:140:6:move_right	8	static
../Core/Src/GameDriver.c:147:6:clear_lines	32	static
../Core/Src/GameDriver.c:175:6:game_over	4	static
../Core/Src/GameDriver.c:179:6:Game_RNG_Init	16	static
