../Core/Src/LCD_Driver.c:41:6:LCD_GPIO_Init	56	static
../Core/Src/LCD_Driver.c:124:6:LTCD_Layer_Init	72	static
../Core/Src/LCD_Driver.c:151:6:clearScreen	8	static
../Core/Src/LCD_Driver.c:156:6:LTCD__Init	8	static
../Core/Src/LCD_Driver.c:215:6:LCD_Draw_Pixel	16	static
../Core/Src/LCD_Driver.c:225:6:LCD_Draw_Circle_Fill	32	static
../Core/Src/LCD_Driver.c:239:6:LCD_Draw_Vertical_Line	32	static
../Core/Src/LCD_Driver.c:247:6:LCD_Clear	24	static
../Core/Src/LCD_Driver.c:258:6:LCD_SetTextColor	16	static
../Core/Src/LCD_Driver.c:264:6:LCD_SetFont	16	static
../Core/Src/LCD_Driver.c:270:6:LCD_Draw_Char	24	static
../Core/Src/LCD_Driver.c:290:6:LCD_DisplayChar	16	static
../Core/Src/LCD_Driver.c:296:6:visualDemo	16	static
../Core/Src/LCD_Driver.c:346:6:LCD_Error_Handler	4	static,ignoring_inline_asm
