12:40:48 **** Clean-only build of configuration Debug for project EApplebaumFinalProject2 ****
make -j20 clean 
rm -rf ./Drivers/STM32F4xx_HAL_Driver/Src/stm32f4xx_hal.cyclo ./Drivers/STM32F4xx_HAL_Driver/Src/stm32f4xx_hal.d ./Drivers/STM32F4xx_HAL_Driver/Src/stm32f4xx_hal.o ./Drivers/STM32F4xx_HAL_Driver/Src/stm32f4xx_hal.su ./Drivers/STM32F4xx_HAL_Driver/Src/stm32f4xx_hal_cortex.cyclo ./Drivers/STM32F4xx_HAL_Driver/Src/stm32f4xx_hal_cortex.d ./Drivers/STM32F4xx_HAL_Driver/Src/stm32f4xx_hal_cortex.o ./Drivers/STM32F4xx_HAL_Driver/Src/stm32f4xx_hal_cortex.su ./Drivers/STM32F4xx_HAL_Driver/Src/stm32f4xx_hal_dma.cyclo ./Drivers/STM32F4xx_HAL_Driver/Src/stm32f4xx_hal_dma.d ./Drivers/STM32F4xx_HAL_Driver/Src/stm32f4xx_hal_dma.o ./Drivers/STM32F4xx_HAL_Driver/Src/stm32f4xx_hal_dma.su ./Drivers/STM32F4xx_HAL_Driver/Src/stm32f4xx_hal_dma_ex.cyclo ./Drivers/STM32F4xx_HAL_Driver/Src/stm32f4xx_hal_dma_ex.d ./Drivers/STM32F4xx_HAL_Driver/Src/stm32f4xx_hal_dma_ex.o ./Drivers/STM32F4xx_HAL_Driver/Src/stm32f4xx_hal_dma_ex.su ./Drivers/STM32F4xx_HAL_Driver/Src/stm32f4xx_hal_dsi.cyclo ./Drivers/STM32F4xx_HAL_Driver/Src/stm32f4xx_hal_dsi.d ./Drivers/STM32F4xx_HAL_Driver/Src/stm32f4xx_hal_dsi.o ./Drivers/STM32F4xx_HAL_Driver/Src/stm32f4xx_hal_dsi.su ./Drivers/STM32F4xx_HAL_Driver/Src/stm32f4xx_hal_exti.cyclo ./Drivers/STM32F4xx_HAL_Driver/Src/stm32f4xx_hal_exti.d ./Drivers/STM32F4xx_HAL_Driver/Src/stm32f4xx_hal_exti.o ./Drivers/STM32F4xx_HAL_Driver/Src/stm32f4xx_hal_exti.su ./Drivers/STM32F4xx_HAL_Driver/Src/stm32f4xx_hal_flash.cyclo ./Drivers/STM32F4xx_HAL_Driver/Src/stm32f4xx_hal_flash.d ./Drivers/STM32F4xx_HAL_Driver/Src/stm32f4xx_hal_flash.o ./Drivers/STM32F4xx_HAL_Driver/Src/stm32f4xx_hal_flash.su ./Drivers/STM32F4xx_HAL_Driver/Src/stm32f4xx_hal_flash_ex.cyclo ./Drivers/STM32F4xx_HAL_Driver/Src/stm32f4xx_hal_flash_ex.d ./Drivers/STM32F4xx_HAL_Driver/Src/stm32f4xx_hal_flash_ex.o ./Drivers/STM32F4xx_HAL_Driver/Src/stm32f4xx_hal_flash_ex.su ./Drivers/STM32F4xx_HAL_Driver/Src/stm32f4xx_hal_flash_ramfunc.cyclo ./Drivers/STM32F4xx_HAL_Driver/Src/stm32f4xx_hal_flash_ramfunc.d ./Drivers/STM32F4xx_HAL_Driver/Src/stm32f4xx_hal_flash_ramfunc.o ./Drivers/STM32F4xx_HAL_Driver/Src/stm32f4xx_hal_flash_ramfunc.su ./Drivers/STM32F4xx_HAL_Driver/Src/stm32f4xx_hal_gpio.cyclo ./Drivers/STM32F4xx_HAL_Driver/Src/stm32f4xx_hal_gpio.d ./Drivers/STM32F4xx_HAL_Driver/Src/stm32f4xx_hal_gpio.o ./Drivers/STM32F4xx_HAL_Driver/Src/stm32f4xx_hal_gpio.su ./Drivers/STM32F4xx_HAL_Driver/Src/stm32f4xx_hal_i2c.cyclo ./Drivers/STM32F4xx_HAL_Driver/Src/stm32f4xx_hal_i2c.d ./Drivers/STM32F4xx_HAL_Driver/Src/stm32f4xx_hal_i2c.o ./Drivers/STM32F4xx_HAL_Driver/Src/stm32f4xx_hal_i2c.su ./Drivers/STM32F4xx_HAL_Driver/Src/stm32f4xx_hal_i2c_ex.cyclo ./Drivers/STM32F4xx_HAL_Driver/Src/stm32f4xx_hal_i2c_ex.d ./Drivers/STM32F4xx_HAL_Driver/Src/stm32f4xx_hal_i2c_ex.o ./Drivers/STM32F4xx_HAL_Driver/Src/stm32f4xx_hal_i2c_ex.su ./Drivers/STM32F4xx_HAL_Driver/Src/stm32f4xx_hal_ltdc.cyclo ./Drivers/STM32F4xx_HAL_Driver/Src/stm32f4xx_hal_ltdc.d ./Drivers/STM32F4xx_HAL_Driver/Src/stm32f4xx_hal_ltdc.o ./Drivers/STM32F4xx_HAL_Driver/Src/stm32f4xx_hal_ltdc.su ./Drivers/STM32F4xx_HAL_Driver/Src/stm32f4xx_hal_ltdc_ex.cyclo ./Drivers/STM32F4xx_HAL_Driver/Src/stm32f4xx_hal_ltdc_ex.d ./Drivers/STM32F4xx_HAL_Driver/Src/stm32f4xx_hal_ltdc_ex.o ./Drivers/STM32F4xx_HAL_Driver/Src/stm32f4xx_hal_ltdc_ex.su ./Drivers/STM32F4xx_HAL_Driver/Src/stm32f4xx_hal_pwr.cyclo ./Drivers/STM32F4xx_HAL_Driver/Src/stm32f4xx_hal_pwr.d ./Drivers/STM32F4xx_HAL_Driver/Src/stm32f4xx_hal_pwr.o ./Drivers/STM32F4xx_HAL_Driver/Src/stm32f4xx_hal_pwr.su ./Drivers/STM32F4xx_HAL_Driver/Src/stm32f4xx_hal_pwr_ex.cyclo ./Drivers/STM32F4xx_HAL_Driver/Src/stm32f4xx_hal_pwr_ex.d ./Drivers/STM32F4xx_HAL_Driver/Src/stm32f4xx_hal_pwr_ex.o ./Drivers/STM32F4xx_HAL_Driver/Src/stm32f4xx_hal_pwr_ex.su ./Drivers/STM32F4xx_HAL_Driver/Src/stm32f4xx_hal_rcc.cyclo ./Drivers/STM32F4xx_HAL_Driver/Src/stm32f4xx_hal_rcc.d ./Drivers/STM32F4xx_HAL_Driver/Src/stm32f4xx_hal_rcc.o ./Drivers/STM32F4xx_HAL_Driver/Src/stm32f4xx_hal_rcc.su ./Drivers/STM32F4xx_HAL_Driver/Src/stm32f4xx_hal_rcc_ex.cyclo ./Drivers/STM32F4xx_HAL_Driver/Src/stm32f4xx_hal_rcc_ex.d ./Drivers/STM32F4xx_HAL_Driver/Src/stm32f4xx_hal_rcc_ex.o ./Drivers/STM32F4xx_HAL_Driver/Src/stm32f4xx_hal_rcc_ex.su ./Drivers/STM32F4xx_HAL_Driver/Src/stm32f4xx_hal_rng.cyclo ./Drivers/STM32F4xx_HAL_Driver/Src/stm32f4xx_hal_rng.d ./Drivers/STM32F4xx_HAL_Driver/Src/stm32f4xx_hal_rng.o ./Drivers/STM32F4xx_HAL_Driver/Src/stm32f4xx_hal_rng.su ./Drivers/STM32F4xx_HAL_Driver/Src/stm32f4xx_hal_spi.cyclo ./Drivers/STM32F4xx_HAL_Driver/Src/stm32f4xx_hal_spi.d ./Drivers/STM32F4xx_HAL_Driver/Src/stm32f4xx_hal_spi.o ./Drivers/STM32F4xx_HAL_Driver/Src/stm32f4xx_hal_spi.su ./Drivers/STM32F4xx_HAL_Driver/Src/stm32f4xx_hal_tim.cyclo ./Drivers/STM32F4xx_HAL_Driver/Src/stm32f4xx_hal_tim.d ./Drivers/STM32F4xx_HAL_Driver/Src/stm32f4xx_hal_tim.o ./Drivers/STM32F4xx_HAL_Driver/Src/stm32f4xx_hal_tim.su ./Drivers/STM32F4xx_HAL_Driver/Src/stm32f4xx_hal_tim_ex.cyclo ./Drivers/STM32F4xx_HAL_Driver/Src/stm32f4xx_hal_tim_ex.d ./Drivers/STM32F4xx_HAL_Driver/Src/stm32f4xx_hal_tim_ex.o ./Drivers/STM32F4xx_HAL_Driver/Src/stm32f4xx_hal_tim_ex.su
rm -rf ./Core/Startup/startup_stm32f429zitx.d ./Core/Startup/startup_stm32f429zitx.o
rm -rf ./Core/Src/ApplicationCode.cyclo ./Core/Src/ApplicationCode.d ./Core/Src/ApplicationCode.o ./Core/Src/ApplicationCode.su ./Core/Src/Block_Driver.cyclo ./Core/Src/Block_Driver.d ./Core/Src/Block_Driver.o ./Core/Src/Block_Driver.su ./Core/Src/GameDriver.cyclo ./Core/Src/GameDriver.d ./Core/Src/GameDriver.o ./Core/Src/GameDriver.su ./Core/Src/LCD_Driver.cyclo ./Core/Src/LCD_Driver.d ./Core/Src/LCD_Driver.o ./Core/Src/LCD_Driver.su ./Core/Src/Timer_Driver.cyclo ./Core/Src/Timer_Driver.d ./Core/Src/Timer_Driver.o ./Core/Src/Timer_Driver.su ./Core/Src/fonts.cyclo ./Core/Src/fonts.d ./Core/Src/fonts.o ./Core/Src/fonts.su ./Core/Src/ili9341.cyclo ./Core/Src/ili9341.d ./Core/Src/ili9341.o ./Core/Src/ili9341.su ./Core/Src/main.cyclo ./Core/Src/main.d ./Core/Src/main.o ./Core/Src/main.su ./Core/Src/stm32f4xx_hal_msp.cyclo ./Core/Src/stm32f4xx_hal_msp.d ./Core/Src/stm32f4xx_hal_msp.o ./Core/Src/stm32f4xx_hal_msp.su ./Core/Src/stm32f4xx_it.cyclo ./Core/Src/stm32f4xx_it.d ./Core/Src/stm32f4xx_it.o ./Core/Src/stm32f4xx_it.su ./Core/Src/stmpe811.cyclo ./Core/Src/stmpe811.d ./Core/Src/stmpe811.o ./Core/Src/stmpe811.su ./Core/Src/syscalls.cyclo ./Core/Src/syscalls.d ./Core/Src/syscalls.o ./Core/Src/syscalls.su ./Core/Src/sysmem.cyclo ./Core/Src/sysmem.d ./Core/Src/sysmem.o ./Core/Src/sysmem.su ./Core/Src/system_stm32f4xx.cyclo ./Core/Src/system_stm32f4xx.d ./Core/Src/system_stm32f4xx.o ./Core/Src/system_stm32f4xx.su
rm -rf EApplebaumFinalProject2.elf EApplebaumFinalProject2.list EApplebaumFinalProject2.map default.size.stdout
 
12:40:49 **** Build of configuration Debug for project EApplebaumFinalProject2 ****
make -j20 all 
arm-none-eabi-gcc "../Drivers/STM32F4xx_HAL_Driver/Src/stm32f4xx_hal.c" -mcpu=cortex-m4 -std=gnu11 -g3 -DDEBUG -DUSE_HAL_DRIVER -DSTM32F429xx -c -I../Core/Inc -I../Drivers/STM32F4xx_HAL_Driver/Inc -I../Drivers/STM32F4xx_HAL_Driver/Inc/Legacy -I../Drivers/CMSIS/Device/ST/STM32F4xx/Include -I../Drivers/CMSIS/Include -O0 -ffunction-sections -fdata-sections -Wall -fstack-usage -fcyclomatic-complexity -MMD -MP -MF"Drivers/STM32F4xx_HAL_Driver/Src/stm32f4xx_hal.d" -MT"Drivers/STM32F4xx_HAL_Driver/Src/stm32f4xx_hal.o" --specs=nano.specs -mfpu=fpv4-sp-d16 -mfloat-abi=hard -mthumb -o "Drivers/STM32F4xx_HAL_Driver/Src/stm32f4xx_hal.o"
arm-none-eabi-gcc "../Drivers/STM32F4xx_HAL_Driver/Src/stm32f4xx_hal_cortex.c" -mcpu=cortex-m4 -std=gnu11 -g3 -DDEBUG -DUSE_HAL_DRIVER -DSTM32F429xx -c -I../Core/Inc -I../Drivers/STM32F4xx_HAL_Driver/Inc -I../Drivers/STM32F4xx_HAL_Driver/Inc/Legacy -I../Drivers/CMSIS/Device/ST/STM32F4xx/Include -I../Drivers/CMSIS/Include -O0 -ffunction-sections -fdata-sections -Wall -fstack-usage -fcyclomatic-complexity -MMD -MP -MF"Drivers/STM32F4xx_HAL_Driver/Src/stm32f4xx_hal_cortex.d" -MT"Drivers/STM32F4xx_HAL_Driver/Src/stm32f4xx_hal_cortex.o" --specs=nano.specs -mfpu=fpv4-sp-d16 -mfloat-abi=hard -mthumb -o "Drivers/STM32F4xx_HAL_Driver/Src/stm32f4xx_hal_cortex.o"
arm-none-eabi-gcc "../Drivers/STM32F4xx_HAL_Driver/Src/stm32f4xx_hal_dma.c" -mcpu=cortex-m4 -std=gnu11 -g3 -DDEBUG -DUSE_HAL_DRIVER -DSTM32F429xx -c -I../Core/Inc -I../Drivers/STM32F4xx_HAL_Driver/Inc -I../Drivers/STM32F4xx_HAL_Driver/Inc/Legacy -I../Drivers/CMSIS/Device/ST/STM32F4xx/Include -I../Drivers/CMSIS/Include -O0 -ffunction-sections -fdata-sections -Wall -fstack-usage -fcyclomatic-complexity -MMD -MP -MF"Drivers/STM32F4xx_HAL_Driver/Src/stm32f4xx_hal_dma.d" -MT"Drivers/STM32F4xx_HAL_Driver/Src/stm32f4xx_hal_dma.o" --specs=nano.specs -mfpu=fpv4-sp-d16 -mfloat-abi=hard -mthumb -o "Drivers/STM32F4xx_HAL_Driver/Src/stm32f4xx_hal_dma.o"
arm-none-eabi-gcc "../Drivers/STM32F4xx_HAL_Driver/Src/stm32f4xx_hal_dma_ex.c" -mcpu=cortex-m4 -std=gnu11 -g3 -DDEBUG -DUSE_HAL_DRIVER -DSTM32F429xx -c -I../Core/Inc -I../Drivers/STM32F4xx_HAL_Driver/Inc -I../Drivers/STM32F4xx_HAL_Driver/Inc/Legacy -I../Drivers/CMSIS/Device/ST/STM32F4xx/Include -I../Drivers/CMSIS/Include -O0 -ffunction-sections -fdata-sections -Wall -fstack-usage -fcyclomatic-complexity -MMD -MP -MF"Drivers/STM32F4xx_HAL_Driver/Src/stm32f4xx_hal_dma_ex.d" -MT"Drivers/STM32F4xx_HAL_Driver/Src/stm32f4xx_hal_dma_ex.o" --specs=nano.specs -mfpu=fpv4-sp-d16 -mfloat-abi=hard -mthumb -o "Drivers/STM32F4xx_HAL_Driver/Src/stm32f4xx_hal_dma_ex.o"
arm-none-eabi-gcc "../Drivers/STM32F4xx_HAL_Driver/Src/stm32f4xx_hal_dsi.c" -mcpu=cortex-m4 -std=gnu11 -g3 -DDEBUG -DUSE_HAL_DRIVER -DSTM32F429xx -c -I../Core/Inc -I../Drivers/STM32F4xx_HAL_Driver/Inc -I../Drivers/STM32F4xx_HAL_Driver/Inc/Legacy -I../Drivers/CMSIS/Device/ST/STM32F4xx/Include -I../Drivers/CMSIS/Include -O0 -ffunction-sections -fdata-sections -Wall -fstack-usage -fcyclomatic-complexity -MMD -MP -MF"Drivers/STM32F4xx_HAL_Driver/Src/stm32f4xx_hal_dsi.d" -MT"Drivers/STM32F4xx_HAL_Driver/Src/stm32f4xx_hal_dsi.o" --specs=nano.specs -mfpu=fpv4-sp-d16 -mfloat-abi=hard -mthumb -o "Drivers/STM32F4xx_HAL_Driver/Src/stm32f4xx_hal_dsi.o"
arm-none-eabi-gcc "../Drivers/STM32F4xx_HAL_Driver/Src/stm32f4xx_hal_exti.c" -mcpu=cortex-m4 -std=gnu11 -g3 -DDEBUG -DUSE_HAL_DRIVER -DSTM32F429xx -c -I../Core/Inc -I../Drivers/STM32F4xx_HAL_Driver/Inc -I../Drivers/STM32F4xx_HAL_Driver/Inc/Legacy -I../Drivers/CMSIS/Device/ST/STM32F4xx/Include -I../Drivers/CMSIS/Include -O0 -ffunction-sections -fdata-sections -Wall -fstack-usage -fcyclomatic-complexity -MMD -MP -MF"Drivers/STM32F4xx_HAL_Driver/Src/stm32f4xx_hal_exti.d" -MT"Drivers/STM32F4xx_HAL_Driver/Src/stm32f4xx_hal_exti.o" --specs=nano.specs -mfpu=fpv4-sp-d16 -mfloat-abi=hard -mthumb -o "Drivers/STM32F4xx_HAL_Driver/Src/stm32f4xx_hal_exti.o"
arm-none-eabi-gcc "../Drivers/STM32F4xx_HAL_Driver/Src/stm32f4xx_hal_flash.c" -mcpu=cortex-m4 -std=gnu11 -g3 -DDEBUG -DUSE_HAL_DRIVER -DSTM32F429xx -c -I../Core/Inc -I../Drivers/STM32F4xx_HAL_Driver/Inc -I../Drivers/STM32F4xx_HAL_Driver/Inc/Legacy -I../Drivers/CMSIS/Device/ST/STM32F4xx/Include -I../Drivers/CMSIS/Include -O0 -ffunction-sections -fdata-sections -Wall -fstack-usage -fcyclomatic-complexity -MMD -MP -MF"Drivers/STM32F4xx_HAL_Driver/Src/stm32f4xx_hal_flash.d" -MT"Drivers/STM32F4xx_HAL_Driver/Src/stm32f4xx_hal_flash.o" --specs=nano.specs -mfpu=fpv4-sp-d16 -mfloat-abi=hard -mthumb -o "Drivers/STM32F4xx_HAL_Driver/Src/stm32f4xx_hal_flash.o"
arm-none-eabi-gcc "../Drivers/STM32F4xx_HAL_Driver/Src/stm32f4xx_hal_flash_ex.c" -mcpu=cortex-m4 -std=gnu11 -g3 -DDEBUG -DUSE_HAL_DRIVER -DSTM32F429xx -c -I../Core/Inc -I../Drivers/STM32F4xx_HAL_Driver/Inc -I../Drivers/STM32F4xx_HAL_Driver/Inc/Legacy -I../Drivers/CMSIS/Device/ST/STM32F4xx/Include -I../Drivers/CMSIS/Include -O0 -ffunction-sections -fdata-sections -Wall -fstack-usage -fcyclomatic-complexity -MMD -MP -MF"Drivers/STM32F4xx_HAL_Driver/Src/stm32f4xx_hal_flash_ex.d" -MT"Drivers/STM32F4xx_HAL_Driver/Src/stm32f4xx_hal_flash_ex.o" --specs=nano.specs -mfpu=fpv4-sp-d16 -mfloat-abi=hard -mthumb -o "Drivers/STM32F4xx_HAL_Driver/Src/stm32f4xx_hal_flash_ex.o"
arm-none-eabi-gcc "../Drivers/STM32F4xx_HAL_Driver/Src/stm32f4xx_hal_flash_ramfunc.c" -mcpu=cortex-m4 -std=gnu11 -g3 -DDEBUG -DUSE_HAL_DRIVER -DSTM32F429xx -c -I../Core/Inc -I../Drivers/STM32F4xx_HAL_Driver/Inc -I../Drivers/STM32F4xx_HAL_Driver/Inc/Legacy -I../Drivers/CMSIS/Device/ST/STM32F4xx/Include -I../Drivers/CMSIS/Include -O0 -ffunction-sections -fdata-sections -Wall -fstack-usage -fcyclomatic-complexity -MMD -MP -MF"Drivers/STM32F4xx_HAL_Driver/Src/stm32f4xx_hal_flash_ramfunc.d" -MT"Drivers/STM32F4xx_HAL_Driver/Src/stm32f4xx_hal_flash_ramfunc.o" --specs=nano.specs -mfpu=fpv4-sp-d16 -mfloat-abi=hard -mthumb -o "Drivers/STM32F4xx_HAL_Driver/Src/stm32f4xx_hal_flash_ramfunc.o"
arm-none-eabi-gcc "../Drivers/STM32F4xx_HAL_Driver/Src/stm32f4xx_hal_gpio.c" -mcpu=cortex-m4 -std=gnu11 -g3 -DDEBUG -DUSE_HAL_DRIVER -DSTM32F429xx -c -I../Core/Inc -I../Drivers/STM32F4xx_HAL_Driver/Inc -I../Drivers/STM32F4xx_HAL_Driver/Inc/Legacy -I../Drivers/CMSIS/Device/ST/STM32F4xx/Include -I../Drivers/CMSIS/Include -O0 -ffunction-sections -fdata-sections -Wall -fstack-usage -fcyclomatic-complexity -MMD -MP -MF"Drivers/STM32F4xx_HAL_Driver/Src/stm32f4xx_hal_gpio.d" -MT"Drivers/STM32F4xx_HAL_Driver/Src/stm32f4xx_hal_gpio.o" --specs=nano.specs -mfpu=fpv4-sp-d16 -mfloat-abi=hard -mthumb -o "Drivers/STM32F4xx_HAL_Driver/Src/stm32f4xx_hal_gpio.o"
arm-none-eabi-gcc "../Drivers/STM32F4xx_HAL_Driver/Src/stm32f4xx_hal_i2c.c" -mcpu=cortex-m4 -std=gnu11 -g3 -DDEBUG -DUSE_HAL_DRIVER -DSTM32F429xx -c -I../Core/Inc -I../Drivers/STM32F4xx_HAL_Driver/Inc -I../Drivers/STM32F4xx_HAL_Driver/Inc/Legacy -I../Drivers/CMSIS/Device/ST/STM32F4xx/Include -I../Drivers/CMSIS/Include -O0 -ffunction-sections -fdata-sections -Wall -fstack-usage -fcyclomatic-complexity -MMD -MP -MF"Drivers/STM32F4xx_HAL_Driver/Src/stm32f4xx_hal_i2c.d" -MT"Drivers/STM32F4xx_HAL_Driver/Src/stm32f4xx_hal_i2c.o" --specs=nano.specs -mfpu=fpv4-sp-d16 -mfloat-abi=hard -mthumb -o "Drivers/STM32F4xx_HAL_Driver/Src/stm32f4xx_hal_i2c.o"
arm-none-eabi-gcc "../Drivers/STM32F4xx_HAL_Driver/Src/stm32f4xx_hal_i2c_ex.c" -mcpu=cortex-m4 -std=gnu11 -g3 -DDEBUG -DUSE_HAL_DRIVER -DSTM32F429xx -c -I../Core/Inc -I../Drivers/STM32F4xx_HAL_Driver/Inc -I../Drivers/STM32F4xx_HAL_Driver/Inc/Legacy -I../Drivers/CMSIS/Device/ST/STM32F4xx/Include -I../Drivers/CMSIS/Include -O0 -ffunction-sections -fdata-sections -Wall -fstack-usage -fcyclomatic-complexity -MMD -MP -MF"Drivers/STM32F4xx_HAL_Driver/Src/stm32f4xx_hal_i2c_ex.d" -MT"Drivers/STM32F4xx_HAL_Driver/Src/stm32f4xx_hal_i2c_ex.o" --specs=nano.specs -mfpu=fpv4-sp-d16 -mfloat-abi=hard -mthumb -o "Drivers/STM32F4xx_HAL_Driver/Src/stm32f4xx_hal_i2c_ex.o"
arm-none-eabi-gcc "../Drivers/STM32F4xx_HAL_Driver/Src/stm32f4xx_hal_ltdc.c" -mcpu=cortex-m4 -std=gnu11 -g3 -DDEBUG -DUSE_HAL_DRIVER -DSTM32F429xx -c -I../Core/Inc -I../Drivers/STM32F4xx_HAL_Driver/Inc -I../Drivers/STM32F4xx_HAL_Driver/Inc/Legacy -I../Drivers/CMSIS/Device/ST/STM32F4xx/Include -I../Drivers/CMSIS/Include -O0 -ffunction-sections -fdata-sections -Wall -fstack-usage -fcyclomatic-complexity -MMD -MP -MF"Drivers/STM32F4xx_HAL_Driver/Src/stm32f4xx_hal_ltdc.d" -MT"Drivers/STM32F4xx_HAL_Driver/Src/stm32f4xx_hal_ltdc.o" --specs=nano.specs -mfpu=fpv4-sp-d16 -mfloat-abi=hard -mthumb -o "Drivers/STM32F4xx_HAL_Driver/Src/stm32f4xx_hal_ltdc.o"
arm-none-eabi-gcc "../Drivers/STM32F4xx_HAL_Driver/Src/stm32f4xx_hal_ltdc_ex.c" -mcpu=cortex-m4 -std=gnu11 -g3 -DDEBUG -DUSE_HAL_DRIVER -DSTM32F429xx -c -I../Core/Inc -I../Drivers/STM32F4xx_HAL_Driver/Inc -I../Drivers/STM32F4xx_HAL_Driver/Inc/Legacy -I../Drivers/CMSIS/Device/ST/STM32F4xx/Include -I../Drivers/CMSIS/Include -O0 -ffunction-sections -fdata-sections -Wall -fstack-usage -fcyclomatic-complexity -MMD -MP -MF"Drivers/STM32F4xx_HAL_Driver/Src/stm32f4xx_hal_ltdc_ex.d" -MT"Drivers/STM32F4xx_HAL_Driver/Src/stm32f4xx_hal_ltdc_ex.o" --specs=nano.specs -mfpu=fpv4-sp-d16 -mfloat-abi=hard -mthumb -o "Drivers/STM32F4xx_HAL_Driver/Src/stm32f4xx_hal_ltdc_ex.o"
arm-none-eabi-gcc "../Drivers/STM32F4xx_HAL_Driver/Src/stm32f4xx_hal_pwr.c" -mcpu=cortex-m4 -std=gnu11 -g3 -DDEBUG -DUSE_HAL_DRIVER -DSTM32F429xx -c -I../Core/Inc -I../Drivers/STM32F4xx_HAL_Driver/Inc -I../Drivers/STM32F4xx_HAL_Driver/Inc/Legacy -I../Drivers/CMSIS/Device/ST/STM32F4xx/Include -I../Drivers/CMSIS/Include -O0 -ffunction-sections -fdata-sections -Wall -fstack-usage -fcyclomatic-complexity -MMD -MP -MF"Drivers/STM32F4xx_HAL_Driver/Src/stm32f4xx_hal_pwr.d" -MT"Drivers/STM32F4xx_HAL_Driver/Src/stm32f4xx_hal_pwr.o" --specs=nano.specs -mfpu=fpv4-sp-d16 -mfloat-abi=hard -mthumb -o "Drivers/STM32F4xx_HAL_Driver/Src/stm32f4xx_hal_pwr.o"
arm-none-eabi-gcc "../Drivers/STM32F4xx_HAL_Driver/Src/stm32f4xx_hal_pwr_ex.c" -mcpu=cortex-m4 -std=gnu11 -g3 -DDEBUG -DUSE_HAL_DRIVER -DSTM32F429xx -c -I../Core/Inc -I../Drivers/STM32F4xx_HAL_Driver/Inc -I../Drivers/STM32F4xx_HAL_Driver/Inc/Legacy -I../Drivers/CMSIS/Device/ST/STM32F4xx/Include -I../Drivers/CMSIS/Include -O0 -ffunction-sections -fdata-sections -Wall -fstack-usage -fcyclomatic-complexity -MMD -MP -MF"Drivers/STM32F4xx_HAL_Driver/Src/stm32f4xx_hal_pwr_ex.d" -MT"Drivers/STM32F4xx_HAL_Driver/Src/stm32f4xx_hal_pwr_ex.o" --specs=nano.specs -mfpu=fpv4-sp-d16 -mfloat-abi=hard -mthumb -o "Drivers/STM32F4xx_HAL_Driver/Src/stm32f4xx_hal_pwr_ex.o"
arm-none-eabi-gcc "../Drivers/STM32F4xx_HAL_Driver/Src/stm32f4xx_hal_rcc.c" -mcpu=cortex-m4 -std=gnu11 -g3 -DDEBUG -DUSE_HAL_DRIVER -DSTM32F429xx -c -I../Core/Inc -I../Drivers/STM32F4xx_HAL_Driver/Inc -I../Drivers/STM32F4xx_HAL_Driver/Inc/Legacy -I../Drivers/CMSIS/Device/ST/STM32F4xx/Include -I../Drivers/CMSIS/Include -O0 -ffunction-sections -fdata-sections -Wall -fstack-usage -fcyclomatic-complexity -MMD -MP -MF"Drivers/STM32F4xx_HAL_Driver/Src/stm32f4xx_hal_rcc.d" -MT"Drivers/STM32F4xx_HAL_Driver/Src/stm32f4xx_hal_rcc.o" --specs=nano.specs -mfpu=fpv4-sp-d16 -mfloat-abi=hard -mthumb -o "Drivers/STM32F4xx_HAL_Driver/Src/stm32f4xx_hal_rcc.o"
arm-none-eabi-gcc "../Drivers/STM32F4xx_HAL_Driver/Src/stm32f4xx_hal_rcc_ex.c" -mcpu=cortex-m4 -std=gnu11 -g3 -DDEBUG -DUSE_HAL_DRIVER -DSTM32F429xx -c -I../Core/Inc -I../Drivers/STM32F4xx_HAL_Driver/Inc -I../Drivers/STM32F4xx_HAL_Driver/Inc/Legacy -I../Drivers/CMSIS/Device/ST/STM32F4xx/Include -I../Drivers/CMSIS/Include -O0 -ffunction-sections -fdata-sections -Wall -fstack-usage -fcyclomatic-complexity -MMD -MP -MF"Drivers/STM32F4xx_HAL_Driver/Src/stm32f4xx_hal_rcc_ex.d" -MT"Drivers/STM32F4xx_HAL_Driver/Src/stm32f4xx_hal_rcc_ex.o" --specs=nano.specs -mfpu=fpv4-sp-d16 -mfloat-abi=hard -mthumb -o "Drivers/STM32F4xx_HAL_Driver/Src/stm32f4xx_hal_rcc_ex.o"
arm-none-eabi-gcc "../Drivers/STM32F4xx_HAL_Driver/Src/stm32f4xx_hal_rng.c" -mcpu=cortex-m4 -std=gnu11 -g3 -DDEBUG -DUSE_HAL_DRIVER -DSTM32F429xx -c -I../Core/Inc -I../Drivers/STM32F4xx_HAL_Driver/Inc -I../Drivers/STM32F4xx_HAL_Driver/Inc/Legacy -I../Drivers/CMSIS/Device/ST/STM32F4xx/Include -I../Drivers/CMSIS/Include -O0 -ffunction-sections -fdata-sections -Wall -fstack-usage -fcyclomatic-complexity -MMD -MP -MF"Drivers/STM32F4xx_HAL_Driver/Src/stm32f4xx_hal_rng.d" -MT"Drivers/STM32F4xx_HAL_Driver/Src/stm32f4xx_hal_rng.o" --specs=nano.specs -mfpu=fpv4-sp-d16 -mfloat-abi=hard -mthumb -o "Drivers/STM32F4xx_HAL_Driver/Src/stm32f4xx_hal_rng.o"
arm-none-eabi-gcc "../Drivers/STM32F4xx_HAL_Driver/Src/stm32f4xx_hal_spi.c" -mcpu=cortex-m4 -std=gnu11 -g3 -DDEBUG -DUSE_HAL_DRIVER -DSTM32F429xx -c -I../Core/Inc -I../Drivers/STM32F4xx_HAL_Driver/Inc -I../Drivers/STM32F4xx_HAL_Driver/Inc/Legacy -I../Drivers/CMSIS/Device/ST/STM32F4xx/Include -I../Drivers/CMSIS/Include -O0 -ffunction-sections -fdata-sections -Wall -fstack-usage -fcyclomatic-complexity -MMD -MP -MF"Drivers/STM32F4xx_HAL_Driver/Src/stm32f4xx_hal_spi.d" -MT"Drivers/STM32F4xx_HAL_Driver/Src/stm32f4xx_hal_spi.o" --specs=nano.specs -mfpu=fpv4-sp-d16 -mfloat-abi=hard -mthumb -o "Drivers/STM32F4xx_HAL_Driver/Src/stm32f4xx_hal_spi.o"
arm-none-eabi-gcc "../Drivers/STM32F4xx_HAL_Driver/Src/stm32f4xx_hal_tim.c" -mcpu=cortex-m4 -std=gnu11 -g3 -DDEBUG -DUSE_HAL_DRIVER -DSTM32F429xx -c -I../Core/Inc -I../Drivers/STM32F4xx_HAL_Driver/Inc -I../Drivers/STM32F4xx_HAL_Driver/Inc/Legacy -I../Drivers/CMSIS/Device/ST/STM32F4xx/Include -I../Drivers/CMSIS/Include -O0 -ffunction-sections -fdata-sections -Wall -fstack-usage -fcyclomatic-complexity -MMD -MP -MF"Drivers/STM32F4xx_HAL_Driver/Src/stm32f4xx_hal_tim.d" -MT"Drivers/STM32F4xx_HAL_Driver/Src/stm32f4xx_hal_tim.o" --specs=nano.specs -mfpu=fpv4-sp-d16 -mfloat-abi=hard -mthumb -o "Drivers/STM32F4xx_HAL_Driver/Src/stm32f4xx_hal_tim.o"
arm-none-eabi-gcc "../Drivers/STM32F4xx_HAL_Driver/Src/stm32f4xx_hal_tim_ex.c" -mcpu=cortex-m4 -std=gnu11 -g3 -DDEBUG -DUSE_HAL_DRIVER -DSTM32F429xx -c -I../Core/Inc -I../Drivers/STM32F4xx_HAL_Driver/Inc -I../Drivers/STM32F4xx_HAL_Driver/Inc/Legacy -I../Drivers/CMSIS/Device/ST/STM32F4xx/Include -I../Drivers/CMSIS/Include -O0 -ffunction-sections -fdata-sections -Wall -fstack-usage -fcyclomatic-complexity -MMD -MP -MF"Drivers/STM32F4xx_HAL_Driver/Src/stm32f4xx_hal_tim_ex.d" -MT"Drivers/STM32F4xx_HAL_Driver/Src/stm32f4xx_hal_tim_ex.o" --specs=nano.specs -mfpu=fpv4-sp-d16 -mfloat-abi=hard -mthumb -o "Drivers/STM32F4xx_HAL_Driver/Src/stm32f4xx_hal_tim_ex.o"
arm-none-eabi-gcc -mcpu=cortex-m4 -g3 -DDEBUG -c -x assembler-with-cpp -MMD -MP -MF"Core/Startup/startup_stm32f429zitx.d" -MT"Core/Startup/startup_stm32f429zitx.o" --specs=nano.specs -mfpu=fpv4-sp-d16 -mfloat-abi=hard -mthumb -o "Core/Startup/startup_stm32f429zitx.o" "../Core/Startup/startup_stm32f429zitx.s"
arm-none-eabi-gcc "../Core/Src/ApplicationCode.c" -mcpu=cortex-m4 -std=gnu11 -g3 -DDEBUG -DUSE_HAL_DRIVER -DSTM32F429xx -c -I../Core/Inc -I../Drivers/STM32F4xx_HAL_Driver/Inc -I../Drivers/STM32F4xx_HAL_Driver/Inc/Legacy -I../Drivers/CMSIS/Device/ST/STM32F4xx/Include -I../Drivers/CMSIS/Include -O0 -ffunction-sections -fdata-sections -Wall -fstack-usage -fcyclomatic-complexity -MMD -MP -MF"Core/Src/ApplicationCode.d" -MT"Core/Src/ApplicationCode.o" --specs=nano.specs -mfpu=fpv4-sp-d16 -mfloat-abi=hard -mthumb -o "Core/Src/ApplicationCode.o"
arm-none-eabi-gcc "../Core/Src/Block_Driver.c" -mcpu=cortex-m4 -std=gnu11 -g3 -DDEBUG -DUSE_HAL_DRIVER -DSTM32F429xx -c -I../Core/Inc -I../Drivers/STM32F4xx_HAL_Driver/Inc -I../Drivers/STM32F4xx_HAL_Driver/Inc/Legacy -I../Drivers/CMSIS/Device/ST/STM32F4xx/Include -I../Drivers/CMSIS/Include -O0 -ffunction-sections -fdata-sections -Wall -fstack-usage -fcyclomatic-complexity -MMD -MP -MF"Core/Src/Block_Driver.d" -MT"Core/Src/Block_Driver.o" --specs=nano.specs -mfpu=fpv4-sp-d16 -mfloat-abi=hard -mthumb -o "Core/Src/Block_Driver.o"
arm-none-eabi-gcc "../Core/Src/GameDriver.c" -mcpu=cortex-m4 -std=gnu11 -g3 -DDEBUG -DUSE_HAL_DRIVER -DSTM32F429xx -c -I../Core/Inc -I../Drivers/STM32F4xx_HAL_Driver/Inc -I../Drivers/STM32F4xx_HAL_Driver/Inc/Legacy -I../Drivers/CMSIS/Device/ST/STM32F4xx/Include -I../Drivers/CMSIS/Include -O0 -ffunction-sections -fdata-sections -Wall -fstack-usage -fcyclomatic-complexity -MMD -MP -MF"Core/Src/GameDriver.d" -MT"Core/Src/GameDriver.o" --specs=nano.specs -mfpu=fpv4-sp-d16 -mfloat-abi=hard -mthumb -o "Core/Src/GameDriver.o"
arm-none-eabi-gcc "../Core/Src/LCD_Driver.c" -mcpu=cortex-m4 -std=gnu11 -g3 -DDEBUG -DUSE_HAL_DRIVER -DSTM32F429xx -c -I../Core/Inc -I../Drivers/STM32F4xx_HAL_Driver/Inc -I../Drivers/STM32F4xx_HAL_Driver/Inc/Legacy -I../Drivers/CMSIS/Device/ST/STM32F4xx/Include -I../Drivers/CMSIS/Include -O0 -ffunction-sections -fdata-sections -Wall -fstack-usage -fcyclomatic-complexity -MMD -MP -MF"Core/Src/LCD_Driver.d" -MT"Core/Src/LCD_Driver.o" --specs=nano.specs -mfpu=fpv4-sp-d16 -mfloat-abi=hard -mthumb -o "Core/Src/LCD_Driver.o"
arm-none-eabi-gcc "../Core/Src/Timer_Driver.c" -mcpu=cortex-m4 -std=gnu11 -g3 -DDEBUG -DUSE_HAL_DRIVER -DSTM32F429xx -c -I../Core/Inc -I../Drivers/STM32F4xx_HAL_Driver/Inc -I../Drivers/STM32F4xx_HAL_Driver/Inc/Legacy -I../Drivers/CMSIS/Device/ST/STM32F4xx/Include -I../Drivers/CMSIS/Include -O0 -ffunction-sections -fdata-sections -Wall -fstack-usage -fcyclomatic-complexity -MMD -MP -MF"Core/Src/Timer_Driver.d" -MT"Core/Src/Timer_Driver.o" --specs=nano.specs -mfpu=fpv4-sp-d16 -mfloat-abi=hard -mthumb -o "Core/Src/Timer_Driver.o"
arm-none-eabi-gcc "../Core/Src/fonts.c" -mcpu=cortex-m4 -std=gnu11 -g3 -DDEBUG -DUSE_HAL_DRIVER -DSTM32F429xx -c -I../Core/Inc -I../Drivers/STM32F4xx_HAL_Driver/Inc -I../Drivers/STM32F4xx_HAL_Driver/Inc/Legacy -I../Drivers/CMSIS/Device/ST/STM32F4xx/Include -I../Drivers/CMSIS/Include -O0 -ffunction-sections -fdata-sections -Wall -fstack-usage -fcyclomatic-complexity -MMD -MP -MF"Core/Src/fonts.d" -MT"Core/Src/fonts.o" --specs=nano.specs -mfpu=fpv4-sp-d16 -mfloat-abi=hard -mthumb -o "Core/Src/fonts.o"
arm-none-eabi-gcc "../Core/Src/ili9341.c" -mcpu=cortex-m4 -std=gnu11 -g3 -DDEBUG -DUSE_HAL_DRIVER -DSTM32F429xx -c -I../Core/Inc -I../Drivers/STM32F4xx_HAL_Driver/Inc -I../Drivers/STM32F4xx_HAL_Driver/Inc/Legacy -I../Drivers/CMSIS/Device/ST/STM32F4xx/Include -I../Drivers/CMSIS/Include -O0 -ffunction-sections -fdata-sections -Wall -fstack-usage -fcyclomatic-complexity -MMD -MP -MF"Core/Src/ili9341.d" -MT"Core/Src/ili9341.o" --specs=nano.specs -mfpu=fpv4-sp-d16 -mfloat-abi=hard -mthumb -o "Core/Src/ili9341.o"
arm-none-eabi-gcc "../Core/Src/main.c" -mcpu=cortex-m4 -std=gnu11 -g3 -DDEBUG -DUSE_HAL_DRIVER -DSTM32F429xx -c -I../Core/Inc -I../Drivers/STM32F4xx_HAL_Driver/Inc -I../Drivers/STM32F4xx_HAL_Driver/Inc/Legacy -I../Drivers/CMSIS/Device/ST/STM32F4xx/Include -I../Drivers/CMSIS/Include -O0 -ffunction-sections -fdata-sections -Wall -fstack-usage -fcyclomatic-complexity -MMD -MP -MF"Core/Src/main.d" -MT"Core/Src/main.o" --specs=nano.specs -mfpu=fpv4-sp-d16 -mfloat-abi=hard -mthumb -o "Core/Src/main.o"
arm-none-eabi-gcc "../Core/Src/stm32f4xx_hal_msp.c" -mcpu=cortex-m4 -std=gnu11 -g3 -DDEBUG -DUSE_HAL_DRIVER -DSTM32F429xx -c -I../Core/Inc -I../Drivers/STM32F4xx_HAL_Driver/Inc -I../Drivers/STM32F4xx_HAL_Driver/Inc/Legacy -I../Drivers/CMSIS/Device/ST/STM32F4xx/Include -I../Drivers/CMSIS/Include -O0 -ffunction-sections -fdata-sections -Wall -fstack-usage -fcyclomatic-complexity -MMD -MP -MF"Core/Src/stm32f4xx_hal_msp.d" -MT"Core/Src/stm32f4xx_hal_msp.o" --specs=nano.specs -mfpu=fpv4-sp-d16 -mfloat-abi=hard -mthumb -o "Core/Src/stm32f4xx_hal_msp.o"
arm-none-eabi-gcc "../Core/Src/stm32f4xx_it.c" -mcpu=cortex-m4 -std=gnu11 -g3 -DDEBUG -DUSE_HAL_DRIVER -DSTM32F429xx -c -I../Core/Inc -I../Drivers/STM32F4xx_HAL_Driver/Inc -I../Drivers/STM32F4xx_HAL_Driver/Inc/Legacy -I../Drivers/CMSIS/Device/ST/STM32F4xx/Include -I../Drivers/CMSIS/Include -O0 -ffunction-sections -fdata-sections -Wall -fstack-usage -fcyclomatic-complexity -MMD -MP -MF"Core/Src/stm32f4xx_it.d" -MT"Core/Src/stm32f4xx_it.o" --specs=nano.specs -mfpu=fpv4-sp-d16 -mfloat-abi=hard -mthumb -o "Core/Src/stm32f4xx_it.o"
arm-none-eabi-gcc "../Core/Src/stmpe811.c" -mcpu=cortex-m4 -std=gnu11 -g3 -DDEBUG -DUSE_HAL_DRIVER -DSTM32F429xx -c -I../Core/Inc -I../Drivers/STM32F4xx_HAL_Driver/Inc -I../Drivers/STM32F4xx_HAL_Driver/Inc/Legacy -I../Drivers/CMSIS/Device/ST/STM32F4xx/Include -I../Drivers/CMSIS/Include -O0 -ffunction-sections -fdata-sections -Wall -fstack-usage -fcyclomatic-complexity -MMD -MP -MF"Core/Src/stmpe811.d" -MT"Core/Src/stmpe811.o" --specs=nano.specs -mfpu=fpv4-sp-d16 -mfloat-abi=hard -mthumb -o "Core/Src/stmpe811.o"
arm-none-eabi-gcc "../Core/Src/syscalls.c" -mcpu=cortex-m4 -std=gnu11 -g3 -DDEBUG -DUSE_HAL_DRIVER -DSTM32F429xx -c -I../Core/Inc -I../Drivers/STM32F4xx_HAL_Driver/Inc -I../Drivers/STM32F4xx_HAL_Driver/Inc/Legacy -I../Drivers/CMSIS/Device/ST/STM32F4xx/Include -I../Drivers/CMSIS/Include -O0 -ffunction-sections -fdata-sections -Wall -fstack-usage -fcyclomatic-complexity -MMD -MP -MF"Core/Src/syscalls.d" -MT"Core/Src/syscalls.o" --specs=nano.specs -mfpu=fpv4-sp-d16 -mfloat-abi=hard -mthumb -o "Core/Src/syscalls.o"
arm-none-eabi-gcc "../Core/Src/sysmem.c" -mcpu=cortex-m4 -std=gnu11 -g3 -DDEBUG -DUSE_HAL_DRIVER -DSTM32F429xx -c -I../Core/Inc -I../Drivers/STM32F4xx_HAL_Driver/Inc -I../Drivers/STM32F4xx_HAL_Driver/Inc/Legacy -I../Drivers/CMSIS/Device/ST/STM32F4xx/Include -I../Drivers/CMSIS/Include -O0 -ffunction-sections -fdata-sections -Wall -fstack-usage -fcyclomatic-complexity -MMD -MP -MF"Core/Src/sysmem.d" -MT"Core/Src/sysmem.o" --specs=nano.specs -mfpu=fpv4-sp-d16 -mfloat-abi=hard -mthumb -o "Core/Src/sysmem.o"
arm-none-eabi-gcc "../Core/Src/system_stm32f4xx.c" -mcpu=cortex-m4 -std=gnu11 -g3 -DDEBUG -DUSE_HAL_DRIVER -DSTM32F429xx -c -I../Core/Inc -I../Drivers/STM32F4xx_HAL_Driver/Inc -I../Drivers/STM32F4xx_HAL_Driver/Inc/Legacy -I../Drivers/CMSIS/Device/ST/STM32F4xx/Include -I../Drivers/CMSIS/Include -O0 -ffunction-sections -fdata-sections -Wall -fstack-usage -fcyclomatic-complexity -MMD -MP -MF"Core/Src/system_stm32f4xx.d" -MT"Core/Src/system_stm32f4xx.o" --specs=nano.specs -mfpu=fpv4-sp-d16 -mfloat-abi=hard -mthumb -o "Core/Src/system_stm32f4xx.o"
../Core/Src/GameDriver.c: In function 'draw_block':
../Core/Src/GameDriver.c:22:25: warning: implicit declaration of function 'LCD_Draw_Pixel' [-Wimplicit-function-declaration]
   22 |                         LCD_Draw_Pixel(temp_x,temp_y,color);
      |                         ^~~~~~~~~~~~~~
../Core/Src/GameDriver.c: In function 'Game_RNG_Init':
../Core/Src/GameDriver.c:182:9: warning: implicit declaration of function 'HAL_RNG_INIT'; did you mean 'HAL_RNG_Init'? [-Wimplicit-function-declaration]
  182 |         HAL_RNG_INIT(&HRNG);
      |         ^~~~~~~~~~~~
      |         HAL_RNG_Init
arm-none-eabi-gcc -o "EApplebaumFinalProject2.elf" @"objects.list"   -mcpu=cortex-m4 -T"C:\Users\14408\STM32CubeIDE\workspace_1.16.0\ECEN2370_FinalProject\EApplebaumFinalProject2\STM32F429ZITX_FLASH.ld" --specs=nosys.specs -Wl,-Map="EApplebaumFinalProject2.map" -Wl,--gc-sections -static --specs=nano.specs -mfpu=fpv4-sp-d16 -mfloat-abi=hard -mthumb -Wl,--start-group -lc -lm -Wl,--end-group
Finished building target: EApplebaumFinalProject2.elf
 
arm-none-eabi-size  EApplebaumFinalProject2.elf 
arm-none-eabi-objdump -h -S EApplebaumFinalProject2.elf  > "EApplebaumFinalProject2.list"
   text	   data	    bss	    dec	    hex	filename
  13556	     12	   1996	  15564	   3ccc	EApplebaumFinalProject2.elf
Finished building: default.size.stdout
 
Finished building: EApplebaumFinalProject2.list
 
12:41:16 **** Incremental Build of configuration Debug for project EApplebaumFinalProject2 ****
make -j20 all 
arm-none-eabi-gcc "../Core/Src/GameDriver.c" -mcpu=cortex-m4 -std=gnu11 -g3 -DDEBUG -DUSE_HAL_DRIVER -DSTM32F429xx -c -I../Core/Inc -I../Drivers/STM32F4xx_HAL_Driver/Inc -I../Drivers/STM32F4xx_HAL_Driver/Inc/Legacy -I../Drivers/CMSIS/Device/ST/STM32F4xx/Include -I../Drivers/CMSIS/Include -O0 -ffunction-sections -fdata-sections -Wall -fstack-usage -fcyclomatic-complexity -MMD -MP -MF"Core/Src/GameDriver.d" -MT"Core/Src/GameDriver.o" --specs=nano.specs -mfpu=fpv4-sp-d16 -mfloat-abi=hard -mthumb -o "Core/Src/GameDriver.o"
../Core/Src/GameDriver.c: In function 'draw_block':
../Core/Src/GameDriver.c:22:25: warning: implicit declaration of function 'LCD_Draw_Pixel' [-Wimplicit-function-declaration]
   22 |                         LCD_Draw_Pixel(temp_x,temp_y,color);
      |                         ^~~~~~~~~~~~~~
arm-none-eabi-gcc -o "EApplebaumFinalProject2.elf" @"objects.list"   -mcpu=cortex-m4 -T"C:\Users\14408\STM32CubeIDE\workspace_1.16.0\ECEN2370_FinalProject\EApplebaumFinalProject2\STM32F429ZITX_FLASH.ld" --specs=nosys.specs -Wl,-Map="EApplebaumFinalProject2.map" -Wl,--gc-sections -static --specs=nano.specs -mfpu=fpv4-sp-d16 -mfloat-abi=hard -mthumb -Wl,--start-group -lc -lm -Wl,--end-group
Finished building target: EApplebaumFinalProject2.elf
 
arm-none-eabi-size  EApplebaumFinalProject2.elf 
arm-none-eabi-objdump -h -S EApplebaumFinalProject2.elf  > "EApplebaumFinalProject2.list"
   text	   data	    bss	    dec	    hex	filename
  13556	     12	   1996	  15564	   3ccc	EApplebaumFinalProject2.elf
Finished building: default.size.stdout
 
Finished building: EApplebaumFinalProject2.list
 
12:42:53 **** Incremental Build of configuration Debug for project EApplebaumFinalProject2 ****
make -j20 all 
arm-none-eabi-gcc "../Core/Src/ApplicationCode.c" -mcpu=cortex-m4 -std=gnu11 -g3 -DDEBUG -DUSE_HAL_DRIVER -DSTM32F429xx -c -I../Core/Inc -I../Drivers/STM32F4xx_HAL_Driver/Inc -I../Drivers/STM32F4xx_HAL_Driver/Inc/Legacy -I../Drivers/CMSIS/Device/ST/STM32F4xx/Include -I../Drivers/CMSIS/Include -O0 -ffunction-sections -fdata-sections -Wall -fstack-usage -fcyclomatic-complexity -MMD -MP -MF"Core/Src/ApplicationCode.d" -MT"Core/Src/ApplicationCode.o" --specs=nano.specs -mfpu=fpv4-sp-d16 -mfloat-abi=hard -mthumb -o "Core/Src/ApplicationCode.o"
arm-none-eabi-gcc "../Core/Src/GameDriver.c" -mcpu=cortex-m4 -std=gnu11 -g3 -DDEBUG -DUSE_HAL_DRIVER -DSTM32F429xx -c -I../Core/Inc -I../Drivers/STM32F4xx_HAL_Driver/Inc -I../Drivers/STM32F4xx_HAL_Driver/Inc/Legacy -I../Drivers/CMSIS/Device/ST/STM32F4xx/Include -I../Drivers/CMSIS/Include -O0 -ffunction-sections -fdata-sections -Wall -fstack-usage -fcyclomatic-complexity -MMD -MP -MF"Core/Src/GameDriver.d" -MT"Core/Src/GameDriver.o" --specs=nano.specs -mfpu=fpv4-sp-d16 -mfloat-abi=hard -mthumb -o "Core/Src/GameDriver.o"
arm-none-eabi-gcc "../Core/Src/LCD_Driver.c" -mcpu=cortex-m4 -std=gnu11 -g3 -DDEBUG -DUSE_HAL_DRIVER -DSTM32F429xx -c -I../Core/Inc -I../Drivers/STM32F4xx_HAL_Driver/Inc -I../Drivers/STM32F4xx_HAL_Driver/Inc/Legacy -I../Drivers/CMSIS/Device/ST/STM32F4xx/Include -I../Drivers/CMSIS/Include -O0 -ffunction-sections -fdata-sections -Wall -fstack-usage -fcyclomatic-complexity -MMD -MP -MF"Core/Src/LCD_Driver.d" -MT"Core/Src/LCD_Driver.o" --specs=nano.specs -mfpu=fpv4-sp-d16 -mfloat-abi=hard -mthumb -o "Core/Src/LCD_Driver.o"
arm-none-eabi-gcc -o "EApplebaumFinalProject2.elf" @"objects.list"   -mcpu=cortex-m4 -T"C:\Users\14408\STM32CubeIDE\workspace_1.16.0\ECEN2370_FinalProject\EApplebaumFinalProject2\STM32F429ZITX_FLASH.ld" --specs=nosys.specs -Wl,-Map="EApplebaumFinalProject2.map" -Wl,--gc-sections -static --specs=nano.specs -mfpu=fpv4-sp-d16 -mfloat-abi=hard -mthumb -Wl,--start-group -lc -lm -Wl,--end-group
Finished building target: EApplebaumFinalProject2.elf
 
arm-none-eabi-size  EApplebaumFinalProject2.elf 
arm-none-eabi-objdump -h -S EApplebaumFinalProject2.elf  > "EApplebaumFinalProject2.list"
   text	   data	    bss	    dec	    hex	filename
  13556	     12	   1996	  15564	   3ccc	EApplebaumFinalProject2.elf
Finished building: default.size.stdout
 
Finished building: EApplebaumFinalProject2.list
 
12:52:25 **** Incremental Build of configuration Debug for project EApplebaumFinalProject2 ****
make -j20 all 
arm-none-eabi-gcc "../Core/Src/ApplicationCode.c" -mcpu=cortex-m4 -std=gnu11 -g3 -DDEBUG -DUSE_HAL_DRIVER -DSTM32F429xx -c -I../Core/Inc -I../Drivers/STM32F4xx_HAL_Driver/Inc -I../Drivers/STM32F4xx_HAL_Driver/Inc/Legacy -I../Drivers/CMSIS/Device/ST/STM32F4xx/Include -I../Drivers/CMSIS/Include -O0 -ffunction-sections -fdata-sections -Wall -fstack-usage -fcyclomatic-complexity -MMD -MP -MF"Core/Src/ApplicationCode.d" -MT"Core/Src/ApplicationCode.o" --specs=nano.specs -mfpu=fpv4-sp-d16 -mfloat-abi=hard -mthumb -o "Core/Src/ApplicationCode.o"
arm-none-eabi-gcc "../Core/Src/GameDriver.c" -mcpu=cortex-m4 -std=gnu11 -g3 -DDEBUG -DUSE_HAL_DRIVER -DSTM32F429xx -c -I../Core/Inc -I../Drivers/STM32F4xx_HAL_Driver/Inc -I../Drivers/STM32F4xx_HAL_Driver/Inc/Legacy -I../Drivers/CMSIS/Device/ST/STM32F4xx/Include -I../Drivers/CMSIS/Include -O0 -ffunction-sections -fdata-sections -Wall -fstack-usage -fcyclomatic-complexity -MMD -MP -MF"Core/Src/GameDriver.d" -MT"Core/Src/GameDriver.o" --specs=nano.specs -mfpu=fpv4-sp-d16 -mfloat-abi=hard -mthumb -o "Core/Src/GameDriver.o"
In file included from ../Core/Src/GameDriver.c:7:
../Core/Inc/GameDriver.h:21:16: warning: 'translate_pending' defined but not used [-Wunused-variable]
   21 | static uint8_t translate_pending = 0;
      |                ^~~~~~~~~~~~~~~~~
../Core/Inc/GameDriver.h:20:16: warning: 'rotate_pending' defined but not used [-Wunused-variable]
   20 | static uint8_t rotate_pending = 0;
      |                ^~~~~~~~~~~~~~
../Core/Src/ApplicationCode.c: In function 'TIM2_IRQHandler':
../Core/Src/ApplicationCode.c:158:1: warning: implicit declaration of function 'IRQ_Disable' [-Wimplicit-function-declaration]
  158 | IRQ_Disable(TIM2IRQ);
      | ^~~~~~~~~~~
../Core/Src/ApplicationCode.c:158:13: error: 'TIM2IRQ' undeclared (first use in this function); did you mean 'TIM2_IRQn'?
  158 | IRQ_Disable(TIM2IRQ);
      |             ^~~~~~~
      |             TIM2_IRQn
../Core/Src/ApplicationCode.c:158:13: note: each undeclared identifier is reported only once for each function it appears in
../Core/Src/ApplicationCode.c:159:1: warning: implicit declaration of function 'IRQ_Clear'; did you mean 'LCD_Clear'? [-Wimplicit-function-declaration]
  159 | IRQ_Clear(TIM2IRQ);
      | ^~~~~~~~~
      | LCD_Clear
../Core/Src/ApplicationCode.c:161:1: warning: implicit declaration of function 'toggleRedLED' [-Wimplicit-function-declaration]
  161 | toggleRedLED();
      | ^~~~~~~~~~~~
../Core/Src/ApplicationCode.c:163:1: warning: implicit declaration of function 'TIM2Reset' [-Wimplicit-function-declaration]
  163 | TIM2Reset();
      | ^~~~~~~~~
../Core/Src/ApplicationCode.c:164:1: warning: implicit declaration of function 'TIM2Start' [-Wimplicit-function-declaration]
  164 | TIM2Start();
      | ^~~~~~~~~
../Core/Src/ApplicationCode.c:166:1: warning: implicit declaration of function 'IRQ_Enable' [-Wimplicit-function-declaration]
  166 | IRQ_Enable(TIM2IRQ);
      | ^~~~~~~~~~
In file included from ../Core/Inc/ApplicationCode.h:10,
                 from ../Core/Src/ApplicationCode.c:8:
../Core/Inc/GameDriver.h: At top level:
../Core/Inc/GameDriver.h:21:16: warning: 'translate_pending' defined but not used [-Wunused-variable]
   21 | static uint8_t translate_pending = 0;
      |                ^~~~~~~~~~~~~~~~~
../Core/Inc/GameDriver.h:20:16: warning: 'rotate_pending' defined but not used [-Wunused-variable]
   20 | static uint8_t rotate_pending = 0;
      |                ^~~~~~~~~~~~~~
../Core/Inc/GameDriver.h:19:26: warning: 'HRNG' defined but not used [-Wunused-variable]
   19 | static RNG_HandleTypeDef HRNG;
      |                          ^~~~
make: *** [Core/Src/subdir.mk:58: Core/Src/ApplicationCode.o] Error 1
make: *** Waiting for unfinished jobs....
"make -j20 all" terminated with exit code 2. Build might be incomplete.
13:44:11 **** Incremental Build of configuration Debug for project EApplebaumFinalProject2 ****
make -j20 all 
arm-none-eabi-gcc "../Drivers/STM32F4xx_HAL_Driver/Src/stm32f4xx_hal_tim.c" -mcpu=cortex-m4 -std=gnu11 -g3 -DDEBUG -DUSE_HAL_DRIVER -DSTM32F429xx -c -I../Core/Inc -I../Drivers/STM32F4xx_HAL_Driver/Inc -I../Drivers/STM32F4xx_HAL_Driver/Inc/Legacy -I../Drivers/CMSIS/Device/ST/STM32F4xx/Include -I../Drivers/CMSIS/Include -O0 -ffunction-sections -fdata-sections -Wall -fstack-usage -fcyclomatic-complexity -MMD -MP -MF"Drivers/STM32F4xx_HAL_Driver/Src/stm32f4xx_hal_tim.d" -MT"Drivers/STM32F4xx_HAL_Driver/Src/stm32f4xx_hal_tim.o" --specs=nano.specs -mfpu=fpv4-sp-d16 -mfloat-abi=hard -mthumb -o "Drivers/STM32F4xx_HAL_Driver/Src/stm32f4xx_hal_tim.o"
arm-none-eabi-gcc "../Core/Src/ApplicationCode.c" -mcpu=cortex-m4 -std=gnu11 -g3 -DDEBUG -DUSE_HAL_DRIVER -DSTM32F429xx -c -I../Core/Inc -I../Drivers/STM32F4xx_HAL_Driver/Inc -I../Drivers/STM32F4xx_HAL_Driver/Inc/Legacy -I../Drivers/CMSIS/Device/ST/STM32F4xx/Include -I../Drivers/CMSIS/Include -O0 -ffunction-sections -fdata-sections -Wall -fstack-usage -fcyclomatic-complexity -MMD -MP -MF"Core/Src/ApplicationCode.d" -MT"Core/Src/ApplicationCode.o" --specs=nano.specs -mfpu=fpv4-sp-d16 -mfloat-abi=hard -mthumb -o "Core/Src/ApplicationCode.o"
arm-none-eabi-gcc "../Core/Src/Timer_Driver.c" -mcpu=cortex-m4 -std=gnu11 -g3 -DDEBUG -DUSE_HAL_DRIVER -DSTM32F429xx -c -I../Core/Inc -I../Drivers/STM32F4xx_HAL_Driver/Inc -I../Drivers/STM32F4xx_HAL_Driver/Inc/Legacy -I../Drivers/CMSIS/Device/ST/STM32F4xx/Include -I../Drivers/CMSIS/Include -O0 -ffunction-sections -fdata-sections -Wall -fstack-usage -fcyclomatic-complexity -MMD -MP -MF"Core/Src/Timer_Driver.d" -MT"Core/Src/Timer_Driver.o" --specs=nano.specs -mfpu=fpv4-sp-d16 -mfloat-abi=hard -mthumb -o "Core/Src/Timer_Driver.o"
../Core/Src/Timer_Driver.c: In function 'TimerInit':
../Core/Src/Timer_Driver.c:9:9: error: 'Timer' undeclared (first use in this function)
    9 |         Timer.Instance = TIM2;
      |         ^~~~~
../Core/Src/Timer_Driver.c:9:9: note: each undeclared identifier is reported only once for each function it appears in
../Core/Src/Timer_Driver.c:9:26: error: 'TIM2' undeclared (first use in this function)
    9 |         Timer.Instance = TIM2;
      |                          ^~~~
../Core/Src/Timer_Driver.c:11:9: warning: implicit declaration of function '__HAL_RCC_TIM2_CLK_ENABLE' [-Wimplicit-function-declaration]
   11 |         __HAL_RCC_TIM2_CLK_ENABLE();
      |         ^~~~~~~~~~~~~~~~~~~~~~~~~
../Core/Src/Timer_Driver.c:12:9: warning: implicit declaration of function 'HAL_TIM2_Init' [-Wimplicit-function-declaration]
   12 |         HAL_TIM2_Init(&TIM2);
      |         ^~~~~~~~~~~~~
make: *** [Core/Src/subdir.mk:58: Core/Src/Timer_Driver.o] Error 1
make: *** Waiting for unfinished jobs....
In file included from ../Core/Inc/stm32f4xx_hal_conf.h:407,
                 from ../Drivers/STM32F4xx_HAL_Driver/Inc/stm32f4xx_hal.h:29,
                 from ../Core/Inc/LCD_Driver.h:11,
                 from ../Core/Inc/ApplicationCode.h:8,
                 from ../Core/Src/ApplicationCode.c:8:
../Core/Src/ApplicationCode.c: In function 'TIM2_IRQHandler':
../Core/Src/ApplicationCode.c:157:26: error: 'TIMER' undeclared (first use in this function)
  157 |     __HAL_TIM_CLEAR_FLAG(TIMER, TIM_FLAG_CC1);
      |                          ^~~~~
../Drivers/STM32F4xx_HAL_Driver/Inc/stm32f4xx_hal_tim.h:1223:61: note: in definition of macro '__HAL_TIM_CLEAR_FLAG'
 1223 | #define __HAL_TIM_CLEAR_FLAG(__HANDLE__, __FLAG__)        ((__HANDLE__)->Instance->SR = ~(__FLAG__))
      |                                                             ^~~~~~~~~~
../Core/Src/ApplicationCode.c:157:26: note: each undeclared identifier is reported only once for each function it appears in
  157 |     __HAL_TIM_CLEAR_FLAG(TIMER, TIM_FLAG_CC1);
      |                          ^~~~~
../Drivers/STM32F4xx_HAL_Driver/Inc/stm32f4xx_hal_tim.h:1223:61: note: in definition of macro '__HAL_TIM_CLEAR_FLAG'
 1223 | #define __HAL_TIM_CLEAR_FLAG(__HANDLE__, __FLAG__)        ((__HANDLE__)->Instance->SR = ~(__FLAG__))
      |                                                             ^~~~~~~~~~
In file included from ../Core/Inc/ApplicationCode.h:11:
../Core/Inc/Timer_Driver.h: At top level:
../Core/Inc/Timer_Driver.h:12:26: warning: 'Timer' defined but not used [-Wunused-variable]
   12 | static TIM_HandleTypeDef Timer;
      |                          ^~~~~
In file included from ../Core/Inc/ApplicationCode.h:10:
../Core/Inc/GameDriver.h:21:16: warning: 'translate_pending' defined but not used [-Wunused-variable]
   21 | static uint8_t translate_pending = 0;
      |                ^~~~~~~~~~~~~~~~~
../Core/Inc/GameDriver.h:20:16: warning: 'rotate_pending' defined but not used [-Wunused-variable]
   20 | static uint8_t rotate_pending = 0;
      |                ^~~~~~~~~~~~~~
../Core/Inc/GameDriver.h:19:26: warning: 'HRNG' defined but not used [-Wunused-variable]
   19 | static RNG_HandleTypeDef HRNG;
      |                          ^~~~
make: *** [Core/Src/subdir.mk:58: Core/Src/ApplicationCode.o] Error 1
"make -j20 all" terminated with exit code 2. Build might be incomplete.
13:44:46 **** Incremental Build of configuration Debug for project EApplebaumFinalProject2 ****
make -j20 all 
arm-none-eabi-gcc "../Core/Src/ApplicationCode.c" -mcpu=cortex-m4 -std=gnu11 -g3 -DDEBUG -DUSE_HAL_DRIVER -DSTM32F429xx -c -I../Core/Inc -I../Drivers/STM32F4xx_HAL_Driver/Inc -I../Drivers/STM32F4xx_HAL_Driver/Inc/Legacy -I../Drivers/CMSIS/Device/ST/STM32F4xx/Include -I../Drivers/CMSIS/Include -O0 -ffunction-sections -fdata-sections -Wall -fstack-usage -fcyclomatic-complexity -MMD -MP -MF"Core/Src/ApplicationCode.d" -MT"Core/Src/ApplicationCode.o" --specs=nano.specs -mfpu=fpv4-sp-d16 -mfloat-abi=hard -mthumb -o "Core/Src/ApplicationCode.o"
arm-none-eabi-gcc "../Core/Src/Timer_Driver.c" -mcpu=cortex-m4 -std=gnu11 -g3 -DDEBUG -DUSE_HAL_DRIVER -DSTM32F429xx -c -I../Core/Inc -I../Drivers/STM32F4xx_HAL_Driver/Inc -I../Drivers/STM32F4xx_HAL_Driver/Inc/Legacy -I../Drivers/CMSIS/Device/ST/STM32F4xx/Include -I../Drivers/CMSIS/Include -O0 -ffunction-sections -fdata-sections -Wall -fstack-usage -fcyclomatic-complexity -MMD -MP -MF"Core/Src/Timer_Driver.d" -MT"Core/Src/Timer_Driver.o" --specs=nano.specs -mfpu=fpv4-sp-d16 -mfloat-abi=hard -mthumb -o "Core/Src/Timer_Driver.o"
../Core/Src/Timer_Driver.c: In function 'TimerInit':
../Core/Src/Timer_Driver.c:12:9: warning: implicit declaration of function 'HAL_TIM2_Init'; did you mean 'HAL_TIM_IC_Init'? [-Wimplicit-function-declaration]
   12 |         HAL_TIM2_Init(&TIM2);
      |         ^~~~~~~~~~~~~
      |         HAL_TIM_IC_Init
../Core/Src/Timer_Driver.c:12:23: error: lvalue required as unary '&' operand
   12 |         HAL_TIM2_Init(&TIM2);
      |                       ^
In file included from ../Core/Inc/stm32f4xx_hal_conf.h:407,
                 from ../Drivers/STM32F4xx_HAL_Driver/Inc/stm32f4xx_hal.h:29,
                 from ../Core/Inc/LCD_Driver.h:11,
                 from ../Core/Inc/ApplicationCode.h:8,
                 from ../Core/Src/ApplicationCode.c:8:
../Core/Src/ApplicationCode.c: In function 'TIM2_IRQHandler':
../Core/Src/ApplicationCode.c:157:26: error: 'TIMER' undeclared (first use in this function)
  157 |     __HAL_TIM_CLEAR_FLAG(TIMER, TIM_FLAG_CC1);
      |                          ^~~~~
../Drivers/STM32F4xx_HAL_Driver/Inc/stm32f4xx_hal_tim.h:1223:61: note: in definition of macro '__HAL_TIM_CLEAR_FLAG'
 1223 | #define __HAL_TIM_CLEAR_FLAG(__HANDLE__, __FLAG__)        ((__HANDLE__)->Instance->SR = ~(__FLAG__))
      |                                                             ^~~~~~~~~~
../Core/Src/ApplicationCode.c:157:26: note: each undeclared identifier is reported only once for each function it appears in
  157 |     __HAL_TIM_CLEAR_FLAG(TIMER, TIM_FLAG_CC1);
      |                          ^~~~~
../Drivers/STM32F4xx_HAL_Driver/Inc/stm32f4xx_hal_tim.h:1223:61: note: in definition of macro '__HAL_TIM_CLEAR_FLAG'
 1223 | #define __HAL_TIM_CLEAR_FLAG(__HANDLE__, __FLAG__)        ((__HANDLE__)->Instance->SR = ~(__FLAG__))
      |                                                             ^~~~~~~~~~
In file included from ../Core/Inc/ApplicationCode.h:11:
../Core/Inc/Timer_Driver.h: At top level:
../Core/Inc/Timer_Driver.h:12:26: warning: 'Timer' defined but not used [-Wunused-variable]
   12 | static TIM_HandleTypeDef Timer;
      |                          ^~~~~
In file included from ../Core/Inc/ApplicationCode.h:10:
../Core/Inc/GameDriver.h:21:16: warning: 'translate_pending' defined but not used [-Wunused-variable]
   21 | static uint8_t translate_pending = 0;
      |                ^~~~~~~~~~~~~~~~~
../Core/Inc/GameDriver.h:20:16: warning: 'rotate_pending' defined but not used [-Wunused-variable]
   20 | static uint8_t rotate_pending = 0;
      |                ^~~~~~~~~~~~~~
../Core/Inc/GameDriver.h:19:26: warning: 'HRNG' defined but not used [-Wunused-variable]
   19 | static RNG_HandleTypeDef HRNG;
      |                          ^~~~
make: *** [Core/Src/subdir.mk:58: Core/Src/Timer_Driver.o] Error 1
make: *** Waiting for unfinished jobs....
make: *** [Core/Src/subdir.mk:58: Core/Src/ApplicationCode.o] Error 1
"make -j20 all" terminated with exit code 2. Build might be incomplete.
13:45:28 **** Incremental Build of configuration Debug for project EApplebaumFinalProject2 ****
make -j20 all 
arm-none-eabi-gcc "../Core/Src/ApplicationCode.c" -mcpu=cortex-m4 -std=gnu11 -g3 -DDEBUG -DUSE_HAL_DRIVER -DSTM32F429xx -c -I../Core/Inc -I../Drivers/STM32F4xx_HAL_Driver/Inc -I../Drivers/STM32F4xx_HAL_Driver/Inc/Legacy -I../Drivers/CMSIS/Device/ST/STM32F4xx/Include -I../Drivers/CMSIS/Include -O0 -ffunction-sections -fdata-sections -Wall -fstack-usage -fcyclomatic-complexity -MMD -MP -MF"Core/Src/ApplicationCode.d" -MT"Core/Src/ApplicationCode.o" --specs=nano.specs -mfpu=fpv4-sp-d16 -mfloat-abi=hard -mthumb -o "Core/Src/ApplicationCode.o"
arm-none-eabi-gcc "../Core/Src/Timer_Driver.c" -mcpu=cortex-m4 -std=gnu11 -g3 -DDEBUG -DUSE_HAL_DRIVER -DSTM32F429xx -c -I../Core/Inc -I../Drivers/STM32F4xx_HAL_Driver/Inc -I../Drivers/STM32F4xx_HAL_Driver/Inc/Legacy -I../Drivers/CMSIS/Device/ST/STM32F4xx/Include -I../Drivers/CMSIS/Include -O0 -ffunction-sections -fdata-sections -Wall -fstack-usage -fcyclomatic-complexity -MMD -MP -MF"Core/Src/Timer_Driver.d" -MT"Core/Src/Timer_Driver.o" --specs=nano.specs -mfpu=fpv4-sp-d16 -mfloat-abi=hard -mthumb -o "Core/Src/Timer_Driver.o"
../Core/Src/Timer_Driver.c: In function 'TimerInit':
../Core/Src/Timer_Driver.c:12:9: warning: implicit declaration of function 'HAL_TIM2_Init'; did you mean 'HAL_TIM_IC_Init'? [-Wimplicit-function-declaration]
   12 |         HAL_TIM2_Init(&Timer);
      |         ^~~~~~~~~~~~~
      |         HAL_TIM_IC_Init
In file included from ../Core/Inc/stm32f4xx_hal_conf.h:407,
                 from ../Drivers/STM32F4xx_HAL_Driver/Inc/stm32f4xx_hal.h:29,
                 from ../Core/Inc/LCD_Driver.h:11,
                 from ../Core/Inc/ApplicationCode.h:8,
                 from ../Core/Src/ApplicationCode.c:8:
../Core/Src/ApplicationCode.c: In function 'TIM2_IRQHandler':
../Core/Src/ApplicationCode.c:157:26: error: 'TIMER' undeclared (first use in this function)
  157 |     __HAL_TIM_CLEAR_FLAG(TIMER, TIM_FLAG_CC1);
      |                          ^~~~~
../Drivers/STM32F4xx_HAL_Driver/Inc/stm32f4xx_hal_tim.h:1223:61: note: in definition of macro '__HAL_TIM_CLEAR_FLAG'
 1223 | #define __HAL_TIM_CLEAR_FLAG(__HANDLE__, __FLAG__)        ((__HANDLE__)->Instance->SR = ~(__FLAG__))
      |                                                             ^~~~~~~~~~
../Core/Src/ApplicationCode.c:157:26: note: each undeclared identifier is reported only once for each function it appears in
  157 |     __HAL_TIM_CLEAR_FLAG(TIMER, TIM_FLAG_CC1);
      |                          ^~~~~
../Drivers/STM32F4xx_HAL_Driver/Inc/stm32f4xx_hal_tim.h:1223:61: note: in definition of macro '__HAL_TIM_CLEAR_FLAG'
 1223 | #define __HAL_TIM_CLEAR_FLAG(__HANDLE__, __FLAG__)        ((__HANDLE__)->Instance->SR = ~(__FLAG__))
      |                                                             ^~~~~~~~~~
In file included from ../Core/Inc/ApplicationCode.h:11:
../Core/Inc/Timer_Driver.h: At top level:
../Core/Inc/Timer_Driver.h:12:26: warning: 'Timer' defined but not used [-Wunused-variable]
   12 | static TIM_HandleTypeDef Timer;
      |                          ^~~~~
In file included from ../Core/Inc/ApplicationCode.h:10:
../Core/Inc/GameDriver.h:21:16: warning: 'translate_pending' defined but not used [-Wunused-variable]
   21 | static uint8_t translate_pending = 0;
      |                ^~~~~~~~~~~~~~~~~
../Core/Inc/GameDriver.h:20:16: warning: 'rotate_pending' defined but not used [-Wunused-variable]
   20 | static uint8_t rotate_pending = 0;
      |                ^~~~~~~~~~~~~~
../Core/Inc/GameDriver.h:19:26: warning: 'HRNG' defined but not used [-Wunused-variable]
   19 | static RNG_HandleTypeDef HRNG;
      |                          ^~~~
make: *** [Core/Src/subdir.mk:58: Core/Src/ApplicationCode.o] Error 1
make: *** Waiting for unfinished jobs....
"make -j20 all" terminated with exit code 2. Build might be incomplete.
13:45:42 **** Incremental Build of configuration Debug for project EApplebaumFinalProject2 ****
make -j20 all 
arm-none-eabi-gcc "../Core/Src/ApplicationCode.c" -mcpu=cortex-m4 -std=gnu11 -g3 -DDEBUG -DUSE_HAL_DRIVER -DSTM32F429xx -c -I../Core/Inc -I../Drivers/STM32F4xx_HAL_Driver/Inc -I../Drivers/STM32F4xx_HAL_Driver/Inc/Legacy -I../Drivers/CMSIS/Device/ST/STM32F4xx/Include -I../Drivers/CMSIS/Include -O0 -ffunction-sections -fdata-sections -Wall -fstack-usage -fcyclomatic-complexity -MMD -MP -MF"Core/Src/ApplicationCode.d" -MT"Core/Src/ApplicationCode.o" --specs=nano.specs -mfpu=fpv4-sp-d16 -mfloat-abi=hard -mthumb -o "Core/Src/ApplicationCode.o"
arm-none-eabi-gcc "../Core/Src/Timer_Driver.c" -mcpu=cortex-m4 -std=gnu11 -g3 -DDEBUG -DUSE_HAL_DRIVER -DSTM32F429xx -c -I../Core/Inc -I../Drivers/STM32F4xx_HAL_Driver/Inc -I../Drivers/STM32F4xx_HAL_Driver/Inc/Legacy -I../Drivers/CMSIS/Device/ST/STM32F4xx/Include -I../Drivers/CMSIS/Include -O0 -ffunction-sections -fdata-sections -Wall -fstack-usage -fcyclomatic-complexity -MMD -MP -MF"Core/Src/Timer_Driver.d" -MT"Core/Src/Timer_Driver.o" --specs=nano.specs -mfpu=fpv4-sp-d16 -mfloat-abi=hard -mthumb -o "Core/Src/Timer_Driver.o"
In file included from ../Core/Inc/stm32f4xx_hal_conf.h:407,
                 from ../Drivers/STM32F4xx_HAL_Driver/Inc/stm32f4xx_hal.h:29,
                 from ../Core/Inc/LCD_Driver.h:11,
                 from ../Core/Inc/ApplicationCode.h:8,
                 from ../Core/Src/ApplicationCode.c:8:
../Core/Src/ApplicationCode.c: In function 'TIM2_IRQHandler':
../Core/Src/ApplicationCode.c:157:26: error: 'TIMER' undeclared (first use in this function)
  157 |     __HAL_TIM_CLEAR_FLAG(TIMER, TIM_FLAG_CC1);
      |                          ^~~~~
../Drivers/STM32F4xx_HAL_Driver/Inc/stm32f4xx_hal_tim.h:1223:61: note: in definition of macro '__HAL_TIM_CLEAR_FLAG'
 1223 | #define __HAL_TIM_CLEAR_FLAG(__HANDLE__, __FLAG__)        ((__HANDLE__)->Instance->SR = ~(__FLAG__))
      |                                                             ^~~~~~~~~~
../Core/Src/ApplicationCode.c:157:26: note: each undeclared identifier is reported only once for each function it appears in
  157 |     __HAL_TIM_CLEAR_FLAG(TIMER, TIM_FLAG_CC1);
      |                          ^~~~~
../Drivers/STM32F4xx_HAL_Driver/Inc/stm32f4xx_hal_tim.h:1223:61: note: in definition of macro '__HAL_TIM_CLEAR_FLAG'
 1223 | #define __HAL_TIM_CLEAR_FLAG(__HANDLE__, __FLAG__)        ((__HANDLE__)->Instance->SR = ~(__FLAG__))
      |                                                             ^~~~~~~~~~
In file included from ../Core/Inc/ApplicationCode.h:11:
../Core/Inc/Timer_Driver.h: At top level:
../Core/Inc/Timer_Driver.h:12:26: warning: 'Timer' defined but not used [-Wunused-variable]
   12 | static TIM_HandleTypeDef Timer;
      |                          ^~~~~
In file included from ../Core/Inc/ApplicationCode.h:10:
../Core/Inc/GameDriver.h:21:16: warning: 'translate_pending' defined but not used [-Wunused-variable]
   21 | static uint8_t translate_pending = 0;
      |                ^~~~~~~~~~~~~~~~~
../Core/Inc/GameDriver.h:20:16: warning: 'rotate_pending' defined but not used [-Wunused-variable]
   20 | static uint8_t rotate_pending = 0;
      |                ^~~~~~~~~~~~~~
../Core/Inc/GameDriver.h:19:26: warning: 'HRNG' defined but not used [-Wunused-variable]
   19 | static RNG_HandleTypeDef HRNG;
      |                          ^~~~
make: *** [Core/Src/subdir.mk:58: Core/Src/ApplicationCode.o] Error 1
make: *** Waiting for unfinished jobs....
"make -j20 all" terminated with exit code 2. Build might be incomplete.
13:47:16 **** Incremental Build of configuration Debug for project EApplebaumFinalProject2 ****
make -j20 all 
arm-none-eabi-gcc "../Core/Src/ApplicationCode.c" -mcpu=cortex-m4 -std=gnu11 -g3 -DDEBUG -DUSE_HAL_DRIVER -DSTM32F429xx -c -I../Core/Inc -I../Drivers/STM32F4xx_HAL_Driver/Inc -I../Drivers/STM32F4xx_HAL_Driver/Inc/Legacy -I../Drivers/CMSIS/Device/ST/STM32F4xx/Include -I../Drivers/CMSIS/Include -O0 -ffunction-sections -fdata-sections -Wall -fstack-usage -fcyclomatic-complexity -MMD -MP -MF"Core/Src/ApplicationCode.d" -MT"Core/Src/ApplicationCode.o" --specs=nano.specs -mfpu=fpv4-sp-d16 -mfloat-abi=hard -mthumb -o "Core/Src/ApplicationCode.o"
In file included from ../Core/Inc/stm32f4xx_hal_conf.h:407,
                 from ../Drivers/STM32F4xx_HAL_Driver/Inc/stm32f4xx_hal.h:29,
                 from ../Core/Inc/LCD_Driver.h:11,
                 from ../Core/Inc/ApplicationCode.h:8,
                 from ../Core/Src/ApplicationCode.c:8:
../Core/Src/ApplicationCode.c: In function 'TIM2_IRQHandler':
../Drivers/STM32F4xx_HAL_Driver/Inc/stm32f4xx_hal_tim.h:1223:72: error: invalid type argument of '->' (have 'TIM_HandleTypeDef')
 1223 | #define __HAL_TIM_CLEAR_FLAG(__HANDLE__, __FLAG__)        ((__HANDLE__)->Instance->SR = ~(__FLAG__))
      |                                                                        ^~
../Core/Src/ApplicationCode.c:157:5: note: in expansion of macro '__HAL_TIM_CLEAR_FLAG'
  157 |     __HAL_TIM_CLEAR_FLAG(Timer, TIM_FLAG_CC1);
      |     ^~~~~~~~~~~~~~~~~~~~
In file included from ../Core/Inc/ApplicationCode.h:10:
../Core/Inc/GameDriver.h: At top level:
../Core/Inc/GameDriver.h:21:16: warning: 'translate_pending' defined but not used [-Wunused-variable]
   21 | static uint8_t translate_pending = 0;
      |                ^~~~~~~~~~~~~~~~~
../Core/Inc/GameDriver.h:20:16: warning: 'rotate_pending' defined but not used [-Wunused-variable]
   20 | static uint8_t rotate_pending = 0;
      |                ^~~~~~~~~~~~~~
../Core/Inc/GameDriver.h:19:26: warning: 'HRNG' defined but not used [-Wunused-variable]
   19 | static RNG_HandleTypeDef HRNG;
      |                          ^~~~
make: *** [Core/Src/subdir.mk:58: Core/Src/ApplicationCode.o] Error 1
"make -j20 all" terminated with exit code 2. Build might be incomplete.
13:49:33 **** Incremental Build of configuration Debug for project EApplebaumFinalProject2 ****
make -j20 all 
arm-none-eabi-gcc "../Core/Src/ApplicationCode.c" -mcpu=cortex-m4 -std=gnu11 -g3 -DDEBUG -DUSE_HAL_DRIVER -DSTM32F429xx -c -I../Core/Inc -I../Drivers/STM32F4xx_HAL_Driver/Inc -I../Drivers/STM32F4xx_HAL_Driver/Inc/Legacy -I../Drivers/CMSIS/Device/ST/STM32F4xx/Include -I../Drivers/CMSIS/Include -O0 -ffunction-sections -fdata-sections -Wall -fstack-usage -fcyclomatic-complexity -MMD -MP -MF"Core/Src/ApplicationCode.d" -MT"Core/Src/ApplicationCode.o" --specs=nano.specs -mfpu=fpv4-sp-d16 -mfloat-abi=hard -mthumb -o "Core/Src/ApplicationCode.o"
In file included from ../Core/Inc/ApplicationCode.h:10,
                 from ../Core/Src/ApplicationCode.c:8:
../Core/Inc/GameDriver.h:21:16: warning: 'translate_pending' defined but not used [-Wunused-variable]
   21 | static uint8_t translate_pending = 0;
      |                ^~~~~~~~~~~~~~~~~
../Core/Inc/GameDriver.h:20:16: warning: 'rotate_pending' defined but not used [-Wunused-variable]
   20 | static uint8_t rotate_pending = 0;
      |                ^~~~~~~~~~~~~~
../Core/Inc/GameDriver.h:19:26: warning: 'HRNG' defined but not used [-Wunused-variable]
   19 | static RNG_HandleTypeDef HRNG;
      |                          ^~~~
arm-none-eabi-gcc -o "EApplebaumFinalProject2.elf" @"objects.list"   -mcpu=cortex-m4 -T"C:\Users\14408\STM32CubeIDE\workspace_1.16.0\ECEN2370_FinalProject\EApplebaumFinalProject2\STM32F429ZITX_FLASH.ld" --specs=nosys.specs -Wl,-Map="EApplebaumFinalProject2.map" -Wl,--gc-sections -static --specs=nano.specs -mfpu=fpv4-sp-d16 -mfloat-abi=hard -mthumb -Wl,--start-group -lc -lm -Wl,--end-group
C:/ST/STM32CubeIDE_1.16.0/STM32CubeIDE/plugins/com.st.stm32cube.ide.mcu.externaltools.gnu-tools-for-stm32.12.3.rel1.win32_1.0.200.202406191623/tools/bin/../lib/gcc/arm-none-eabi/12.3.1/../../../../arm-none-eabi/bin/ld.exe: ./Core/Src/GameDriver.o:C:/Users/14408/STM32CubeIDE/workspace_1.16.0/ECEN2370_FinalProject/EApplebaumFinalProject2/Debug/../Core/Inc/GameDriver.h:25: multiple definition of `tetrominoes'; ./Core/Src/ApplicationCode.o:C:/Users/14408/STM32CubeIDE/workspace_1.16.0/ECEN2370_FinalProject/EApplebaumFinalProject2/Debug/../Core/Inc/GameDriver.h:25: first defined here
C:/ST/STM32CubeIDE_1.16.0/STM32CubeIDE/plugins/com.st.stm32cube.ide.mcu.externaltools.gnu-tools-for-stm32.12.3.rel1.win32_1.0.200.202406191623/tools/bin/../lib/gcc/arm-none-eabi/12.3.1/../../../../arm-none-eabi/bin/ld.exe: ./Core/Src/GameDriver.o:C:/Users/14408/STM32CubeIDE/workspace_1.16.0/ECEN2370_FinalProject/EApplebaumFinalProject2/Debug/../Core/Inc/GameDriver.h:77: multiple definition of `board'; ./Core/Src/ApplicationCode.o:C:/Users/14408/STM32CubeIDE/workspace_1.16.0/ECEN2370_FinalProject/EApplebaumFinalProject2/Debug/../Core/Inc/GameDriver.h:77: first defined here
C:/ST/STM32CubeIDE_1.16.0/STM32CubeIDE/plugins/com.st.stm32cube.ide.mcu.externaltools.gnu-tools-for-stm32.12.3.rel1.win32_1.0.200.202406191623/tools/bin/../lib/gcc/arm-none-eabi/12.3.1/../../../../arm-none-eabi/bin/ld.exe: ./Core/Src/GameDriver.o:C:/Users/14408/STM32CubeIDE/workspace_1.16.0/ECEN2370_FinalProject/EApplebaumFinalProject2/Debug/../Core/Inc/GameDriver.h:96: multiple definition of `current_tetromino'; ./Core/Src/ApplicationCode.o:C:/Users/14408/STM32CubeIDE/workspace_1.16.0/ECEN2370_FinalProject/EApplebaumFinalProject2/Debug/../Core/Inc/GameDriver.h:96: first defined here
C:/ST/STM32CubeIDE_1.16.0/STM32CubeIDE/plugins/com.st.stm32cube.ide.mcu.externaltools.gnu-tools-for-stm32.12.3.rel1.win32_1.0.200.202406191623/tools/bin/../lib/gcc/arm-none-eabi/12.3.1/../../../../arm-none-eabi/bin/ld.exe: ./Core/Src/GameDriver.o:C:/Users/14408/STM32CubeIDE/workspace_1.16.0/ECEN2370_FinalProject/EApplebaumFinalProject2/Debug/../Core/Inc/GameDriver.h:97: multiple definition of `current_x'; ./Core/Src/ApplicationCode.o:C:/Users/14408/STM32CubeIDE/workspace_1.16.0/ECEN2370_FinalProject/EApplebaumFinalProject2/Debug/../Core/Inc/GameDriver.h:97: first defined here
C:/ST/STM32CubeIDE_1.16.0/STM32CubeIDE/plugins/com.st.stm32cube.ide.mcu.externaltools.gnu-tools-for-stm32.12.3.rel1.win32_1.0.200.202406191623/tools/bin/../lib/gcc/arm-none-eabi/12.3.1/../../../../arm-none-eabi/bin/ld.exe: ./Core/Src/GameDriver.o:C:/Users/14408/STM32CubeIDE/workspace_1.16.0/ECEN2370_FinalProject/EApplebaumFinalProject2/Debug/../Core/Inc/GameDriver.h:97: multiple definition of `current_y'; ./Core/Src/ApplicationCode.o:C:/Users/14408/STM32CubeIDE/workspace_1.16.0/ECEN2370_FinalProject/EApplebaumFinalProject2/Debug/../Core/Inc/GameDriver.h:97: first defined here
C:/ST/STM32CubeIDE_1.16.0/STM32CubeIDE/plugins/com.st.stm32cube.ide.mcu.externaltools.gnu-tools-for-stm32.12.3.rel1.win32_1.0.200.202406191623/tools/bin/../lib/gcc/arm-none-eabi/12.3.1/../../../../arm-none-eabi/bin/ld.exe: ./Core/Src/GameDriver.o:C:/Users/14408/STM32CubeIDE/workspace_1.16.0/ECEN2370_FinalProject/EApplebaumFinalProject2/Debug/../Core/Inc/GameDriver.h:98: multiple definition of `current_rotation'; ./Core/Src/ApplicationCode.o:C:/Users/14408/STM32CubeIDE/workspace_1.16.0/ECEN2370_FinalProject/EApplebaumFinalProject2/Debug/../Core/Inc/GameDriver.h:98: first defined here
C:/ST/STM32CubeIDE_1.16.0/STM32CubeIDE/plugins/com.st.stm32cube.ide.mcu.externaltools.gnu-tools-for-stm32.12.3.rel1.win32_1.0.200.202406191623/tools/bin/../lib/gcc/arm-none-eabi/12.3.1/../../../../arm-none-eabi/bin/ld.exe: ./Core/Src/GameDriver.o:C:/Users/14408/STM32CubeIDE/workspace_1.16.0/ECEN2370_FinalProject/EApplebaumFinalProject2/Debug/../Core/Inc/GameDriver.h:99: multiple definition of `current_type'; ./Core/Src/ApplicationCode.o:C:/Users/14408/STM32CubeIDE/workspace_1.16.0/ECEN2370_FinalProject/EApplebaumFinalProject2/Debug/../Core/Inc/GameDriver.h:99: first defined here
C:/ST/STM32CubeIDE_1.16.0/STM32CubeIDE/plugins/com.st.stm32cube.ide.mcu.externaltools.gnu-tools-for-stm32.12.3.rel1.win32_1.0.200.202406191623/tools/bin/../lib/gcc/arm-none-eabi/12.3.1/../../../../arm-none-eabi/bin/ld.exe: ./Core/Src/GameDriver.o:C:/Users/14408/STM32CubeIDE/workspace_1.16.0/ECEN2370_FinalProject/EApplebaumFinalProject2/Debug/../Core/Inc/GameDriver.h:100: multiple definition of `score'; ./Core/Src/ApplicationCode.o:C:/Users/14408/STM32CubeIDE/workspace_1.16.0/ECEN2370_FinalProject/EApplebaumFinalProject2/Debug/../Core/Inc/GameDriver.h:100: first defined here
collect2.exe: error: ld returned 1 exit status
make: *** [makefile:64: EApplebaumFinalProject2.elf] Error 1
"make -j20 all" terminated with exit code 2. Build might be incomplete.
13:53:54 **** Incremental Build of configuration Debug for project EApplebaumFinalProject2 ****
make -j20 all 
arm-none-eabi-gcc "../Core/Src/ApplicationCode.c" -mcpu=cortex-m4 -std=gnu11 -g3 -DDEBUG -DUSE_HAL_DRIVER -DSTM32F429xx -c -I../Core/Inc -I../Drivers/STM32F4xx_HAL_Driver/Inc -I../Drivers/STM32F4xx_HAL_Driver/Inc/Legacy -I../Drivers/CMSIS/Device/ST/STM32F4xx/Include -I../Drivers/CMSIS/Include -O0 -ffunction-sections -fdata-sections -Wall -fstack-usage -fcyclomatic-complexity -MMD -MP -MF"Core/Src/ApplicationCode.d" -MT"Core/Src/ApplicationCode.o" --specs=nano.specs -mfpu=fpv4-sp-d16 -mfloat-abi=hard -mthumb -o "Core/Src/ApplicationCode.o"
arm-none-eabi-gcc "../Core/Src/GameDriver.c" -mcpu=cortex-m4 -std=gnu11 -g3 -DDEBUG -DUSE_HAL_DRIVER -DSTM32F429xx -c -I../Core/Inc -I../Drivers/STM32F4xx_HAL_Driver/Inc -I../Drivers/STM32F4xx_HAL_Driver/Inc/Legacy -I../Drivers/CMSIS/Device/ST/STM32F4xx/Include -I../Drivers/CMSIS/Include -O0 -ffunction-sections -fdata-sections -Wall -fstack-usage -fcyclomatic-complexity -MMD -MP -MF"Core/Src/GameDriver.d" -MT"Core/Src/GameDriver.o" --specs=nano.specs -mfpu=fpv4-sp-d16 -mfloat-abi=hard -mthumb -o "Core/Src/GameDriver.o"
In file included from ../Core/Src/GameDriver.c:7:
../Core/Inc/GameDriver.h:21:16: warning: 'translate_pending' defined but not used [-Wunused-variable]
   21 | static uint8_t translate_pending = 0;
      |                ^~~~~~~~~~~~~~~~~
../Core/Inc/GameDriver.h:20:16: warning: 'rotate_pending' defined but not used [-Wunused-variable]
   20 | static uint8_t rotate_pending = 0;
      |                ^~~~~~~~~~~~~~
In file included from ../Core/Inc/ApplicationCode.h:10,
                 from ../Core/Src/ApplicationCode.c:8:
../Core/Inc/GameDriver.h:21:16: warning: 'translate_pending' defined but not used [-Wunused-variable]
   21 | static uint8_t translate_pending = 0;
      |                ^~~~~~~~~~~~~~~~~
../Core/Inc/GameDriver.h:20:16: warning: 'rotate_pending' defined but not used [-Wunused-variable]
   20 | static uint8_t rotate_pending = 0;
      |                ^~~~~~~~~~~~~~
../Core/Inc/GameDriver.h:19:26: warning: 'HRNG' defined but not used [-Wunused-variable]
   19 | static RNG_HandleTypeDef HRNG;
      |                          ^~~~
arm-none-eabi-gcc -o "EApplebaumFinalProject2.elf" @"objects.list"   -mcpu=cortex-m4 -T"C:\Users\14408\STM32CubeIDE\workspace_1.16.0\ECEN2370_FinalProject\EApplebaumFinalProject2\STM32F429ZITX_FLASH.ld" --specs=nosys.specs -Wl,-Map="EApplebaumFinalProject2.map" -Wl,--gc-sections -static --specs=nano.specs -mfpu=fpv4-sp-d16 -mfloat-abi=hard -mthumb -Wl,--start-group -lc -lm -Wl,--end-group
C:/ST/STM32CubeIDE_1.16.0/STM32CubeIDE/plugins/com.st.stm32cube.ide.mcu.externaltools.gnu-tools-for-stm32.12.3.rel1.win32_1.0.200.202406191623/tools/bin/../lib/gcc/arm-none-eabi/12.3.1/../../../../arm-none-eabi/bin/ld.exe: ./Core/Src/GameDriver.o:C:/Users/14408/STM32CubeIDE/workspace_1.16.0/ECEN2370_FinalProject/EApplebaumFinalProject2/Debug/../Core/Inc/GameDriver.h:25: multiple definition of `tetrominoes'; ./Core/Src/ApplicationCode.o:C:/Users/14408/STM32CubeIDE/workspace_1.16.0/ECEN2370_FinalProject/EApplebaumFinalProject2/Debug/../Core/Inc/GameDriver.h:25: first defined here
C:/ST/STM32CubeIDE_1.16.0/STM32CubeIDE/plugins/com.st.stm32cube.ide.mcu.externaltools.gnu-tools-for-stm32.12.3.rel1.win32_1.0.200.202406191623/tools/bin/../lib/gcc/arm-none-eabi/12.3.1/../../../../arm-none-eabi/bin/ld.exe: ./Core/Src/GameDriver.o:C:/Users/14408/STM32CubeIDE/workspace_1.16.0/ECEN2370_FinalProject/EApplebaumFinalProject2/Debug/../Core/Inc/GameDriver.h:77: multiple definition of `board'; ./Core/Src/ApplicationCode.o:C:/Users/14408/STM32CubeIDE/workspace_1.16.0/ECEN2370_FinalProject/EApplebaumFinalProject2/Debug/../Core/Inc/GameDriver.h:77: first defined here
C:/ST/STM32CubeIDE_1.16.0/STM32CubeIDE/plugins/com.st.stm32cube.ide.mcu.externaltools.gnu-tools-for-stm32.12.3.rel1.win32_1.0.200.202406191623/tools/bin/../lib/gcc/arm-none-eabi/12.3.1/../../../../arm-none-eabi/bin/ld.exe: ./Core/Src/GameDriver.o:C:/Users/14408/STM32CubeIDE/workspace_1.16.0/ECEN2370_FinalProject/EApplebaumFinalProject2/Debug/../Core/Inc/GameDriver.h:96: multiple definition of `current_tetromino'; ./Core/Src/ApplicationCode.o:C:/Users/14408/STM32CubeIDE/workspace_1.16.0/ECEN2370_FinalProject/EApplebaumFinalProject2/Debug/../Core/Inc/GameDriver.h:96: first defined here
C:/ST/STM32CubeIDE_1.16.0/STM32CubeIDE/plugins/com.st.stm32cube.ide.mcu.externaltools.gnu-tools-for-stm32.12.3.rel1.win32_1.0.200.202406191623/tools/bin/../lib/gcc/arm-none-eabi/12.3.1/../../../../arm-none-eabi/bin/ld.exe: ./Core/Src/GameDriver.o:C:/Users/14408/STM32CubeIDE/workspace_1.16.0/ECEN2370_FinalProject/EApplebaumFinalProject2/Debug/../Core/Inc/GameDriver.h:97: multiple definition of `current_x'; ./Core/Src/ApplicationCode.o:C:/Users/14408/STM32CubeIDE/workspace_1.16.0/ECEN2370_FinalProject/EApplebaumFinalProject2/Debug/../Core/Inc/GameDriver.h:97: first defined here
C:/ST/STM32CubeIDE_1.16.0/STM32CubeIDE/plugins/com.st.stm32cube.ide.mcu.externaltools.gnu-tools-for-stm32.12.3.rel1.win32_1.0.200.202406191623/tools/bin/../lib/gcc/arm-none-eabi/12.3.1/../../../../arm-none-eabi/bin/ld.exe: ./Core/Src/GameDriver.o:C:/Users/14408/STM32CubeIDE/workspace_1.16.0/ECEN2370_FinalProject/EApplebaumFinalProject2/Debug/../Core/Inc/GameDriver.h:98: multiple definition of `current_y'; ./Core/Src/ApplicationCode.o:C:/Users/14408/STM32CubeIDE/workspace_1.16.0/ECEN2370_FinalProject/EApplebaumFinalProject2/Debug/../Core/Inc/GameDriver.h:98: first defined here
C:/ST/STM32CubeIDE_1.16.0/STM32CubeIDE/plugins/com.st.stm32cube.ide.mcu.externaltools.gnu-tools-for-stm32.12.3.rel1.win32_1.0.200.202406191623/tools/bin/../lib/gcc/arm-none-eabi/12.3.1/../../../../arm-none-eabi/bin/ld.exe: ./Core/Src/GameDriver.o:C:/Users/14408/STM32CubeIDE/workspace_1.16.0/ECEN2370_FinalProject/EApplebaumFinalProject2/Debug/../Core/Inc/GameDriver.h:99: multiple definition of `current_rotation'; ./Core/Src/ApplicationCode.o:C:/Users/14408/STM32CubeIDE/workspace_1.16.0/ECEN2370_FinalProject/EApplebaumFinalProject2/Debug/../Core/Inc/GameDriver.h:99: first defined here
C:/ST/STM32CubeIDE_1.16.0/STM32CubeIDE/plugins/com.st.stm32cube.ide.mcu.externaltools.gnu-tools-for-stm32.12.3.rel1.win32_1.0.200.202406191623/tools/bin/../lib/gcc/arm-none-eabi/12.3.1/../../../../arm-none-eabi/bin/ld.exe: ./Core/Src/GameDriver.o:C:/Users/14408/STM32CubeIDE/workspace_1.16.0/ECEN2370_FinalProject/EApplebaumFinalProject2/Debug/../Core/Inc/GameDriver.h:100: multiple definition of `current_type'; ./Core/Src/ApplicationCode.o:C:/Users/14408/STM32CubeIDE/workspace_1.16.0/ECEN2370_FinalProject/EApplebaumFinalProject2/Debug/../Core/Inc/GameDriver.h:100: first defined here
C:/ST/STM32CubeIDE_1.16.0/STM32CubeIDE/plugins/com.st.stm32cube.ide.mcu.externaltools.gnu-tools-for-stm32.12.3.rel1.win32_1.0.200.202406191623/tools/bin/../lib/gcc/arm-none-eabi/12.3.1/../../../../arm-none-eabi/bin/ld.exe: ./Core/Src/GameDriver.o:C:/Users/14408/STM32CubeIDE/workspace_1.16.0/ECEN2370_FinalProject/EApplebaumFinalProject2/Debug/../Core/Inc/GameDriver.h:101: multiple definition of `score'; ./Core/Src/ApplicationCode.o:C:/Users/14408/STM32CubeIDE/workspace_1.16.0/ECEN2370_FinalProject/EApplebaumFinalProject2/Debug/../Core/Inc/GameDriver.h:101: first defined here
collect2.exe: error: ld returned 1 exit status
make: *** [makefile:64: EApplebaumFinalProject2.elf] Error 1
"make -j20 all" terminated with exit code 2. Build might be incomplete.
14:31:20 **** Incremental Build of configuration Debug for project EApplebaumFinalProject2 ****
make -j20 all 
arm-none-eabi-gcc "../Core/Src/ApplicationCode.c" -mcpu=cortex-m4 -std=gnu11 -g3 -DDEBUG -DUSE_HAL_DRIVER -DSTM32F429xx -c -I../Core/Inc -I../Drivers/STM32F4xx_HAL_Driver/Inc -I../Drivers/STM32F4xx_HAL_Driver/Inc/Legacy -I../Drivers/CMSIS/Device/ST/STM32F4xx/Include -I../Drivers/CMSIS/Include -O0 -ffunction-sections -fdata-sections -Wall -fstack-usage -fcyclomatic-complexity -MMD -MP -MF"Core/Src/ApplicationCode.d" -MT"Core/Src/ApplicationCode.o" --specs=nano.specs -mfpu=fpv4-sp-d16 -mfloat-abi=hard -mthumb -o "Core/Src/ApplicationCode.o"
arm-none-eabi-gcc "../Core/Src/GameDriver.c" -mcpu=cortex-m4 -std=gnu11 -g3 -DDEBUG -DUSE_HAL_DRIVER -DSTM32F429xx -c -I../Core/Inc -I../Drivers/STM32F4xx_HAL_Driver/Inc -I../Drivers/STM32F4xx_HAL_Driver/Inc/Legacy -I../Drivers/CMSIS/Device/ST/STM32F4xx/Include -I../Drivers/CMSIS/Include -O0 -ffunction-sections -fdata-sections -Wall -fstack-usage -fcyclomatic-complexity -MMD -MP -MF"Core/Src/GameDriver.d" -MT"Core/Src/GameDriver.o" --specs=nano.specs -mfpu=fpv4-sp-d16 -mfloat-abi=hard -mthumb -o "Core/Src/GameDriver.o"
In file included from ../Core/Src/GameDriver.c:7:
../Core/Inc/GameDriver.h:20:16: warning: 'translate_pending' defined but not used [-Wunused-variable]
   20 | static uint8_t translate_pending = 0;
      |                ^~~~~~~~~~~~~~~~~
../Core/Inc/GameDriver.h:19:16: warning: 'rotate_pending' defined but not used [-Wunused-variable]
   19 | static uint8_t rotate_pending = 0;
      |                ^~~~~~~~~~~~~~
arm-none-eabi-gcc -o "EApplebaumFinalProject2.elf" @"objects.list"   -mcpu=cortex-m4 -T"C:\Users\14408\STM32CubeIDE\workspace_1.16.0\ECEN2370_FinalProject\EApplebaumFinalProject2\STM32F429ZITX_FLASH.ld" --specs=nosys.specs -Wl,-Map="EApplebaumFinalProject2.map" -Wl,--gc-sections -static --specs=nano.specs -mfpu=fpv4-sp-d16 -mfloat-abi=hard -mthumb -Wl,--start-group -lc -lm -Wl,--end-group
Finished building target: EApplebaumFinalProject2.elf
 
arm-none-eabi-size  EApplebaumFinalProject2.elf 
arm-none-eabi-objdump -h -S EApplebaumFinalProject2.elf  > "EApplebaumFinalProject2.list"
   text	   data	    bss	    dec	    hex	filename
  13584	     12	   2068	  15664	   3d30	EApplebaumFinalProject2.elf
Finished building: default.size.stdout
 
Finished building: EApplebaumFinalProject2.list
 
14:34:00 **** Incremental Build of configuration Debug for project EApplebaumFinalProject2 ****
make -j20 all 
arm-none-eabi-gcc "../Core/Src/main.c" -mcpu=cortex-m4 -std=gnu11 -g3 -DDEBUG -DUSE_HAL_DRIVER -DSTM32F429xx -c -I../Core/Inc -I../Drivers/STM32F4xx_HAL_Driver/Inc -I../Drivers/STM32F4xx_HAL_Driver/Inc/Legacy -I../Drivers/CMSIS/Device/ST/STM32F4xx/Include -I../Drivers/CMSIS/Include -O0 -ffunction-sections -fdata-sections -Wall -fstack-usage -fcyclomatic-complexity -MMD -MP -MF"Core/Src/main.d" -MT"Core/Src/main.o" --specs=nano.specs -mfpu=fpv4-sp-d16 -mfloat-abi=hard -mthumb -o "Core/Src/main.o"
arm-none-eabi-gcc "../Core/Src/stm32f4xx_hal_msp.c" -mcpu=cortex-m4 -std=gnu11 -g3 -DDEBUG -DUSE_HAL_DRIVER -DSTM32F429xx -c -I../Core/Inc -I../Drivers/STM32F4xx_HAL_Driver/Inc -I../Drivers/STM32F4xx_HAL_Driver/Inc/Legacy -I../Drivers/CMSIS/Device/ST/STM32F4xx/Include -I../Drivers/CMSIS/Include -O0 -ffunction-sections -fdata-sections -Wall -fstack-usage -fcyclomatic-complexity -MMD -MP -MF"Core/Src/stm32f4xx_hal_msp.d" -MT"Core/Src/stm32f4xx_hal_msp.o" --specs=nano.specs -mfpu=fpv4-sp-d16 -mfloat-abi=hard -mthumb -o "Core/Src/stm32f4xx_hal_msp.o"
arm-none-eabi-gcc "../Core/Src/stm32f4xx_it.c" -mcpu=cortex-m4 -std=gnu11 -g3 -DDEBUG -DUSE_HAL_DRIVER -DSTM32F429xx -c -I../Core/Inc -I../Drivers/STM32F4xx_HAL_Driver/Inc -I../Drivers/STM32F4xx_HAL_Driver/Inc/Legacy -I../Drivers/CMSIS/Device/ST/STM32F4xx/Include -I../Drivers/CMSIS/Include -O0 -ffunction-sections -fdata-sections -Wall -fstack-usage -fcyclomatic-complexity -MMD -MP -MF"Core/Src/stm32f4xx_it.d" -MT"Core/Src/stm32f4xx_it.o" --specs=nano.specs -mfpu=fpv4-sp-d16 -mfloat-abi=hard -mthumb -o "Core/Src/stm32f4xx_it.o"
In file included from ../Core/Inc/ApplicationCode.h:11,
                 from ../Core/Inc/main.h:34,
                 from ../Core/Src/stm32f4xx_hal_msp.c:23:
../Core/Inc/Timer_Driver.h:12:26: warning: 'Timer' defined but not used [-Wunused-variable]
   12 | static TIM_HandleTypeDef Timer;
      |                          ^~~~~
../Core/Src/main.c: In function 'main':
../Core/Src/main.c:109:1: warning: implicit declaration of function 'draw_block' [-Wimplicit-function-declaration]
  109 | draw_block(1,1,0)
      | ^~~~~~~~~~
../Core/Src/main.c:109:18: error: expected ';' before 'while'
  109 | draw_block(1,1,0)
      |                  ^
      |                  ;
......
  114 |   while (1)
      |   ~~~~~           
In file included from ../Core/Inc/ApplicationCode.h:11,
                 from ../Core/Inc/main.h:34,
                 from ../Core/Src/main.c:20:
../Core/Inc/Timer_Driver.h: At top level:
../Core/Inc/Timer_Driver.h:12:26: warning: 'Timer' defined but not used [-Wunused-variable]
   12 | static TIM_HandleTypeDef Timer;
      |                          ^~~~~
In file included from ../Core/Inc/ApplicationCode.h:11,
                 from ../Core/Inc/main.h:34,
                 from ../Core/Src/stm32f4xx_it.c:21:
../Core/Inc/Timer_Driver.h:12:26: warning: 'Timer' defined but not used [-Wunused-variable]
   12 | static TIM_HandleTypeDef Timer;
      |                          ^~~~~
make: *** [Core/Src/subdir.mk:58: Core/Src/main.o] Error 1
make: *** Waiting for unfinished jobs....
"make -j20 all" terminated with exit code 2. Build might be incomplete.
14:34:07 **** Incremental Build of configuration Debug for project EApplebaumFinalProject2 ****
make -j20 all 
arm-none-eabi-gcc "../Core/Src/main.c" -mcpu=cortex-m4 -std=gnu11 -g3 -DDEBUG -DUSE_HAL_DRIVER -DSTM32F429xx -c -I../Core/Inc -I../Drivers/STM32F4xx_HAL_Driver/Inc -I../Drivers/STM32F4xx_HAL_Driver/Inc/Legacy -I../Drivers/CMSIS/Device/ST/STM32F4xx/Include -I../Drivers/CMSIS/Include -O0 -ffunction-sections -fdata-sections -Wall -fstack-usage -fcyclomatic-complexity -MMD -MP -MF"Core/Src/main.d" -MT"Core/Src/main.o" --specs=nano.specs -mfpu=fpv4-sp-d16 -mfloat-abi=hard -mthumb -o "Core/Src/main.o"
../Core/Src/main.c: In function 'main':
../Core/Src/main.c:109:1: warning: implicit declaration of function 'draw_block' [-Wimplicit-function-declaration]
  109 | draw_block(1,1,0);
      | ^~~~~~~~~~
In file included from ../Core/Inc/ApplicationCode.h:11,
                 from ../Core/Inc/main.h:34,
                 from ../Core/Src/main.c:20:
../Core/Inc/Timer_Driver.h: At top level:
../Core/Inc/Timer_Driver.h:12:26: warning: 'Timer' defined but not used [-Wunused-variable]
   12 | static TIM_HandleTypeDef Timer;
      |                          ^~~~~
arm-none-eabi-gcc -o "EApplebaumFinalProject2.elf" @"objects.list"   -mcpu=cortex-m4 -T"C:\Users\14408\STM32CubeIDE\workspace_1.16.0\ECEN2370_FinalProject\EApplebaumFinalProject2\STM32F429ZITX_FLASH.ld" --specs=nosys.specs -Wl,-Map="EApplebaumFinalProject2.map" -Wl,--gc-sections -static --specs=nano.specs -mfpu=fpv4-sp-d16 -mfloat-abi=hard -mthumb -Wl,--start-group -lc -lm -Wl,--end-group
Finished building target: EApplebaumFinalProject2.elf
 
arm-none-eabi-size  EApplebaumFinalProject2.elf 
arm-none-eabi-objdump -h -S EApplebaumFinalProject2.elf  > "EApplebaumFinalProject2.list"
   text	   data	    bss	    dec	    hex	filename
  13768	     12	 155668	 169448	  295e8	EApplebaumFinalProject2.elf
Finished building: default.size.stdout
 
Finished building: EApplebaumFinalProject2.list
 
14:34:37 **** Incremental Build of configuration Debug for project EApplebaumFinalProject2 ****
make -j20 all 
arm-none-eabi-size  EApplebaumFinalProject2.elf 
   text	   data	    bss	    dec	    hex	filename
  13768	     12	 155668	 169448	  295e8	EApplebaumFinalProject2.elf
Finished building: default.size.stdout
 
14:36:24 **** Incremental Build of configuration Debug for project EApplebaumFinalProject2 ****
make -j20 all 
[...]
C:/ST/STM32CubeIDE_1.16.0/STM32CubeIDE/plugins/com.st.stm32cube.ide.mcu.externaltools.gnu-tools-for-stm32.12.3.rel1.win32_1.0.200.202406191623/tools/bin/../lib/gcc/arm-none-eabi/12.3.1/../../../../arm-none-eabi/bin/ld.exe: ./Core/Src/main.o:C:/Users/14408/STM32CubeIDE/workspace_1.16.0/ECEN2370_FinalProject/EApplebaumFinalProject2/Debug/../Core/Inc/GameDriver.h:96: multiple definition of `current_x'; ./Core/Src/ApplicationCode.o:C:/Users/14408/STM32CubeIDE/workspace_1.16.0/ECEN2370_FinalProject/EApplebaumFinalProject2/Debug/../Core/Inc/GameDriver.h:96: first defined here
C:/ST/STM32CubeIDE_1.16.0/STM32CubeIDE/plugins/com.st.stm32cube.ide.mcu.externaltools.gnu-tools-for-stm32.12.3.rel1.win32_1.0.200.202406191623/tools/bin/../lib/gcc/arm-none-eabi/12.3.1/../../../../arm-none-eabi/bin/ld.exe: ./Core/Src/main.o:C:/Users/14408/STM32CubeIDE/workspace_1.16.0/ECEN2370_FinalProject/EApplebaumFinalProject2/Debug/../Core/Inc/GameDriver.h:96: multiple definition of `current_y'; ./Core/Src/ApplicationCode.o:C:/Users/14408/STM32CubeIDE/workspace_1.16.0/ECEN2370_FinalProject/EApplebaumFinalProject2/Debug/../Core/Inc/GameDriver.h:96: first defined here
C:/ST/STM32CubeIDE_1.16.0/STM32CubeIDE/plugins/com.st.stm32cube.ide.mcu.externaltools.gnu-tools-for-stm32.12.3.rel1.win32_1.0.200.202406191623/tools/bin/../lib/gcc/arm-none-eabi/12.3.1/../../../../arm-none-eabi/bin/ld.exe: ./Core/Src/main.o:C:/Users/14408/STM32CubeIDE/workspace_1.16.0/ECEN2370_FinalProject/EApplebaumFinalProject2/Debug/../Core/Inc/GameDriver.h:97: multiple definition of `current_rotation'; ./Core/Src/ApplicationCode.o:C:/Users/14408/STM32CubeIDE/workspace_1.16.0/ECEN2370_FinalProject/EApplebaumFinalProject2/Debug/../Core/Inc/GameDriver.h:97: first defined here
C:/ST/STM32CubeIDE_1.16.0/STM32CubeIDE/plugins/com.st.stm32cube.ide.mcu.externaltools.gnu-tools-for-stm32.12.3.rel1.win32_1.0.200.202406191623/tools/bin/../lib/gcc/arm-none-eabi/12.3.1/../../../../arm-none-eabi/bin/ld.exe: ./Core/Src/main.o:C:/Users/14408/STM32CubeIDE/workspace_1.16.0/ECEN2370_FinalProject/EApplebaumFinalProject2/Debug/../Core/Inc/GameDriver.h:98: multiple definition of `current_type'; ./Core/Src/ApplicationCode.o:C:/Users/14408/STM32CubeIDE/workspace_1.16.0/ECEN2370_FinalProject/EApplebaumFinalProject2/Debug/../Core/Inc/GameDriver.h:98: first defined here
C:/ST/STM32CubeIDE_1.16.0/STM32CubeIDE/plugins/com.st.stm32cube.ide.mcu.externaltools.gnu-tools-for-stm32.12.3.rel1.win32_1.0.200.202406191623/tools/bin/../lib/gcc/arm-none-eabi/12.3.1/../../../../arm-none-eabi/bin/ld.exe: ./Core/Src/main.o:C:/Users/14408/STM32CubeIDE/workspace_1.16.0/ECEN2370_FinalProject/EApplebaumFinalProject2/Debug/../Core/Inc/GameDriver.h:99: multiple definition of `score'; ./Core/Src/ApplicationCode.o:C:/Users/14408/STM32CubeIDE/workspace_1.16.0/ECEN2370_FinalProject/EApplebaumFinalProject2/Debug/../Core/Inc/GameDriver.h:99: first defined here
collect2.exe: error: ld returned 1 exit status
make: *** [makefile:64: EApplebaumFinalProject2.elf] Error 1
"make -j20 all" terminated with exit code 2. Build might be incomplete.
17:07:21 **** Incremental Build of configuration Debug for project EApplebaumFinalProject2 ****
make -j20 all 
arm-none-eabi-gcc "../Core/Src/ApplicationCode.c" -mcpu=cortex-m4 -std=gnu11 -g3 -DDEBUG -DUSE_HAL_DRIVER -DSTM32F429xx -c -I../Core/Inc -I../Drivers/STM32F4xx_HAL_Driver/Inc -I../Drivers/STM32F4xx_HAL_Driver/Inc/Legacy -I../Drivers/CMSIS/Device/ST/STM32F4xx/Include -I../Drivers/CMSIS/Include -O0 -ffunction-sections -fdata-sections -Wall -fstack-usage -fcyclomatic-complexity -MMD -MP -MF"Core/Src/ApplicationCode.d" -MT"Core/Src/ApplicationCode.o" --specs=nano.specs -mfpu=fpv4-sp-d16 -mfloat-abi=hard -mthumb -o "Core/Src/ApplicationCode.o"
arm-none-eabi-gcc "../Core/Src/GameDriver.c" -mcpu=cortex-m4 -std=gnu11 -g3 -DDEBUG -DUSE_HAL_DRIVER -DSTM32F429xx -c -I../Core/Inc -I../Drivers/STM32F4xx_HAL_Driver/Inc -I../Drivers/STM32F4xx_HAL_Driver/Inc/Legacy -I../Drivers/CMSIS/Device/ST/STM32F4xx/Include -I../Drivers/CMSIS/Include -O0 -ffunction-sections -fdata-sections -Wall -fstack-usage -fcyclomatic-complexity -MMD -MP -MF"Core/Src/GameDriver.d" -MT"Core/Src/GameDriver.o" --specs=nano.specs -mfpu=fpv4-sp-d16 -mfloat-abi=hard -mthumb -o "Core/Src/GameDriver.o"
arm-none-eabi-gcc "../Core/Src/LCD_Driver.c" -mcpu=cortex-m4 -std=gnu11 -g3 -DDEBUG -DUSE_HAL_DRIVER -DSTM32F429xx -c -I../Core/Inc -I../Drivers/STM32F4xx_HAL_Driver/Inc -I../Drivers/STM32F4xx_HAL_Driver/Inc/Legacy -I../Drivers/CMSIS/Device/ST/STM32F4xx/Include -I../Drivers/CMSIS/Include -O0 -ffunction-sections -fdata-sections -Wall -fstack-usage -fcyclomatic-complexity -MMD -MP -MF"Core/Src/LCD_Driver.d" -MT"Core/Src/LCD_Driver.o" --specs=nano.specs -mfpu=fpv4-sp-d16 -mfloat-abi=hard -mthumb -o "Core/Src/LCD_Driver.o"
arm-none-eabi-gcc "../Core/Src/main.c" -mcpu=cortex-m4 -std=gnu11 -g3 -DDEBUG -DUSE_HAL_DRIVER -DSTM32F429xx -c -I../Core/Inc -I../Drivers/STM32F4xx_HAL_Driver/Inc -I../Drivers/STM32F4xx_HAL_Driver/Inc/Legacy -I../Drivers/CMSIS/Device/ST/STM32F4xx/Include -I../Drivers/CMSIS/Include -O0 -ffunction-sections -fdata-sections -Wall -fstack-usage -fcyclomatic-complexity -MMD -MP -MF"Core/Src/main.d" -MT"Core/Src/main.o" --specs=nano.specs -mfpu=fpv4-sp-d16 -mfloat-abi=hard -mthumb -o "Core/Src/main.o"
arm-none-eabi-gcc "../Core/Src/stmpe811.c" -mcpu=cortex-m4 -std=gnu11 -g3 -DDEBUG -DUSE_HAL_DRIVER -DSTM32F429xx -c -I../Core/Inc -I../Drivers/STM32F4xx_HAL_Driver/Inc -I../Drivers/STM32F4xx_HAL_Driver/Inc/Legacy -I../Drivers/CMSIS/Device/ST/STM32F4xx/Include -I../Drivers/CMSIS/Include -O0 -ffunction-sections -fdata-sections -Wall -fstack-usage -fcyclomatic-complexity -MMD -MP -MF"Core/Src/stmpe811.d" -MT"Core/Src/stmpe811.o" --specs=nano.specs -mfpu=fpv4-sp-d16 -mfloat-abi=hard -mthumb -o "Core/Src/stmpe811.o"
In file included from ../Core/Src/GameDriver.c:7:
../Core/Inc/GameDriver.h:20:16: warning: 'translate_pending' defined but not used [-Wunused-variable]
   20 | static uint8_t translate_pending = 0;
      |                ^~~~~~~~~~~~~~~~~
../Core/Inc/GameDriver.h:19:16: warning: 'rotate_pending' defined but not used [-Wunused-variable]
   19 | static uint8_t rotate_pending = 0;
      |                ^~~~~~~~~~~~~~
In file included from ../Core/Inc/ApplicationCode.h:15,
                 from ../Core/Src/main.c:21:
../Core/Inc/Timer_Driver.h:12:26: warning: 'Timer' defined but not used [-Wunused-variable]
   12 | static TIM_HandleTypeDef Timer;
      |                          ^~~~~
arm-none-eabi-gcc -o "EApplebaumFinalProject2.elf" @"objects.list"   -mcpu=cortex-m4 -T"C:\Users\14408\STM32CubeIDE\workspace_1.16.0\ECEN2370_FinalProject\EApplebaumFinalProject2\STM32F429ZITX_FLASH.ld" --specs=nosys.specs -Wl,-Map="EApplebaumFinalProject2.map" -Wl,--gc-sections -static --specs=nano.specs -mfpu=fpv4-sp-d16 -mfloat-abi=hard -mthumb -Wl,--start-group -lc -lm -Wl,--end-group
Finished building target: EApplebaumFinalProject2.elf
 
arm-none-eabi-size  EApplebaumFinalProject2.elf 
arm-none-eabi-objdump -h -S EApplebaumFinalProject2.elf  > "EApplebaumFinalProject2.list"
   text	   data	    bss	    dec	    hex	filename
  30692	    120	 156000	 186812	  2d9bc	EApplebaumFinalProject2.elf
Finished building: default.size.stdout
 
Finished building: EApplebaumFinalProject2.list
 
17:08:47 **** Incremental Build of configuration Debug for project EApplebaumFinalProject2 ****
make -j20 all 
arm-none-eabi-gcc "../Core/Src/ApplicationCode.c" -mcpu=cortex-m4 -std=gnu11 -g3 -DDEBUG -DUSE_HAL_DRIVER -DSTM32F429xx -c -I../Core/Inc -I../Drivers/STM32F4xx_HAL_Driver/Inc -I../Drivers/STM32F4xx_HAL_Driver/Inc/Legacy -I../Drivers/CMSIS/Device/ST/STM32F4xx/Include -I../Drivers/CMSIS/Include -O0 -ffunction-sections -fdata-sections -Wall -fstack-usage -fcyclomatic-complexity -MMD -MP -MF"Core/Src/ApplicationCode.d" -MT"Core/Src/ApplicationCode.o" --specs=nano.specs -mfpu=fpv4-sp-d16 -mfloat-abi=hard -mthumb -o "Core/Src/ApplicationCode.o"
arm-none-eabi-gcc "../Core/Src/GameDriver.c" -mcpu=cortex-m4 -std=gnu11 -g3 -DDEBUG -DUSE_HAL_DRIVER -DSTM32F429xx -c -I../Core/Inc -I../Drivers/STM32F4xx_HAL_Driver/Inc -I../Drivers/STM32F4xx_HAL_Driver/Inc/Legacy -I../Drivers/CMSIS/Device/ST/STM32F4xx/Include -I../Drivers/CMSIS/Include -O0 -ffunction-sections -fdata-sections -Wall -fstack-usage -fcyclomatic-complexity -MMD -MP -MF"Core/Src/GameDriver.d" -MT"Core/Src/GameDriver.o" --specs=nano.specs -mfpu=fpv4-sp-d16 -mfloat-abi=hard -mthumb -o "Core/Src/GameDriver.o"
arm-none-eabi-gcc "../Core/Src/LCD_Driver.c" -mcpu=cortex-m4 -std=gnu11 -g3 -DDEBUG -DUSE_HAL_DRIVER -DSTM32F429xx -c -I../Core/Inc -I../Drivers/STM32F4xx_HAL_Driver/Inc -I../Drivers/STM32F4xx_HAL_Driver/Inc/Legacy -I../Drivers/CMSIS/Device/ST/STM32F4xx/Include -I../Drivers/CMSIS/Include -O0 -ffunction-sections -fdata-sections -Wall -fstack-usage -fcyclomatic-complexity -MMD -MP -MF"Core/Src/LCD_Driver.d" -MT"Core/Src/LCD_Driver.o" --specs=nano.specs -mfpu=fpv4-sp-d16 -mfloat-abi=hard -mthumb -o "Core/Src/LCD_Driver.o"
arm-none-eabi-gcc "../Core/Src/main.c" -mcpu=cortex-m4 -std=gnu11 -g3 -DDEBUG -DUSE_HAL_DRIVER -DSTM32F429xx -c -I../Core/Inc -I../Drivers/STM32F4xx_HAL_Driver/Inc -I../Drivers/STM32F4xx_HAL_Driver/Inc/Legacy -I../Drivers/CMSIS/Device/ST/STM32F4xx/Include -I../Drivers/CMSIS/Include -O0 -ffunction-sections -fdata-sections -Wall -fstack-usage -fcyclomatic-complexity -MMD -MP -MF"Core/Src/main.d" -MT"Core/Src/main.o" --specs=nano.specs -mfpu=fpv4-sp-d16 -mfloat-abi=hard -mthumb -o "Core/Src/main.o"
arm-none-eabi-gcc "../Core/Src/stmpe811.c" -mcpu=cortex-m4 -std=gnu11 -g3 -DDEBUG -DUSE_HAL_DRIVER -DSTM32F429xx -c -I../Core/Inc -I../Drivers/STM32F4xx_HAL_Driver/Inc -I../Drivers/STM32F4xx_HAL_Driver/Inc/Legacy -I../Drivers/CMSIS/Device/ST/STM32F4xx/Include -I../Drivers/CMSIS/Include -O0 -ffunction-sections -fdata-sections -Wall -fstack-usage -fcyclomatic-complexity -MMD -MP -MF"Core/Src/stmpe811.d" -MT"Core/Src/stmpe811.o" --specs=nano.specs -mfpu=fpv4-sp-d16 -mfloat-abi=hard -mthumb -o "Core/Src/stmpe811.o"
In file included from ../Core/Src/GameDriver.c:7:
../Core/Inc/GameDriver.h:20:16: warning: 'translate_pending' defined but not used [-Wunused-variable]
   20 | static uint8_t translate_pending = 0;
      |                ^~~~~~~~~~~~~~~~~
../Core/Inc/GameDriver.h:19:16: warning: 'rotate_pending' defined but not used [-Wunused-variable]
   19 | static uint8_t rotate_pending = 0;
      |                ^~~~~~~~~~~~~~
In file included from ../Core/Inc/ApplicationCode.h:15,
                 from ../Core/Src/main.c:21:
../Core/Inc/Timer_Driver.h:12:26: warning: 'Timer' defined but not used [-Wunused-variable]
   12 | static TIM_HandleTypeDef Timer;
      |                          ^~~~~
arm-none-eabi-gcc -o "EApplebaumFinalProject2.elf" @"objects.list"   -mcpu=cortex-m4 -T"C:\Users\14408\STM32CubeIDE\workspace_1.16.0\ECEN2370_FinalProject\EApplebaumFinalProject2\STM32F429ZITX_FLASH.ld" --specs=nosys.specs -Wl,-Map="EApplebaumFinalProject2.map" -Wl,--gc-sections -static --specs=nano.specs -mfpu=fpv4-sp-d16 -mfloat-abi=hard -mthumb -Wl,--start-group -lc -lm -Wl,--end-group
Finished building target: EApplebaumFinalProject2.elf
 
arm-none-eabi-size  EApplebaumFinalProject2.elf 
arm-none-eabi-objdump -h -S EApplebaumFinalProject2.elf  > "EApplebaumFinalProject2.list"
   text	   data	    bss	    dec	    hex	filename
  29340	    120	 155984	 185444	  2d464	EApplebaumFinalProject2.elf
Finished building: default.size.stdout
 
Finished building: EApplebaumFinalProject2.list
 
17:11:19 **** Incremental Build of configuration Debug for project EApplebaumFinalProject2 ****
make -j20 all 
arm-none-eabi-gcc "../Core/Src/ApplicationCode.c" -mcpu=cortex-m4 -std=gnu11 -g3 -DDEBUG -DUSE_HAL_DRIVER -DSTM32F429xx -c -I../Core/Inc -I../Drivers/STM32F4xx_HAL_Driver/Inc -I../Drivers/STM32F4xx_HAL_Driver/Inc/Legacy -I../Drivers/CMSIS/Device/ST/STM32F4xx/Include -I../Drivers/CMSIS/Include -O0 -ffunction-sections -fdata-sections -Wall -fstack-usage -fcyclomatic-complexity -MMD -MP -MF"Core/Src/ApplicationCode.d" -MT"Core/Src/ApplicationCode.o" --specs=nano.specs -mfpu=fpv4-sp-d16 -mfloat-abi=hard -mthumb -o "Core/Src/ApplicationCode.o"
arm-none-eabi-gcc "../Core/Src/GameDriver.c" -mcpu=cortex-m4 -std=gnu11 -g3 -DDEBUG -DUSE_HAL_DRIVER -DSTM32F429xx -c -I../Core/Inc -I../Drivers/STM32F4xx_HAL_Driver/Inc -I../Drivers/STM32F4xx_HAL_Driver/Inc/Legacy -I../Drivers/CMSIS/Device/ST/STM32F4xx/Include -I../Drivers/CMSIS/Include -O0 -ffunction-sections -fdata-sections -Wall -fstack-usage -fcyclomatic-complexity -MMD -MP -MF"Core/Src/GameDriver.d" -MT"Core/Src/GameDriver.o" --specs=nano.specs -mfpu=fpv4-sp-d16 -mfloat-abi=hard -mthumb -o "Core/Src/GameDriver.o"
arm-none-eabi-gcc "../Core/Src/LCD_Driver.c" -mcpu=cortex-m4 -std=gnu11 -g3 -DDEBUG -DUSE_HAL_DRIVER -DSTM32F429xx -c -I../Core/Inc -I../Drivers/STM32F4xx_HAL_Driver/Inc -I../Drivers/STM32F4xx_HAL_Driver/Inc/Legacy -I../Drivers/CMSIS/Device/ST/STM32F4xx/Include -I../Drivers/CMSIS/Include -O0 -ffunction-sections -fdata-sections -Wall -fstack-usage -fcyclomatic-complexity -MMD -MP -MF"Core/Src/LCD_Driver.d" -MT"Core/Src/LCD_Driver.o" --specs=nano.specs -mfpu=fpv4-sp-d16 -mfloat-abi=hard -mthumb -o "Core/Src/LCD_Driver.o"
arm-none-eabi-gcc "../Core/Src/main.c" -mcpu=cortex-m4 -std=gnu11 -g3 -DDEBUG -DUSE_HAL_DRIVER -DSTM32F429xx -c -I../Core/Inc -I../Drivers/STM32F4xx_HAL_Driver/Inc -I../Drivers/STM32F4xx_HAL_Driver/Inc/Legacy -I../Drivers/CMSIS/Device/ST/STM32F4xx/Include -I../Drivers/CMSIS/Include -O0 -ffunction-sections -fdata-sections -Wall -fstack-usage -fcyclomatic-complexity -MMD -MP -MF"Core/Src/main.d" -MT"Core/Src/main.o" --specs=nano.specs -mfpu=fpv4-sp-d16 -mfloat-abi=hard -mthumb -o "Core/Src/main.o"
arm-none-eabi-gcc "../Core/Src/stmpe811.c" -mcpu=cortex-m4 -std=gnu11 -g3 -DDEBUG -DUSE_HAL_DRIVER -DSTM32F429xx -c -I../Core/Inc -I../Drivers/STM32F4xx_HAL_Driver/Inc -I../Drivers/STM32F4xx_HAL_Driver/Inc/Legacy -I../Drivers/CMSIS/Device/ST/STM32F4xx/Include -I../Drivers/CMSIS/Include -O0 -ffunction-sections -fdata-sections -Wall -fstack-usage -fcyclomatic-complexity -MMD -MP -MF"Core/Src/stmpe811.d" -MT"Core/Src/stmpe811.o" --specs=nano.specs -mfpu=fpv4-sp-d16 -mfloat-abi=hard -mthumb -o "Core/Src/stmpe811.o"
In file included from ../Core/Src/GameDriver.c:7:
../Core/Inc/GameDriver.h:20:16: warning: 'translate_pending' defined but not used [-Wunused-variable]
   20 | static uint8_t translate_pending = 0;
      |                ^~~~~~~~~~~~~~~~~
../Core/Inc/GameDriver.h:19:16: warning: 'rotate_pending' defined but not used [-Wunused-variable]
   19 | static uint8_t rotate_pending = 0;
      |                ^~~~~~~~~~~~~~
In file included from ../Core/Inc/ApplicationCode.h:15,
                 from ../Core/Src/main.c:21:
../Core/Inc/Timer_Driver.h:12:26: warning: 'Timer' defined but not used [-Wunused-variable]
   12 | static TIM_HandleTypeDef Timer;
      |                          ^~~~~
arm-none-eabi-gcc -o "EApplebaumFinalProject2.elf" @"objects.list"   -mcpu=cortex-m4 -T"C:\Users\14408\STM32CubeIDE\workspace_1.16.0\ECEN2370_FinalProject\EApplebaumFinalProject2\STM32F429ZITX_FLASH.ld" --specs=nosys.specs -Wl,-Map="EApplebaumFinalProject2.map" -Wl,--gc-sections -static --specs=nano.specs -mfpu=fpv4-sp-d16 -mfloat-abi=hard -mthumb -Wl,--start-group -lc -lm -Wl,--end-group
Finished building target: EApplebaumFinalProject2.elf
 
arm-none-eabi-size  EApplebaumFinalProject2.elf 
arm-none-eabi-objdump -h -S EApplebaumFinalProject2.elf  > "EApplebaumFinalProject2.list"
   text	   data	    bss	    dec	    hex	filename
  30692	    120	 156000	 186812	  2d9bc	EApplebaumFinalProject2.elf
Finished building: default.size.stdout
 
Finished building: EApplebaumFinalProject2.list
 
17:12:13 **** Incremental Build of configuration Debug for project EApplebaumFinalProject2 ****
make -j20 all 
arm-none-eabi-gcc "../Core/Src/ApplicationCode.c" -mcpu=cortex-m4 -std=gnu11 -g3 -DDEBUG -DUSE_HAL_DRIVER -DSTM32F429xx -c -I../Core/Inc -I../Drivers/STM32F4xx_HAL_Driver/Inc -I../Drivers/STM32F4xx_HAL_Driver/Inc/Legacy -I../Drivers/CMSIS/Device/ST/STM32F4xx/Include -I../Drivers/CMSIS/Include -O0 -ffunction-sections -fdata-sections -Wall -fstack-usage -fcyclomatic-complexity -MMD -MP -MF"Core/Src/ApplicationCode.d" -MT"Core/Src/ApplicationCode.o" --specs=nano.specs -mfpu=fpv4-sp-d16 -mfloat-abi=hard -mthumb -o "Core/Src/ApplicationCode.o"
arm-none-eabi-gcc "../Core/Src/GameDriver.c" -mcpu=cortex-m4 -std=gnu11 -g3 -DDEBUG -DUSE_HAL_DRIVER -DSTM32F429xx -c -I../Core/Inc -I../Drivers/STM32F4xx_HAL_Driver/Inc -I../Drivers/STM32F4xx_HAL_Driver/Inc/Legacy -I../Drivers/CMSIS/Device/ST/STM32F4xx/Include -I../Drivers/CMSIS/Include -O0 -ffunction-sections -fdata-sections -Wall -fstack-usage -fcyclomatic-complexity -MMD -MP -MF"Core/Src/GameDriver.d" -MT"Core/Src/GameDriver.o" --specs=nano.specs -mfpu=fpv4-sp-d16 -mfloat-abi=hard -mthumb -o "Core/Src/GameDriver.o"
arm-none-eabi-gcc "../Core/Src/LCD_Driver.c" -mcpu=cortex-m4 -std=gnu11 -g3 -DDEBUG -DUSE_HAL_DRIVER -DSTM32F429xx -c -I../Core/Inc -I../Drivers/STM32F4xx_HAL_Driver/Inc -I../Drivers/STM32F4xx_HAL_Driver/Inc/Legacy -I../Drivers/CMSIS/Device/ST/STM32F4xx/Include -I../Drivers/CMSIS/Include -O0 -ffunction-sections -fdata-sections -Wall -fstack-usage -fcyclomatic-complexity -MMD -MP -MF"Core/Src/LCD_Driver.d" -MT"Core/Src/LCD_Driver.o" --specs=nano.specs -mfpu=fpv4-sp-d16 -mfloat-abi=hard -mthumb -o "Core/Src/LCD_Driver.o"
arm-none-eabi-gcc "../Core/Src/main.c" -mcpu=cortex-m4 -std=gnu11 -g3 -DDEBUG -DUSE_HAL_DRIVER -DSTM32F429xx -c -I../Core/Inc -I../Drivers/STM32F4xx_HAL_Driver/Inc -I../Drivers/STM32F4xx_HAL_Driver/Inc/Legacy -I../Drivers/CMSIS/Device/ST/STM32F4xx/Include -I../Drivers/CMSIS/Include -O0 -ffunction-sections -fdata-sections -Wall -fstack-usage -fcyclomatic-complexity -MMD -MP -MF"Core/Src/main.d" -MT"Core/Src/main.o" --specs=nano.specs -mfpu=fpv4-sp-d16 -mfloat-abi=hard -mthumb -o "Core/Src/main.o"
arm-none-eabi-gcc "../Core/Src/stmpe811.c" -mcpu=cortex-m4 -std=gnu11 -g3 -DDEBUG -DUSE_HAL_DRIVER -DSTM32F429xx -c -I../Core/Inc -I../Drivers/STM32F4xx_HAL_Driver/Inc -I../Drivers/STM32F4xx_HAL_Driver/Inc/Legacy -I../Drivers/CMSIS/Device/ST/STM32F4xx/Include -I../Drivers/CMSIS/Include -O0 -ffunction-sections -fdata-sections -Wall -fstack-usage -fcyclomatic-complexity -MMD -MP -MF"Core/Src/stmpe811.d" -MT"Core/Src/stmpe811.o" --specs=nano.specs -mfpu=fpv4-sp-d16 -mfloat-abi=hard -mthumb -o "Core/Src/stmpe811.o"
In file included from ../Core/Inc/ApplicationCode.h:15,
                 from ../Core/Src/main.c:21:
../Core/Inc/Timer_Driver.h:12:26: warning: 'Timer' defined but not used [-Wunused-variable]
   12 | static TIM_HandleTypeDef Timer;
      |                          ^~~~~
In file included from ../Core/Src/GameDriver.c:7:
../Core/Inc/GameDriver.h:20:16: warning: 'translate_pending' defined but not used [-Wunused-variable]
   20 | static uint8_t translate_pending = 0;
      |                ^~~~~~~~~~~~~~~~~
../Core/Inc/GameDriver.h:19:16: warning: 'rotate_pending' defined but not used [-Wunused-variable]
   19 | static uint8_t rotate_pending = 0;
      |                ^~~~~~~~~~~~~~
arm-none-eabi-gcc -o "EApplebaumFinalProject2.elf" @"objects.list"   -mcpu=cortex-m4 -T"C:\Users\14408\STM32CubeIDE\workspace_1.16.0\ECEN2370_FinalProject\EApplebaumFinalProject2\STM32F429ZITX_FLASH.ld" --specs=nosys.specs -Wl,-Map="EApplebaumFinalProject2.map" -Wl,--gc-sections -static --specs=nano.specs -mfpu=fpv4-sp-d16 -mfloat-abi=hard -mthumb -Wl,--start-group -lc -lm -Wl,--end-group
Finished building target: EApplebaumFinalProject2.elf
 
arm-none-eabi-size  EApplebaumFinalProject2.elf 
arm-none-eabi-objdump -h -S EApplebaumFinalProject2.elf  > "EApplebaumFinalProject2.list"
   text	   data	    bss	    dec	    hex	filename
  29340	    120	 155984	 185444	  2d464	EApplebaumFinalProject2.elf
Finished building: default.size.stdout
 
Finished building: EApplebaumFinalProject2.list
 
