16:15:11 **** Incremental Build of configuration Debug for project EApplebaumFinalProject2 ****
make -j20 all 
arm-none-eabi-gcc "../Core/Src/Timer_Driver.c" -mcpu=cortex-m4 -std=gnu11 -g3 -DDEBUG -DUSE_HAL_DRIVER -DSTM32F429xx -c -I../Core/Inc -I../Drivers/STM32F4xx_HAL_Driver/Inc -I../Drivers/STM32F4xx_HAL_Driver/Inc/Legacy -I../Drivers/CMSIS/Device/ST/STM32F4xx/Include -I../Drivers/CMSIS/Include -O0 -ffunction-sections -fdata-sections -Wall -fstack-usage -fcyclomatic-complexity -MMD -MP -MF"Core/Src/Timer_Driver.d" -MT"Core/Src/Timer_Driver.o" --specs=nano.specs -mfpu=fpv4-sp-d16 -mfloat-abi=hard -mthumb -o "Core/Src/Timer_Driver.o"
arm-none-eabi-gcc "../Core/Src/main.c" -mcpu=cortex-m4 -std=gnu11 -g3 -DDEBUG -DUSE_HAL_DRIVER -DSTM32F429xx -c -I../Core/Inc -I../Drivers/STM32F4xx_HAL_Driver/Inc -I../Drivers/STM32F4xx_HAL_Driver/Inc/Legacy -I../Drivers/CMSIS/Device/ST/STM32F4xx/Include -I../Drivers/CMSIS/Include -O0 -ffunction-sections -fdata-sections -Wall -fstack-usage -fcyclomatic-complexity -MMD -MP -MF"Core/Src/main.d" -MT"Core/Src/main.o" --specs=nano.specs -mfpu=fpv4-sp-d16 -mfloat-abi=hard -mthumb -o "Core/Src/main.o"
arm-none-eabi-gcc "../Core/Src/stm32f4xx_hal_msp.c" -mcpu=cortex-m4 -std=gnu11 -g3 -DDEBUG -DUSE_HAL_DRIVER -DSTM32F429xx -c -I../Core/Inc -I../Drivers/STM32F4xx_HAL_Driver/Inc -I../Drivers/STM32F4xx_HAL_Driver/Inc/Legacy -I../Drivers/CMSIS/Device/ST/STM32F4xx/Include -I../Drivers/CMSIS/Include -O0 -ffunction-sections -fdata-sections -Wall -fstack-usage -fcyclomatic-complexity -MMD -MP -MF"Core/Src/stm32f4xx_hal_msp.d" -MT"Core/Src/stm32f4xx_hal_msp.o" --specs=nano.specs -mfpu=fpv4-sp-d16 -mfloat-abi=hard -mthumb -o "Core/Src/stm32f4xx_hal_msp.o"
arm-none-eabi-gcc "../Core/Src/stm32f4xx_it.c" -mcpu=cortex-m4 -std=gnu11 -g3 -DDEBUG -DUSE_HAL_DRIVER -DSTM32F429xx -c -I../Core/Inc -I../Drivers/STM32F4xx_HAL_Driver/Inc -I../Drivers/STM32F4xx_HAL_Driver/Inc/Legacy -I../Drivers/CMSIS/Device/ST/STM32F4xx/Include -I../Drivers/CMSIS/Include -O0 -ffunction-sections -fdata-sections -Wall -fstack-usage -fcyclomatic-complexity -MMD -MP -MF"Core/Src/stm32f4xx_it.d" -MT"Core/Src/stm32f4xx_it.o" --specs=nano.specs -mfpu=fpv4-sp-d16 -mfloat-abi=hard -mthumb -o "Core/Src/stm32f4xx_it.o"
In file included from ../Drivers/STM32F4xx_HAL_Driver/Inc/stm32f4xx_hal_rcc.h:31,
                 from ../Core/Inc/stm32f4xx_hal_conf.h:275,
                 from ../Drivers/STM32F4xx_HAL_Driver/Inc/stm32f4xx_hal.h:29,
                 from ../Core/Inc/Timer_Driver.h:10,
                 from ../Core/Src/Timer_Driver.c:7:
../Core/Src/Timer_Driver.c: In function 'TimerInit':
../Drivers/STM32F4xx_HAL_Driver/Inc/stm32f4xx_hal_rcc_ex.h:1412:41: error: expected identifier before 'do'
 1412 | #define __HAL_RCC_TIM2_CLK_ENABLE()     do { \
      |                                         ^~
../Core/Src/Timer_Driver.c:18:9: note: in expansion of macro '__HAL_RCC_TIM2_CLK_ENABLE'
   18 |         __HAL_RCC_TIM2_CLK_ENABLE();
      |         ^~~~~~~~~~~~~~~~~~~~~~~~~
../Core/Src/Timer_Driver.c: In function 'TIM2_IRQHandler':
../Core/Src/Timer_Driver.c:28:9: warning: implicit declaration of function 'LCD_Clear' [-Wimplicit-function-declaration]
   28 |         LCD_Clear(0,LCD_COLOR_BLUE);
      |         ^~~~~~~~~
../Core/Src/Timer_Driver.c:28:21: error: 'LCD_COLOR_BLUE' undeclared (first use in this function)
   28 |         LCD_Clear(0,LCD_COLOR_BLUE);
      |                     ^~~~~~~~~~~~~~
../Core/Src/Timer_Driver.c:28:21: note: each undeclared identifier is reported only once for each function it appears in
In file included from ../Core/Inc/ApplicationCode.h:13,
                 from ../Core/Src/main.c:21:
../Core/Inc/GameDriver.h:20:16: warning: 'translate_pending' defined but not used [-Wunused-variable]
   20 | static uint8_t translate_pending = 0;
      |                ^~~~~~~~~~~~~~~~~
../Core/Inc/GameDriver.h:19:16: warning: 'rotate_pending' defined but not used [-Wunused-variable]
   19 | static uint8_t rotate_pending = 0;
      |                ^~~~~~~~~~~~~~
../Core/Inc/GameDriver.h:18:26: warning: 'HRNG' defined but not used [-Wunused-variable]
   18 | static RNG_HandleTypeDef HRNG;
      |                          ^~~~
../Core/Src/Timer_Driver.c:29:9: warning: implicit declaration of function 'LCD_SetTextColor' [-Wimplicit-function-declaration]
   29 |         LCD_SetTextColor(LCD_COLOR_BLACK);
      |         ^~~~~~~~~~~~~~~~
../Core/Src/Timer_Driver.c:29:26: error: 'LCD_COLOR_BLACK' undeclared (first use in this function)
   29 |         LCD_SetTextColor(LCD_COLOR_BLACK);
      |                          ^~~~~~~~~~~~~~~
../Core/Src/Timer_Driver.c:30:9: warning: implicit declaration of function 'LCD_SetFont' [-Wimplicit-function-declaration]
   30 |         LCD_SetFont(&Font16x24);
      |         ^~~~~~~~~~~
../Core/Src/Timer_Driver.c:30:22: error: 'Font16x24' undeclared (first use in this function)
   30 |         LCD_SetFont(&Font16x24);
      |                      ^~~~~~~~~
../Core/Src/Timer_Driver.c:32:9: warning: implicit declaration of function 'LCD_DisplayChar' [-Wimplicit-function-declaration]
   32 |         LCD_DisplayChar(100,140,'H');
      |         ^~~~~~~~~~~~~~~
make: *** [Core/Src/subdir.mk:58: Core/Src/Timer_Driver.o] Error 1
make: *** Waiting for unfinished jobs....
"make -j20 all" terminated with exit code 2. Build might be incomplete.
16:15:51 **** Incremental Build of configuration Debug for project EApplebaumFinalProject2 ****
make -j20 all 
arm-none-eabi-gcc "../Core/Src/Timer_Driver.c" -mcpu=cortex-m4 -std=gnu11 -g3 -DDEBUG -DUSE_HAL_DRIVER -DSTM32F429xx -c -I../Core/Inc -I../Drivers/STM32F4xx_HAL_Driver/Inc -I../Drivers/STM32F4xx_HAL_Driver/Inc/Legacy -I../Drivers/CMSIS/Device/ST/STM32F4xx/Include -I../Drivers/CMSIS/Include -O0 -ffunction-sections -fdata-sections -Wall -fstack-usage -fcyclomatic-complexity -MMD -MP -MF"Core/Src/Timer_Driver.d" -MT"Core/Src/Timer_Driver.o" --specs=nano.specs -mfpu=fpv4-sp-d16 -mfloat-abi=hard -mthumb -o "Core/Src/Timer_Driver.o"
../Core/Src/Timer_Driver.c: In function 'TIM2_IRQHandler':
../Core/Src/Timer_Driver.c:28:9: warning: implicit declaration of function 'LCD_Clear' [-Wimplicit-function-declaration]
   28 |         LCD_Clear(0,LCD_COLOR_BLUE);
      |         ^~~~~~~~~
../Core/Src/Timer_Driver.c:28:21: error: 'LCD_COLOR_BLUE' undeclared (first use in this function)
   28 |         LCD_Clear(0,LCD_COLOR_BLUE);
      |                     ^~~~~~~~~~~~~~
../Core/Src/Timer_Driver.c:28:21: note: each undeclared identifier is reported only once for each function it appears in
../Core/Src/Timer_Driver.c:29:9: warning: implicit declaration of function 'LCD_SetTextColor' [-Wimplicit-function-declaration]
   29 |         LCD_SetTextColor(LCD_COLOR_BLACK);
      |         ^~~~~~~~~~~~~~~~
../Core/Src/Timer_Driver.c:29:26: error: 'LCD_COLOR_BLACK' undeclared (first use in this function)
   29 |         LCD_SetTextColor(LCD_COLOR_BLACK);
      |                          ^~~~~~~~~~~~~~~
../Core/Src/Timer_Driver.c:30:9: warning: implicit declaration of function 'LCD_SetFont' [-Wimplicit-function-declaration]
   30 |         LCD_SetFont(&Font16x24);
      |         ^~~~~~~~~~~
../Core/Src/Timer_Driver.c:30:22: error: 'Font16x24' undeclared (first use in this function)
   30 |         LCD_SetFont(&Font16x24);
      |                      ^~~~~~~~~
../Core/Src/Timer_Driver.c:32:9: warning: implicit declaration of function 'LCD_DisplayChar' [-Wimplicit-function-declaration]
   32 |         LCD_DisplayChar(100,140,'H');
      |         ^~~~~~~~~~~~~~~
make: *** [Core/Src/subdir.mk:58: Core/Src/Timer_Driver.o] Error 1
"make -j20 all" terminated with exit code 2. Build might be incomplete.
16:16:29 **** Incremental Build of configuration Debug for project EApplebaumFinalProject2 ****
make -j20 all 
arm-none-eabi-gcc "../Core/Src/ApplicationCode.c" -mcpu=cortex-m4 -std=gnu11 -g3 -DDEBUG -DUSE_HAL_DRIVER -DSTM32F429xx -c -I../Core/Inc -I../Drivers/STM32F4xx_HAL_Driver/Inc -I../Drivers/STM32F4xx_HAL_Driver/Inc/Legacy -I../Drivers/CMSIS/Device/ST/STM32F4xx/Include -I../Drivers/CMSIS/Include -O0 -ffunction-sections -fdata-sections -Wall -fstack-usage -fcyclomatic-complexity -MMD -MP -MF"Core/Src/ApplicationCode.d" -MT"Core/Src/ApplicationCode.o" --specs=nano.specs -mfpu=fpv4-sp-d16 -mfloat-abi=hard -mthumb -o "Core/Src/ApplicationCode.o"
arm-none-eabi-gcc "../Core/Src/Timer_Driver.c" -mcpu=cortex-m4 -std=gnu11 -g3 -DDEBUG -DUSE_HAL_DRIVER -DSTM32F429xx -c -I../Core/Inc -I../Drivers/STM32F4xx_HAL_Driver/Inc -I../Drivers/STM32F4xx_HAL_Driver/Inc/Legacy -I../Drivers/CMSIS/Device/ST/STM32F4xx/Include -I../Drivers/CMSIS/Include -O0 -ffunction-sections -fdata-sections -Wall -fstack-usage -fcyclomatic-complexity -MMD -MP -MF"Core/Src/Timer_Driver.d" -MT"Core/Src/Timer_Driver.o" --specs=nano.specs -mfpu=fpv4-sp-d16 -mfloat-abi=hard -mthumb -o "Core/Src/Timer_Driver.o"
arm-none-eabi-gcc "../Core/Src/main.c" -mcpu=cortex-m4 -std=gnu11 -g3 -DDEBUG -DUSE_HAL_DRIVER -DSTM32F429xx -c -I../Core/Inc -I../Drivers/STM32F4xx_HAL_Driver/Inc -I../Drivers/STM32F4xx_HAL_Driver/Inc/Legacy -I../Drivers/CMSIS/Device/ST/STM32F4xx/Include -I../Drivers/CMSIS/Include -O0 -ffunction-sections -fdata-sections -Wall -fstack-usage -fcyclomatic-complexity -MMD -MP -MF"Core/Src/main.d" -MT"Core/Src/main.o" --specs=nano.specs -mfpu=fpv4-sp-d16 -mfloat-abi=hard -mthumb -o "Core/Src/main.o"
In file included from ../Core/Inc/ApplicationCode.h:13,
                 from ../Core/Src/ApplicationCode.c:8:
../Core/Inc/GameDriver.h:20:16: warning: 'translate_pending' defined but not used [-Wunused-variable]
   20 | static uint8_t translate_pending = 0;
      |                ^~~~~~~~~~~~~~~~~
../Core/Inc/GameDriver.h:19:16: warning: 'rotate_pending' defined but not used [-Wunused-variable]
   19 | static uint8_t rotate_pending = 0;
      |                ^~~~~~~~~~~~~~
../Core/Inc/GameDriver.h:18:26: warning: 'HRNG' defined but not used [-Wunused-variable]
   18 | static RNG_HandleTypeDef HRNG;
      |                          ^~~~
In file included from ../Core/Inc/ApplicationCode.h:13,
                 from ../Core/Src/main.c:21:
../Core/Inc/GameDriver.h:20:16: warning: 'translate_pending' defined but not used [-Wunused-variable]
   20 | static uint8_t translate_pending = 0;
      |                ^~~~~~~~~~~~~~~~~
../Core/Inc/GameDriver.h:19:16: warning: 'rotate_pending' defined but not used [-Wunused-variable]
   19 | static uint8_t rotate_pending = 0;
      |                ^~~~~~~~~~~~~~
../Core/Inc/GameDriver.h:18:26: warning: 'HRNG' defined but not used [-Wunused-variable]
   18 | static RNG_HandleTypeDef HRNG;
      |                          ^~~~
arm-none-eabi-gcc -o "EApplebaumFinalProject2.elf" @"objects.list"   -mcpu=cortex-m4 -T"C:\Users\14408\STM32CubeIDE\workspace_1.16.0\ECEN2370_FinalProject\EApplebaumFinalProject2\STM32F429ZITX_FLASH.ld" --specs=nosys.specs -Wl,-Map="EApplebaumFinalProject2.map" -Wl,--gc-sections -static --specs=nano.specs -mfpu=fpv4-sp-d16 -mfloat-abi=hard -mthumb -Wl,--start-group -lc -lm -Wl,--end-group
Finished building target: EApplebaumFinalProject2.elf
 
arm-none-eabi-size  EApplebaumFinalProject2.elf 
arm-none-eabi-objdump -h -S EApplebaumFinalProject2.elf  > "EApplebaumFinalProject2.list"
   text	   data	    bss	    dec	    hex	filename
  29812	    120	 156000	 185932	  2d64c	EApplebaumFinalProject2.elf
Finished building: default.size.stdout
 
Finished building: EApplebaumFinalProject2.list
 
16:32:59 **** Incremental Build of configuration Debug for project EApplebaumFinalProject2 ****
make -j20 all 
arm-none-eabi-gcc "../Core/Src/ApplicationCode.c" -mcpu=cortex-m4 -std=gnu11 -g3 -DDEBUG -DUSE_HAL_DRIVER -DSTM32F429xx -c -I../Core/Inc -I../Drivers/STM32F4xx_HAL_Driver/Inc -I../Drivers/STM32F4xx_HAL_Driver/Inc/Legacy -I../Drivers/CMSIS/Device/ST/STM32F4xx/Include -I../Drivers/CMSIS/Include -O0 -ffunction-sections -fdata-sections -Wall -fstack-usage -fcyclomatic-complexity -MMD -MP -MF"Core/Src/ApplicationCode.d" -MT"Core/Src/ApplicationCode.o" --specs=nano.specs -mfpu=fpv4-sp-d16 -mfloat-abi=hard -mthumb -o "Core/Src/ApplicationCode.o"
arm-none-eabi-gcc "../Core/Src/GameDriver.c" -mcpu=cortex-m4 -std=gnu11 -g3 -DDEBUG -DUSE_HAL_DRIVER -DSTM32F429xx -c -I../Core/Inc -I../Drivers/STM32F4xx_HAL_Driver/Inc -I../Drivers/STM32F4xx_HAL_Driver/Inc/Legacy -I../Drivers/CMSIS/Device/ST/STM32F4xx/Include -I../Drivers/CMSIS/Include -O0 -ffunction-sections -fdata-sections -Wall -fstack-usage -fcyclomatic-complexity -MMD -MP -MF"Core/Src/GameDriver.d" -MT"Core/Src/GameDriver.o" --specs=nano.specs -mfpu=fpv4-sp-d16 -mfloat-abi=hard -mthumb -o "Core/Src/GameDriver.o"
arm-none-eabi-gcc "../Core/Src/Timer_Driver.c" -mcpu=cortex-m4 -std=gnu11 -g3 -DDEBUG -DUSE_HAL_DRIVER -DSTM32F429xx -c -I../Core/Inc -I../Drivers/STM32F4xx_HAL_Driver/Inc -I../Drivers/STM32F4xx_HAL_Driver/Inc/Legacy -I../Drivers/CMSIS/Device/ST/STM32F4xx/Include -I../Drivers/CMSIS/Include -O0 -ffunction-sections -fdata-sections -Wall -fstack-usage -fcyclomatic-complexity -MMD -MP -MF"Core/Src/Timer_Driver.d" -MT"Core/Src/Timer_Driver.o" --specs=nano.specs -mfpu=fpv4-sp-d16 -mfloat-abi=hard -mthumb -o "Core/Src/Timer_Driver.o"
arm-none-eabi-gcc "../Core/Src/main.c" -mcpu=cortex-m4 -std=gnu11 -g3 -DDEBUG -DUSE_HAL_DRIVER -DSTM32F429xx -c -I../Core/Inc -I../Drivers/STM32F4xx_HAL_Driver/Inc -I../Drivers/STM32F4xx_HAL_Driver/Inc/Legacy -I../Drivers/CMSIS/Device/ST/STM32F4xx/Include -I../Drivers/CMSIS/Include -O0 -ffunction-sections -fdata-sections -Wall -fstack-usage -fcyclomatic-complexity -MMD -MP -MF"Core/Src/main.d" -MT"Core/Src/main.o" --specs=nano.specs -mfpu=fpv4-sp-d16 -mfloat-abi=hard -mthumb -o "Core/Src/main.o"
../Core/Src/GameDriver.c: In function 'spawn_tetromino':
../Core/Src/GameDriver.c:107:45: error: 'HRNG' undeclared (first use in this function); did you mean 'RNG'?
  107 |     current_type = HAL_RNG_GetRandomNumber(&HRNG) % 7; // Choose random tetromino
      |                                             ^~~~
      |                                             RNG
../Core/Src/GameDriver.c:107:45: note: each undeclared identifier is reported only once for each function it appears in
In file included from ../Core/Inc/stm32f4xx_hal_conf.h:407,
                 from ../Drivers/STM32F4xx_HAL_Driver/Inc/stm32f4xx_hal.h:29,
                 from ../Core/Inc/Timer_Driver.h:10,
                 from ../Core/Src/Timer_Driver.c:7:
../Core/Src/Timer_Driver.c: In function 'TIM2_IRQHandler':
../Core/Src/Timer_Driver.c:33:27: error: 'Timer' undeclared (first use in this function)
   33 |     __HAL_TIM_CLEAR_FLAG(&Timer, TIM_FLAG_CC1);
      |                           ^~~~~
../Drivers/STM32F4xx_HAL_Driver/Inc/stm32f4xx_hal_tim.h:1223:61: note: in definition of macro '__HAL_TIM_CLEAR_FLAG'
 1223 | #define __HAL_TIM_CLEAR_FLAG(__HANDLE__, __FLAG__)        ((__HANDLE__)->Instance->SR = ~(__FLAG__))
      |                                                             ^~~~~~~~~~
../Core/Src/Timer_Driver.c:33:27: note: each undeclared identifier is reported only once for each function it appears in
   33 |     __HAL_TIM_CLEAR_FLAG(&Timer, TIM_FLAG_CC1);
      |                           ^~~~~
../Drivers/STM32F4xx_HAL_Driver/Inc/stm32f4xx_hal_tim.h:1223:61: note: in definition of macro '__HAL_TIM_CLEAR_FLAG'
 1223 | #define __HAL_TIM_CLEAR_FLAG(__HANDLE__, __FLAG__)        ((__HANDLE__)->Instance->SR = ~(__FLAG__))
      |                                                             ^~~~~~~~~~
../Core/Src/GameDriver.c: In function 'Game_RNG_Init':
../Core/Src/GameDriver.c:240:9: error: 'HRNG' undeclared (first use in this function); did you mean 'RNG'?
  240 |         HRNG.Instance = RNG;
      |         ^~~~
      |         RNG
make: *** [Core/Src/subdir.mk:58: Core/Src/Timer_Driver.o] Error 1
make: *** Waiting for unfinished jobs....
make: *** [Core/Src/subdir.mk:58: Core/Src/GameDriver.o] Error 1
"make -j20 all" terminated with exit code 2. Build might be incomplete.
16:32:59 **** Clean-only build of configuration Debug for project EApplebaumLab4 ****
make -j20 clean 
rm -rf ./Startup/startup_stm32f429zitx.d ./Startup/startup_stm32f429zitx.o
rm -rf ./Src/ApplicationCode.cyclo ./Src/ApplicationCode.d ./Src/ApplicationCode.o ./Src/ApplicationCode.su ./Src/Button_Driver.cyclo ./Src/Button_Driver.d ./Src/Button_Driver.o ./Src/Button_Driver.su ./Src/GPIO_Driver.cyclo ./Src/GPIO_Driver.d ./Src/GPIO_Driver.o ./Src/GPIO_Driver.su ./Src/InterruptControl.cyclo ./Src/InterruptControl.d ./Src/InterruptControl.o ./Src/InterruptControl.su ./Src/LED_Driver.cyclo ./Src/LED_Driver.d ./Src/LED_Driver.o ./Src/LED_Driver.su ./Src/Scheduler.cyclo ./Src/Scheduler.d ./Src/Scheduler.o ./Src/Scheduler.su ./Src/Timer_Driver.cyclo ./Src/Timer_Driver.d ./Src/Timer_Driver.o ./Src/Timer_Driver.su ./Src/main.cyclo ./Src/main.d ./Src/main.o ./Src/main.su ./Src/syscalls.cyclo ./Src/syscalls.d ./Src/syscalls.o ./Src/syscalls.su ./Src/sysmem.cyclo ./Src/sysmem.d ./Src/sysmem.o ./Src/sysmem.su
rm -rf EApplebaumLab4.elf EApplebaumLab4.list EApplebaumLab4.map default.size.stdout
 
16:33:00 **** Build of configuration Debug for project EApplebaumLab4 ****
make -j20 all 
arm-none-eabi-gcc -mcpu=cortex-m4 -g3 -DDEBUG -c -x assembler-with-cpp -MMD -MP -MF"Startup/startup_stm32f429zitx.d" -MT"Startup/startup_stm32f429zitx.o" --specs=nano.specs -mfloat-abi=soft -mthumb -o "Startup/startup_stm32f429zitx.o" "../Startup/startup_stm32f429zitx.s"
arm-none-eabi-gcc "../Src/ApplicationCode.c" -mcpu=cortex-m4 -std=gnu11 -g3 -DDEBUG -DSTM32F429I_DISC1 -DSTM32 -DSTM32F429ZITx -DSTM32F4 -c -I../Inc -O0 -ffunction-sections -fdata-sections -Wall -fstack-usage -fcyclomatic-complexity -MMD -MP -MF"Src/ApplicationCode.d" -MT"Src/ApplicationCode.o" --specs=nano.specs -mfloat-abi=soft -mthumb -o "Src/ApplicationCode.o"
arm-none-eabi-gcc "../Src/Button_Driver.c" -mcpu=cortex-m4 -std=gnu11 -g3 -DDEBUG -DSTM32F429I_DISC1 -DSTM32 -DSTM32F429ZITx -DSTM32F4 -c -I../Inc -O0 -ffunction-sections -fdata-sections -Wall -fstack-usage -fcyclomatic-complexity -MMD -MP -MF"Src/Button_Driver.d" -MT"Src/Button_Driver.o" --specs=nano.specs -mfloat-abi=soft -mthumb -o "Src/Button_Driver.o"
arm-none-eabi-gcc "../Src/GPIO_Driver.c" -mcpu=cortex-m4 -std=gnu11 -g3 -DDEBUG -DSTM32F429I_DISC1 -DSTM32 -DSTM32F429ZITx -DSTM32F4 -c -I../Inc -O0 -ffunction-sections -fdata-sections -Wall -fstack-usage -fcyclomatic-complexity -MMD -MP -MF"Src/GPIO_Driver.d" -MT"Src/GPIO_Driver.o" --specs=nano.specs -mfloat-abi=soft -mthumb -o "Src/GPIO_Driver.o"
arm-none-eabi-gcc "../Src/InterruptControl.c" -mcpu=cortex-m4 -std=gnu11 -g3 -DDEBUG -DSTM32F429I_DISC1 -DSTM32 -DSTM32F429ZITx -DSTM32F4 -c -I../Inc -O0 -ffunction-sections -fdata-sections -Wall -fstack-usage -fcyclomatic-complexity -MMD -MP -MF"Src/InterruptControl.d" -MT"Src/InterruptControl.o" --specs=nano.specs -mfloat-abi=soft -mthumb -o "Src/InterruptControl.o"
arm-none-eabi-gcc "../Src/LED_Driver.c" -mcpu=cortex-m4 -std=gnu11 -g3 -DDEBUG -DSTM32F429I_DISC1 -DSTM32 -DSTM32F429ZITx -DSTM32F4 -c -I../Inc -O0 -ffunction-sections -fdata-sections -Wall -fstack-usage -fcyclomatic-complexity -MMD -MP -MF"Src/LED_Driver.d" -MT"Src/LED_Driver.o" --specs=nano.specs -mfloat-abi=soft -mthumb -o "Src/LED_Driver.o"
arm-none-eabi-gcc "../Src/Scheduler.c" -mcpu=cortex-m4 -std=gnu11 -g3 -DDEBUG -DSTM32F429I_DISC1 -DSTM32 -DSTM32F429ZITx -DSTM32F4 -c -I../Inc -O0 -ffunction-sections -fdata-sections -Wall -fstack-usage -fcyclomatic-complexity -MMD -MP -MF"Src/Scheduler.d" -MT"Src/Scheduler.o" --specs=nano.specs -mfloat-abi=soft -mthumb -o "Src/Scheduler.o"
arm-none-eabi-gcc "../Src/Timer_Driver.c" -mcpu=cortex-m4 -std=gnu11 -g3 -DDEBUG -DSTM32F429I_DISC1 -DSTM32 -DSTM32F429ZITx -DSTM32F4 -c -I../Inc -O0 -ffunction-sections -fdata-sections -Wall -fstack-usage -fcyclomatic-complexity -MMD -MP -MF"Src/Timer_Driver.d" -MT"Src/Timer_Driver.o" --specs=nano.specs -mfloat-abi=soft -mthumb -o "Src/Timer_Driver.o"
arm-none-eabi-gcc "../Src/main.c" -mcpu=cortex-m4 -std=gnu11 -g3 -DDEBUG -DSTM32F429I_DISC1 -DSTM32 -DSTM32F429ZITx -DSTM32F4 -c -I../Inc -O0 -ffunction-sections -fdata-sections -Wall -fstack-usage -fcyclomatic-complexity -MMD -MP -MF"Src/main.d" -MT"Src/main.o" --specs=nano.specs -mfloat-abi=soft -mthumb -o "Src/main.o"
arm-none-eabi-gcc "../Src/syscalls.c" -mcpu=cortex-m4 -std=gnu11 -g3 -DDEBUG -DSTM32F429I_DISC1 -DSTM32 -DSTM32F429ZITx -DSTM32F4 -c -I../Inc -O0 -ffunction-sections -fdata-sections -Wall -fstack-usage -fcyclomatic-complexity -MMD -MP -MF"Src/syscalls.d" -MT"Src/syscalls.o" --specs=nano.specs -mfloat-abi=soft -mthumb -o "Src/syscalls.o"
arm-none-eabi-gcc "../Src/sysmem.c" -mcpu=cortex-m4 -std=gnu11 -g3 -DDEBUG -DSTM32F429I_DISC1 -DSTM32 -DSTM32F429ZITx -DSTM32F4 -c -I../Inc -O0 -ffunction-sections -fdata-sections -Wall -fstack-usage -fcyclomatic-complexity -MMD -MP -MF"Src/sysmem.d" -MT"Src/sysmem.o" --specs=nano.specs -mfloat-abi=soft -mthumb -o "Src/sysmem.o"
arm-none-eabi-gcc -o "EApplebaumLab4.elf" @"objects.list"   -mcpu=cortex-m4 -T"C:\Users\14408\STM32CubeIDE\workspace_1.16.0\EApplebaumLab4\STM32F429ZITX_FLASH.ld" --specs=nosys.specs -Wl,-Map="EApplebaumLab4.map" -Wl,--gc-sections -static --specs=nano.specs -mfloat-abi=soft -mthumb -Wl,--start-group -lc -lm -Wl,--end-group
Finished building target: EApplebaumLab4.elf
 
arm-none-eabi-size  EApplebaumLab4.elf 
arm-none-eabi-objdump -h -S EApplebaumLab4.elf  > "EApplebaumLab4.list"
   text	   data	    bss	    dec	    hex	filename
   3100	      0	   1568	   4668	   123c	EApplebaumLab4.elf
Finished building: default.size.stdout
 
Finished building: EApplebaumLab4.list
 
16:33:16 **** Incremental Build of configuration Debug for project EApplebaumFinalProject2 ****
make -j20 all 
arm-none-eabi-gcc "../Core/Src/GameDriver.c" -mcpu=cortex-m4 -std=gnu11 -g3 -DDEBUG -DUSE_HAL_DRIVER -DSTM32F429xx -c -I../Core/Inc -I../Drivers/STM32F4xx_HAL_Driver/Inc -I../Drivers/STM32F4xx_HAL_Driver/Inc/Legacy -I../Drivers/CMSIS/Device/ST/STM32F4xx/Include -I../Drivers/CMSIS/Include -O0 -ffunction-sections -fdata-sections -Wall -fstack-usage -fcyclomatic-complexity -MMD -MP -MF"Core/Src/GameDriver.d" -MT"Core/Src/GameDriver.o" --specs=nano.specs -mfpu=fpv4-sp-d16 -mfloat-abi=hard -mthumb -o "Core/Src/GameDriver.o"
arm-none-eabi-gcc "../Core/Src/Timer_Driver.c" -mcpu=cortex-m4 -std=gnu11 -g3 -DDEBUG -DUSE_HAL_DRIVER -DSTM32F429xx -c -I../Core/Inc -I../Drivers/STM32F4xx_HAL_Driver/Inc -I../Drivers/STM32F4xx_HAL_Driver/Inc/Legacy -I../Drivers/CMSIS/Device/ST/STM32F4xx/Include -I../Drivers/CMSIS/Include -O0 -ffunction-sections -fdata-sections -Wall -fstack-usage -fcyclomatic-complexity -MMD -MP -MF"Core/Src/Timer_Driver.d" -MT"Core/Src/Timer_Driver.o" --specs=nano.specs -mfpu=fpv4-sp-d16 -mfloat-abi=hard -mthumb -o "Core/Src/Timer_Driver.o"
../Core/Src/GameDriver.c: In function 'spawn_tetromino':
../Core/Src/GameDriver.c:107:45: error: 'HRNG' undeclared (first use in this function); did you mean 'RNG'?
  107 |     current_type = HAL_RNG_GetRandomNumber(&HRNG) % 7; // Choose random tetromino
      |                                             ^~~~
      |                                             RNG
../Core/Src/GameDriver.c:107:45: note: each undeclared identifier is reported only once for each function it appears in
In file included from ../Core/Inc/stm32f4xx_hal_conf.h:407,
                 from ../Drivers/STM32F4xx_HAL_Driver/Inc/stm32f4xx_hal.h:29,
                 from ../Core/Inc/Timer_Driver.h:10,
                 from ../Core/Src/Timer_Driver.c:7:
../Core/Src/Timer_Driver.c: In function 'TIM2_IRQHandler':
../Core/Src/Timer_Driver.c:33:27: error: 'Timer' undeclared (first use in this function)
   33 |     __HAL_TIM_CLEAR_FLAG(&Timer, TIM_FLAG_CC1);
      |                           ^~~~~
../Drivers/STM32F4xx_HAL_Driver/Inc/stm32f4xx_hal_tim.h:1223:61: note: in definition of macro '__HAL_TIM_CLEAR_FLAG'
 1223 | #define __HAL_TIM_CLEAR_FLAG(__HANDLE__, __FLAG__)        ((__HANDLE__)->Instance->SR = ~(__FLAG__))
      |                                                             ^~~~~~~~~~
../Core/Src/Timer_Driver.c:33:27: note: each undeclared identifier is reported only once for each function it appears in
   33 |     __HAL_TIM_CLEAR_FLAG(&Timer, TIM_FLAG_CC1);
      |                           ^~~~~
../Drivers/STM32F4xx_HAL_Driver/Inc/stm32f4xx_hal_tim.h:1223:61: note: in definition of macro '__HAL_TIM_CLEAR_FLAG'
 1223 | #define __HAL_TIM_CLEAR_FLAG(__HANDLE__, __FLAG__)        ((__HANDLE__)->Instance->SR = ~(__FLAG__))
      |                                                             ^~~~~~~~~~
../Core/Src/GameDriver.c: In function 'Game_RNG_Init':
../Core/Src/GameDriver.c:240:9: error: 'HRNG' undeclared (first use in this function); did you mean 'RNG'?
  240 |         HRNG.Instance = RNG;
      |         ^~~~
      |         RNG
make: *** [Core/Src/subdir.mk:58: Core/Src/Timer_Driver.o] Error 1
make: *** Waiting for unfinished jobs....
make: *** [Core/Src/subdir.mk:58: Core/Src/GameDriver.o] Error 1
"make -j20 all" terminated with exit code 2. Build might be incomplete.
16:35:29 **** Incremental Build of configuration Debug for project EApplebaumFinalProject2 ****
make -j20 all 
arm-none-eabi-gcc "../Core/Src/GameDriver.c" -mcpu=cortex-m4 -std=gnu11 -g3 -DDEBUG -DUSE_HAL_DRIVER -DSTM32F429xx -c -I../Core/Inc -I../Drivers/STM32F4xx_HAL_Driver/Inc -I../Drivers/STM32F4xx_HAL_Driver/Inc/Legacy -I../Drivers/CMSIS/Device/ST/STM32F4xx/Include -I../Drivers/CMSIS/Include -O0 -ffunction-sections -fdata-sections -Wall -fstack-usage -fcyclomatic-complexity -MMD -MP -MF"Core/Src/GameDriver.d" -MT"Core/Src/GameDriver.o" --specs=nano.specs -mfpu=fpv4-sp-d16 -mfloat-abi=hard -mthumb -o "Core/Src/GameDriver.o"
arm-none-eabi-gcc "../Core/Src/Timer_Driver.c" -mcpu=cortex-m4 -std=gnu11 -g3 -DDEBUG -DUSE_HAL_DRIVER -DSTM32F429xx -c -I../Core/Inc -I../Drivers/STM32F4xx_HAL_Driver/Inc -I../Drivers/STM32F4xx_HAL_Driver/Inc/Legacy -I../Drivers/CMSIS/Device/ST/STM32F4xx/Include -I../Drivers/CMSIS/Include -O0 -ffunction-sections -fdata-sections -Wall -fstack-usage -fcyclomatic-complexity -MMD -MP -MF"Core/Src/Timer_Driver.d" -MT"Core/Src/Timer_Driver.o" --specs=nano.specs -mfpu=fpv4-sp-d16 -mfloat-abi=hard -mthumb -o "Core/Src/Timer_Driver.o"
../Core/Src/GameDriver.c: In function 'spawn_tetromino':
../Core/Src/GameDriver.c:107:45: error: 'HRNG' undeclared (first use in this function); did you mean 'RNG'?
  107 |     current_type = HAL_RNG_GetRandomNumber(&HRNG) % 7; // Choose random tetromino
      |                                             ^~~~
      |                                             RNG
../Core/Src/GameDriver.c:107:45: note: each undeclared identifier is reported only once for each function it appears in
../Core/Src/GameDriver.c: In function 'Game_RNG_Init':
../Core/Src/GameDriver.c:240:9: error: 'HRNG' undeclared (first use in this function); did you mean 'RNG'?
  240 |         HRNG.Instance = RNG;
      |         ^~~~
      |         RNG
make: *** [Core/Src/subdir.mk:58: Core/Src/GameDriver.o] Error 1
make: *** Waiting for unfinished jobs....
../Core/Src/Timer_Driver.c: In function 'TIM2_IRQHandler':
../Core/Src/Timer_Driver.c:33:9: warning: implicit declaration of function 'HAL_NVIC_ClearIRQ'; did you mean 'HAL_NVIC_DisableIRQ'? [-Wimplicit-function-declaration]
   33 |         HAL_NVIC_ClearIRQ(TIM2_IRQn);
      |         ^~~~~~~~~~~~~~~~~
      |         HAL_NVIC_DisableIRQ
"make -j20 all" terminated with exit code 2. Build might be incomplete.
16:35:30 **** Incremental Build of configuration Debug for project EApplebaumLab4 ****
make -j20 all 
arm-none-eabi-size  EApplebaumLab4.elf 
   text	   data	    bss	    dec	    hex	filename
   3100	      0	   1568	   4668	   123c	EApplebaumLab4.elf
Finished building: default.size.stdout
 
16:36:22 **** Incremental Build of configuration Debug for project EApplebaumFinalProject2 ****
make -j20 all 
arm-none-eabi-gcc "../Core/Src/GameDriver.c" -mcpu=cortex-m4 -std=gnu11 -g3 -DDEBUG -DUSE_HAL_DRIVER -DSTM32F429xx -c -I../Core/Inc -I../Drivers/STM32F4xx_HAL_Driver/Inc -I../Drivers/STM32F4xx_HAL_Driver/Inc/Legacy -I../Drivers/CMSIS/Device/ST/STM32F4xx/Include -I../Drivers/CMSIS/Include -O0 -ffunction-sections -fdata-sections -Wall -fstack-usage -fcyclomatic-complexity -MMD -MP -MF"Core/Src/GameDriver.d" -MT"Core/Src/GameDriver.o" --specs=nano.specs -mfpu=fpv4-sp-d16 -mfloat-abi=hard -mthumb -o "Core/Src/GameDriver.o"
arm-none-eabi-gcc "../Core/Src/Timer_Driver.c" -mcpu=cortex-m4 -std=gnu11 -g3 -DDEBUG -DUSE_HAL_DRIVER -DSTM32F429xx -c -I../Core/Inc -I../Drivers/STM32F4xx_HAL_Driver/Inc -I../Drivers/STM32F4xx_HAL_Driver/Inc/Legacy -I../Drivers/CMSIS/Device/ST/STM32F4xx/Include -I../Drivers/CMSIS/Include -O0 -ffunction-sections -fdata-sections -Wall -fstack-usage -fcyclomatic-complexity -MMD -MP -MF"Core/Src/Timer_Driver.d" -MT"Core/Src/Timer_Driver.o" --specs=nano.specs -mfpu=fpv4-sp-d16 -mfloat-abi=hard -mthumb -o "Core/Src/Timer_Driver.o"
../Core/Src/GameDriver.c: In function 'spawn_tetromino':
../Core/Src/GameDriver.c:107:45: error: 'HRNG' undeclared (first use in this function); did you mean 'RNG'?
  107 |     current_type = HAL_RNG_GetRandomNumber(&HRNG) % 7; // Choose random tetromino
      |                                             ^~~~
      |                                             RNG
../Core/Src/GameDriver.c:107:45: note: each undeclared identifier is reported only once for each function it appears in
../Core/Src/GameDriver.c: In function 'Game_RNG_Init':
../Core/Src/GameDriver.c:240:9: error: 'HRNG' undeclared (first use in this function); did you mean 'RNG'?
  240 |         HRNG.Instance = RNG;
      |         ^~~~
      |         RNG
make: *** [Core/Src/subdir.mk:58: Core/Src/GameDriver.o] Error 1
make: *** Waiting for unfinished jobs....
"make -j20 all" terminated with exit code 2. Build might be incomplete.
16:38:24 **** Incremental Build of configuration Debug for project EApplebaumFinalProject2 ****
make -j20 all 
arm-none-eabi-gcc "../Core/Src/GameDriver.c" -mcpu=cortex-m4 -std=gnu11 -g3 -DDEBUG -DUSE_HAL_DRIVER -DSTM32F429xx -c -I../Core/Inc -I../Drivers/STM32F4xx_HAL_Driver/Inc -I../Drivers/STM32F4xx_HAL_Driver/Inc/Legacy -I../Drivers/CMSIS/Device/ST/STM32F4xx/Include -I../Drivers/CMSIS/Include -O0 -ffunction-sections -fdata-sections -Wall -fstack-usage -fcyclomatic-complexity -MMD -MP -MF"Core/Src/GameDriver.d" -MT"Core/Src/GameDriver.o" --specs=nano.specs -mfpu=fpv4-sp-d16 -mfloat-abi=hard -mthumb -o "Core/Src/GameDriver.o"
arm-none-eabi-gcc -o "EApplebaumFinalProject2.elf" @"objects.list"   -mcpu=cortex-m4 -T"C:\Users\14408\STM32CubeIDE\workspace_1.16.0\ECEN2370_FinalProject\EApplebaumFinalProject2\STM32F429ZITX_FLASH.ld" --specs=nosys.specs -Wl,-Map="EApplebaumFinalProject2.map" -Wl,--gc-sections -static --specs=nano.specs -mfpu=fpv4-sp-d16 -mfloat-abi=hard -mthumb -Wl,--start-group -lc -lm -Wl,--end-group
Finished building target: EApplebaumFinalProject2.elf
 
arm-none-eabi-size  EApplebaumFinalProject2.elf 
arm-none-eabi-objdump -h -S EApplebaumFinalProject2.elf  > "EApplebaumFinalProject2.list"
   text	   data	    bss	    dec	    hex	filename
  29812	    120	 155928	 185860	  2d604	EApplebaumFinalProject2.elf
Finished building: default.size.stdout
 
Finished building: EApplebaumFinalProject2.list
 
16:39:12 **** Incremental Build of configuration Debug for project EApplebaumFinalProject2 ****
make -j20 all 
arm-none-eabi-gcc "../Core/Src/main.c" -mcpu=cortex-m4 -std=gnu11 -g3 -DDEBUG -DUSE_HAL_DRIVER -DSTM32F429xx -c -I../Core/Inc -I../Drivers/STM32F4xx_HAL_Driver/Inc -I../Drivers/STM32F4xx_HAL_Driver/Inc/Legacy -I../Drivers/CMSIS/Device/ST/STM32F4xx/Include -I../Drivers/CMSIS/Include -O0 -ffunction-sections -fdata-sections -Wall -fstack-usage -fcyclomatic-complexity -MMD -MP -MF"Core/Src/main.d" -MT"Core/Src/main.o" --specs=nano.specs -mfpu=fpv4-sp-d16 -mfloat-abi=hard -mthumb -o "Core/Src/main.o"
../Core/Src/main.c: In function 'main':
../Core/Src/main.c:45:3: warning: implicit declaration of function 'Hal_Delay'; did you mean 'HAL_Delay'? [-Wimplicit-function-declaration]
   45 |   Hal_Delay(5000);
      |   ^~~~~~~~~
      |   HAL_Delay
arm-none-eabi-gcc -o "EApplebaumFinalProject2.elf" @"objects.list"   -mcpu=cortex-m4 -T"C:\Users\14408\STM32CubeIDE\workspace_1.16.0\ECEN2370_FinalProject\EApplebaumFinalProject2\STM32F429ZITX_FLASH.ld" --specs=nosys.specs -Wl,-Map="EApplebaumFinalProject2.map" -Wl,--gc-sections -static --specs=nano.specs -mfpu=fpv4-sp-d16 -mfloat-abi=hard -mthumb -Wl,--start-group -lc -lm -Wl,--end-group
C:/ST/STM32CubeIDE_1.16.0/STM32CubeIDE/plugins/com.st.stm32cube.ide.mcu.externaltools.gnu-tools-for-stm32.12.3.rel1.win32_1.0.200.202406191623/tools/bin/../lib/gcc/arm-none-eabi/12.3.1/../../../../arm-none-eabi/bin/ld.exe: ./Core/Src/main.o: in function `main':
C:/Users/14408/STM32CubeIDE/workspace_1.16.0/ECEN2370_FinalProject/EApplebaumFinalProject2/Debug/../Core/Src/main.c:45: undefined reference to `Hal_Delay'
collect2.exe: error: ld returned 1 exit status
make: *** [makefile:64: EApplebaumFinalProject2.elf] Error 1
"make -j20 all" terminated with exit code 2. Build might be incomplete.
16:39:25 **** Incremental Build of configuration Debug for project EApplebaumFinalProject2 ****
make -j20 all 
arm-none-eabi-gcc "../Core/Src/main.c" -mcpu=cortex-m4 -std=gnu11 -g3 -DDEBUG -DUSE_HAL_DRIVER -DSTM32F429xx -c -I../Core/Inc -I../Drivers/STM32F4xx_HAL_Driver/Inc -I../Drivers/STM32F4xx_HAL_Driver/Inc/Legacy -I../Drivers/CMSIS/Device/ST/STM32F4xx/Include -I../Drivers/CMSIS/Include -O0 -ffunction-sections -fdata-sections -Wall -fstack-usage -fcyclomatic-complexity -MMD -MP -MF"Core/Src/main.d" -MT"Core/Src/main.o" --specs=nano.specs -mfpu=fpv4-sp-d16 -mfloat-abi=hard -mthumb -o "Core/Src/main.o"
arm-none-eabi-gcc -o "EApplebaumFinalProject2.elf" @"objects.list"   -mcpu=cortex-m4 -T"C:\Users\14408\STM32CubeIDE\workspace_1.16.0\ECEN2370_FinalProject\EApplebaumFinalProject2\STM32F429ZITX_FLASH.ld" --specs=nosys.specs -Wl,-Map="EApplebaumFinalProject2.map" -Wl,--gc-sections -static --specs=nano.specs -mfpu=fpv4-sp-d16 -mfloat-abi=hard -mthumb -Wl,--start-group -lc -lm -Wl,--end-group
Finished building target: EApplebaumFinalProject2.elf
 
arm-none-eabi-size  EApplebaumFinalProject2.elf 
arm-none-eabi-objdump -h -S EApplebaumFinalProject2.elf  > "EApplebaumFinalProject2.list"
   text	   data	    bss	    dec	    hex	filename
  29712	    120	 155928	 185760	  2d5a0	EApplebaumFinalProject2.elf
Finished building: default.size.stdout
 
Finished building: EApplebaumFinalProject2.list
 
16:42:10 **** Incremental Build of configuration Debug for project EApplebaumFinalProject2 ****
make -j20 all 
arm-none-eabi-gcc "../Core/Src/main.c" -mcpu=cortex-m4 -std=gnu11 -g3 -DDEBUG -DUSE_HAL_DRIVER -DSTM32F429xx -c -I../Core/Inc -I../Drivers/STM32F4xx_HAL_Driver/Inc -I../Drivers/STM32F4xx_HAL_Driver/Inc/Legacy -I../Drivers/CMSIS/Device/ST/STM32F4xx/Include -I../Drivers/CMSIS/Include -O0 -ffunction-sections -fdata-sections -Wall -fstack-usage -fcyclomatic-complexity -MMD -MP -MF"Core/Src/main.d" -MT"Core/Src/main.o" --specs=nano.specs -mfpu=fpv4-sp-d16 -mfloat-abi=hard -mthumb -o "Core/Src/main.o"
../Core/Src/main.c: In function 'main':
../Core/Src/main.c:52:1: warning: implicit declaration of function 'draw_Block'; did you mean 'draw_block'? [-Wimplicit-function-declaration]
   52 | draw_Block(i%10, i%10, 0);
      | ^~~~~~~~~~
      | draw_block
arm-none-eabi-gcc -o "EApplebaumFinalProject2.elf" @"objects.list"   -mcpu=cortex-m4 -T"C:\Users\14408\STM32CubeIDE\workspace_1.16.0\ECEN2370_FinalProject\EApplebaumFinalProject2\STM32F429ZITX_FLASH.ld" --specs=nosys.specs -Wl,-Map="EApplebaumFinalProject2.map" -Wl,--gc-sections -static --specs=nano.specs -mfpu=fpv4-sp-d16 -mfloat-abi=hard -mthumb -Wl,--start-group -lc -lm -Wl,--end-group
C:/ST/STM32CubeIDE_1.16.0/STM32CubeIDE/plugins/com.st.stm32cube.ide.mcu.externaltools.gnu-tools-for-stm32.12.3.rel1.win32_1.0.200.202406191623/tools/bin/../lib/gcc/arm-none-eabi/12.3.1/../../../../arm-none-eabi/bin/ld.exe: ./Core/Src/main.o: in function `main':
C:/Users/14408/STM32CubeIDE/workspace_1.16.0/ECEN2370_FinalProject/EApplebaumFinalProject2/Debug/../Core/Src/main.c:52: undefined reference to `draw_Block'
collect2.exe: error: ld returned 1 exit status
make: *** [makefile:64: EApplebaumFinalProject2.elf] Error 1
"make -j20 all" terminated with exit code 2. Build might be incomplete.
16:44:12 **** Incremental Build of configuration Debug for project EApplebaumFinalProject2 ****
make -j20 all 
arm-none-eabi-gcc "../Core/Src/main.c" -mcpu=cortex-m4 -std=gnu11 -g3 -DDEBUG -DUSE_HAL_DRIVER -DSTM32F429xx -c -I../Core/Inc -I../Drivers/STM32F4xx_HAL_Driver/Inc -I../Drivers/STM32F4xx_HAL_Driver/Inc/Legacy -I../Drivers/CMSIS/Device/ST/STM32F4xx/Include -I../Drivers/CMSIS/Include -O0 -ffunction-sections -fdata-sections -Wall -fstack-usage -fcyclomatic-complexity -MMD -MP -MF"Core/Src/main.d" -MT"Core/Src/main.o" --specs=nano.specs -mfpu=fpv4-sp-d16 -mfloat-abi=hard -mthumb -o "Core/Src/main.o"
arm-none-eabi-gcc -o "EApplebaumFinalProject2.elf" @"objects.list"   -mcpu=cortex-m4 -T"C:\Users\14408\STM32CubeIDE\workspace_1.16.0\ECEN2370_FinalProject\EApplebaumFinalProject2\STM32F429ZITX_FLASH.ld" --specs=nosys.specs -Wl,-Map="EApplebaumFinalProject2.map" -Wl,--gc-sections -static --specs=nano.specs -mfpu=fpv4-sp-d16 -mfloat-abi=hard -mthumb -Wl,--start-group -lc -lm -Wl,--end-group
Finished building target: EApplebaumFinalProject2.elf
 
arm-none-eabi-size  EApplebaumFinalProject2.elf 
arm-none-eabi-objdump -h -S EApplebaumFinalProject2.elf  > "EApplebaumFinalProject2.list"
   text	   data	    bss	    dec	    hex	filename
  29968	    120	 155928	 186016	  2d6a0	EApplebaumFinalProject2.elf
Finished building: default.size.stdout
 
Finished building: EApplebaumFinalProject2.list
 
16:44:35 **** Incremental Build of configuration Debug for project EApplebaumFinalProject2 ****
make -j20 all 
arm-none-eabi-size  EApplebaumFinalProject2.elf 
   text	   data	    bss	    dec	    hex	filename
  29968	    120	 155928	 186016	  2d6a0	EApplebaumFinalProject2.elf
Finished building: default.size.stdout
 
16:45:22 **** Incremental Build of configuration Debug for project EApplebaumFinalProject2 ****
make -j20 all 
arm-none-eabi-gcc "../Core/Src/main.c" -mcpu=cortex-m4 -std=gnu11 -g3 -DDEBUG -DUSE_HAL_DRIVER -DSTM32F429xx -c -I../Core/Inc -I../Drivers/STM32F4xx_HAL_Driver/Inc -I../Drivers/STM32F4xx_HAL_Driver/Inc/Legacy -I../Drivers/CMSIS/Device/ST/STM32F4xx/Include -I../Drivers/CMSIS/Include -O0 -ffunction-sections -fdata-sections -Wall -fstack-usage -fcyclomatic-complexity -MMD -MP -MF"Core/Src/main.d" -MT"Core/Src/main.o" --specs=nano.specs -mfpu=fpv4-sp-d16 -mfloat-abi=hard -mthumb -o "Core/Src/main.o"
../Core/Src/main.c: In function 'main':
../Core/Src/main.c:55:4: error: expected ';' before '}' token
   55 | i++
      |    ^
      |    ;
   56 |   }
      |   ~ 
make: *** [Core/Src/subdir.mk:58: Core/Src/main.o] Error 1
"make -j20 all" terminated with exit code 2. Build might be incomplete.
16:45:31 **** Incremental Build of configuration Debug for project EApplebaumFinalProject2 ****
make -j20 all 
arm-none-eabi-gcc "../Core/Src/main.c" -mcpu=cortex-m4 -std=gnu11 -g3 -DDEBUG -DUSE_HAL_DRIVER -DSTM32F429xx -c -I../Core/Inc -I../Drivers/STM32F4xx_HAL_Driver/Inc -I../Drivers/STM32F4xx_HAL_Driver/Inc/Legacy -I../Drivers/CMSIS/Device/ST/STM32F4xx/Include -I../Drivers/CMSIS/Include -O0 -ffunction-sections -fdata-sections -Wall -fstack-usage -fcyclomatic-complexity -MMD -MP -MF"Core/Src/main.d" -MT"Core/Src/main.o" --specs=nano.specs -mfpu=fpv4-sp-d16 -mfloat-abi=hard -mthumb -o "Core/Src/main.o"
arm-none-eabi-gcc -o "EApplebaumFinalProject2.elf" @"objects.list"   -mcpu=cortex-m4 -T"C:\Users\14408\STM32CubeIDE\workspace_1.16.0\ECEN2370_FinalProject\EApplebaumFinalProject2\STM32F429ZITX_FLASH.ld" --specs=nosys.specs -Wl,-Map="EApplebaumFinalProject2.map" -Wl,--gc-sections -static --specs=nano.specs -mfpu=fpv4-sp-d16 -mfloat-abi=hard -mthumb -Wl,--start-group -lc -lm -Wl,--end-group
Finished building target: EApplebaumFinalProject2.elf
 
arm-none-eabi-size  EApplebaumFinalProject2.elf 
arm-none-eabi-objdump -h -S EApplebaumFinalProject2.elf  > "EApplebaumFinalProject2.list"
   text	   data	    bss	    dec	    hex	filename
  29976	    120	 155928	 186024	  2d6a8	EApplebaumFinalProject2.elf
Finished building: default.size.stdout
 
Finished building: EApplebaumFinalProject2.list
 
16:46:56 **** Incremental Build of configuration Debug for project EApplebaumFinalProject2 ****
make -j20 all 
arm-none-eabi-gcc "../Core/Src/main.c" -mcpu=cortex-m4 -std=gnu11 -g3 -DDEBUG -DUSE_HAL_DRIVER -DSTM32F429xx -c -I../Core/Inc -I../Drivers/STM32F4xx_HAL_Driver/Inc -I../Drivers/STM32F4xx_HAL_Driver/Inc/Legacy -I../Drivers/CMSIS/Device/ST/STM32F4xx/Include -I../Drivers/CMSIS/Include -O0 -ffunction-sections -fdata-sections -Wall -fstack-usage -fcyclomatic-complexity -MMD -MP -MF"Core/Src/main.d" -MT"Core/Src/main.o" --specs=nano.specs -mfpu=fpv4-sp-d16 -mfloat-abi=hard -mthumb -o "Core/Src/main.o"
../Core/Src/main.c: In function 'main':
../Core/Src/main.c:49:5: warning: unused variable 'i' [-Wunused-variable]
   49 | int i = 0;
      |     ^
arm-none-eabi-gcc -o "EApplebaumFinalProject2.elf" @"objects.list"   -mcpu=cortex-m4 -T"C:\Users\14408\STM32CubeIDE\workspace_1.16.0\ECEN2370_FinalProject\EApplebaumFinalProject2\STM32F429ZITX_FLASH.ld" --specs=nosys.specs -Wl,-Map="EApplebaumFinalProject2.map" -Wl,--gc-sections -static --specs=nano.specs -mfpu=fpv4-sp-d16 -mfloat-abi=hard -mthumb -Wl,--start-group -lc -lm -Wl,--end-group
Finished building target: EApplebaumFinalProject2.elf
 
arm-none-eabi-size  EApplebaumFinalProject2.elf 
arm-none-eabi-objdump -h -S EApplebaumFinalProject2.elf  > "EApplebaumFinalProject2.list"
   text	   data	    bss	    dec	    hex	filename
  29716	    120	 155928	 185764	  2d5a4	EApplebaumFinalProject2.elf
Finished building: default.size.stdout
 
Finished building: EApplebaumFinalProject2.list
 
16:47:59 **** Incremental Build of configuration Debug for project EApplebaumFinalProject2 ****
make -j20 all 
arm-none-eabi-gcc "../Core/Src/main.c" -mcpu=cortex-m4 -std=gnu11 -g3 -DDEBUG -DUSE_HAL_DRIVER -DSTM32F429xx -c -I../Core/Inc -I../Drivers/STM32F4xx_HAL_Driver/Inc -I../Drivers/STM32F4xx_HAL_Driver/Inc/Legacy -I../Drivers/CMSIS/Device/ST/STM32F4xx/Include -I../Drivers/CMSIS/Include -O0 -ffunction-sections -fdata-sections -Wall -fstack-usage -fcyclomatic-complexity -MMD -MP -MF"Core/Src/main.d" -MT"Core/Src/main.o" --specs=nano.specs -mfpu=fpv4-sp-d16 -mfloat-abi=hard -mthumb -o "Core/Src/main.o"
arm-none-eabi-gcc -o "EApplebaumFinalProject2.elf" @"objects.list"   -mcpu=cortex-m4 -T"C:\Users\14408\STM32CubeIDE\workspace_1.16.0\ECEN2370_FinalProject\EApplebaumFinalProject2\STM32F429ZITX_FLASH.ld" --specs=nosys.specs -Wl,-Map="EApplebaumFinalProject2.map" -Wl,--gc-sections -static --specs=nano.specs -mfpu=fpv4-sp-d16 -mfloat-abi=hard -mthumb -Wl,--start-group -lc -lm -Wl,--end-group
Finished building target: EApplebaumFinalProject2.elf
 
arm-none-eabi-size  EApplebaumFinalProject2.elf 
arm-none-eabi-objdump -h -S EApplebaumFinalProject2.elf  > "EApplebaumFinalProject2.list"
   text	   data	    bss	    dec	    hex	filename
  30336	    232	 156064	 186632	  2d908	EApplebaumFinalProject2.elf
Finished building: default.size.stdout
 
Finished building: EApplebaumFinalProject2.list
 
16:49:26 **** Incremental Build of configuration Debug for project EApplebaumFinalProject2 ****
make -j20 all 
arm-none-eabi-gcc "../Core/Src/ApplicationCode.c" -mcpu=cortex-m4 -std=gnu11 -g3 -DDEBUG -DUSE_HAL_DRIVER -DSTM32F429xx -c -I../Core/Inc -I../Drivers/STM32F4xx_HAL_Driver/Inc -I../Drivers/STM32F4xx_HAL_Driver/Inc/Legacy -I../Drivers/CMSIS/Device/ST/STM32F4xx/Include -I../Drivers/CMSIS/Include -O0 -ffunction-sections -fdata-sections -Wall -fstack-usage -fcyclomatic-complexity -MMD -MP -MF"Core/Src/ApplicationCode.d" -MT"Core/Src/ApplicationCode.o" --specs=nano.specs -mfpu=fpv4-sp-d16 -mfloat-abi=hard -mthumb -o "Core/Src/ApplicationCode.o"
arm-none-eabi-gcc "../Core/Src/main.c" -mcpu=cortex-m4 -std=gnu11 -g3 -DDEBUG -DUSE_HAL_DRIVER -DSTM32F429xx -c -I../Core/Inc -I../Drivers/STM32F4xx_HAL_Driver/Inc -I../Drivers/STM32F4xx_HAL_Driver/Inc/Legacy -I../Drivers/CMSIS/Device/ST/STM32F4xx/Include -I../Drivers/CMSIS/Include -O0 -ffunction-sections -fdata-sections -Wall -fstack-usage -fcyclomatic-complexity -MMD -MP -MF"Core/Src/main.d" -MT"Core/Src/main.o" --specs=nano.specs -mfpu=fpv4-sp-d16 -mfloat-abi=hard -mthumb -o "Core/Src/main.o"
../Core/Src/ApplicationCode.c: In function 'ApplicationInit':
../Core/Src/ApplicationCode.c:43:26: error: expected ';' before '}' token
   43 |         initialize_game()
      |                          ^
      |                          ;
   44 | }
      | ~                         
make: *** [Core/Src/subdir.mk:58: Core/Src/ApplicationCode.o] Error 1
make: *** Waiting for unfinished jobs....
"make -j20 all" terminated with exit code 2. Build might be incomplete.
16:49:42 **** Incremental Build of configuration Debug for project EApplebaumFinalProject2 ****
make -j20 all 
arm-none-eabi-gcc "../Core/Src/ApplicationCode.c" -mcpu=cortex-m4 -std=gnu11 -g3 -DDEBUG -DUSE_HAL_DRIVER -DSTM32F429xx -c -I../Core/Inc -I../Drivers/STM32F4xx_HAL_Driver/Inc -I../Drivers/STM32F4xx_HAL_Driver/Inc/Legacy -I../Drivers/CMSIS/Device/ST/STM32F4xx/Include -I../Drivers/CMSIS/Include -O0 -ffunction-sections -fdata-sections -Wall -fstack-usage -fcyclomatic-complexity -MMD -MP -MF"Core/Src/ApplicationCode.d" -MT"Core/Src/ApplicationCode.o" --specs=nano.specs -mfpu=fpv4-sp-d16 -mfloat-abi=hard -mthumb -o "Core/Src/ApplicationCode.o"
arm-none-eabi-gcc -o "EApplebaumFinalProject2.elf" @"objects.list"   -mcpu=cortex-m4 -T"C:\Users\14408\STM32CubeIDE\workspace_1.16.0\ECEN2370_FinalProject\EApplebaumFinalProject2\STM32F429ZITX_FLASH.ld" --specs=nosys.specs -Wl,-Map="EApplebaumFinalProject2.map" -Wl,--gc-sections -static --specs=nano.specs -mfpu=fpv4-sp-d16 -mfloat-abi=hard -mthumb -Wl,--start-group -lc -lm -Wl,--end-group
Finished building target: EApplebaumFinalProject2.elf
 
arm-none-eabi-size  EApplebaumFinalProject2.elf 
arm-none-eabi-objdump -h -S EApplebaumFinalProject2.elf  > "EApplebaumFinalProject2.list"
   text	   data	    bss	    dec	    hex	filename
  30428	    232	 156072	 186732	  2d96c	EApplebaumFinalProject2.elf
Finished building: default.size.stdout
 
Finished building: EApplebaumFinalProject2.list
 
16:51:06 **** Incremental Build of configuration Debug for project EApplebaumFinalProject2 ****
make -j20 all 
arm-none-eabi-size  EApplebaumFinalProject2.elf 
   text	   data	    bss	    dec	    hex	filename
  30428	    232	 156072	 186732	  2d96c	EApplebaumFinalProject2.elf
Finished building: default.size.stdout
 
17:03:05 **** Incremental Build of configuration Debug for project EApplebaumFinalProject2 ****
make -j20 all 
arm-none-eabi-gcc "../Core/Src/GameDriver.c" -mcpu=cortex-m4 -std=gnu11 -g3 -DDEBUG -DUSE_HAL_DRIVER -DSTM32F429xx -c -I../Core/Inc -I../Drivers/STM32F4xx_HAL_Driver/Inc -I../Drivers/STM32F4xx_HAL_Driver/Inc/Legacy -I../Drivers/CMSIS/Device/ST/STM32F4xx/Include -I../Drivers/CMSIS/Include -O0 -ffunction-sections -fdata-sections -Wall -fstack-usage -fcyclomatic-complexity -MMD -MP -MF"Core/Src/GameDriver.d" -MT"Core/Src/GameDriver.o" --specs=nano.specs -mfpu=fpv4-sp-d16 -mfloat-abi=hard -mthumb -o "Core/Src/GameDriver.o"
../Core/Src/GameDriver.c: In function 'place_tetromino':
../Core/Src/GameDriver.c:238:17: error: 'current_shape' undeclared (first use in this function); did you mean 'current_type'?
  238 |             if (current_shape[i][j]) {
      |                 ^~~~~~~~~~~~~
      |                 current_type
../Core/Src/GameDriver.c:238:17: note: each undeclared identifier is reported only once for each function it appears in
make: *** [Core/Src/subdir.mk:58: Core/Src/GameDriver.o] Error 1
"make -j20 all" terminated with exit code 2. Build might be incomplete.
17:04:14 **** Incremental Build of configuration Debug for project EApplebaumFinalProject2 ****
make -j20 all 
arm-none-eabi-gcc "../Core/Src/GameDriver.c" -mcpu=cortex-m4 -std=gnu11 -g3 -DDEBUG -DUSE_HAL_DRIVER -DSTM32F429xx -c -I../Core/Inc -I../Drivers/STM32F4xx_HAL_Driver/Inc -I../Drivers/STM32F4xx_HAL_Driver/Inc/Legacy -I../Drivers/CMSIS/Device/ST/STM32F4xx/Include -I../Drivers/CMSIS/Include -O0 -ffunction-sections -fdata-sections -Wall -fstack-usage -fcyclomatic-complexity -MMD -MP -MF"Core/Src/GameDriver.d" -MT"Core/Src/GameDriver.o" --specs=nano.specs -mfpu=fpv4-sp-d16 -mfloat-abi=hard -mthumb -o "Core/Src/GameDriver.o"
arm-none-eabi-gcc -o "EApplebaumFinalProject2.elf" @"objects.list"   -mcpu=cortex-m4 -T"C:\Users\14408\STM32CubeIDE\workspace_1.16.0\ECEN2370_FinalProject\EApplebaumFinalProject2\STM32F429ZITX_FLASH.ld" --specs=nosys.specs -Wl,-Map="EApplebaumFinalProject2.map" -Wl,--gc-sections -static --specs=nano.specs -mfpu=fpv4-sp-d16 -mfloat-abi=hard -mthumb -Wl,--start-group -lc -lm -Wl,--end-group
Finished building target: EApplebaumFinalProject2.elf
 
arm-none-eabi-size  EApplebaumFinalProject2.elf 
arm-none-eabi-objdump -h -S EApplebaumFinalProject2.elf  > "EApplebaumFinalProject2.list"
   text	   data	    bss	    dec	    hex	filename
  30428	    232	 156072	 186732	  2d96c	EApplebaumFinalProject2.elf
Finished building: default.size.stdout
 
Finished building: EApplebaumFinalProject2.list
 
17:04:19 **** Incremental Build of configuration Debug for project EApplebaumFinalProject2 ****
make -j20 all 
arm-none-eabi-size  EApplebaumFinalProject2.elf 
   text	   data	    bss	    dec	    hex	filename
  30428	    232	 156072	 186732	  2d96c	EApplebaumFinalProject2.elf
Finished building: default.size.stdout
 
17:05:44 **** Incremental Build of configuration Debug for project EApplebaumFinalProject2 ****
make -j20 all 
arm-none-eabi-gcc "../Core/Src/ApplicationCode.c" -mcpu=cortex-m4 -std=gnu11 -g3 -DDEBUG -DUSE_HAL_DRIVER -DSTM32F429xx -c -I../Core/Inc -I../Drivers/STM32F4xx_HAL_Driver/Inc -I../Drivers/STM32F4xx_HAL_Driver/Inc/Legacy -I../Drivers/CMSIS/Device/ST/STM32F4xx/Include -I../Drivers/CMSIS/Include -O0 -ffunction-sections -fdata-sections -Wall -fstack-usage -fcyclomatic-complexity -MMD -MP -MF"Core/Src/ApplicationCode.d" -MT"Core/Src/ApplicationCode.o" --specs=nano.specs -mfpu=fpv4-sp-d16 -mfloat-abi=hard -mthumb -o "Core/Src/ApplicationCode.o"
../Core/Src/ApplicationCode.c: In function 'ApplicationInit':
../Core/Src/ApplicationCode.c:44:9: warning: implicit declaration of function 'place_tetromino'; did you mean 'spawn_tetromino'? [-Wimplicit-function-declaration]
   44 |         place_tetromino();
      |         ^~~~~~~~~~~~~~~
      |         spawn_tetromino
arm-none-eabi-gcc -o "EApplebaumFinalProject2.elf" @"objects.list"   -mcpu=cortex-m4 -T"C:\Users\14408\STM32CubeIDE\workspace_1.16.0\ECEN2370_FinalProject\EApplebaumFinalProject2\STM32F429ZITX_FLASH.ld" --specs=nosys.specs -Wl,-Map="EApplebaumFinalProject2.map" -Wl,--gc-sections -static --specs=nano.specs -mfpu=fpv4-sp-d16 -mfloat-abi=hard -mthumb -Wl,--start-group -lc -lm -Wl,--end-group
Finished building target: EApplebaumFinalProject2.elf
 
arm-none-eabi-size  EApplebaumFinalProject2.elf 
arm-none-eabi-objdump -h -S EApplebaumFinalProject2.elf  > "EApplebaumFinalProject2.list"
   text	   data	    bss	    dec	    hex	filename
  30796	    232	 156072	 187100	  2dadc	EApplebaumFinalProject2.elf
Finished building: default.size.stdout
 
Finished building: EApplebaumFinalProject2.list
 
17:07:14 **** Incremental Build of configuration Debug for project EApplebaumFinalProject2 ****
make -j20 all 
arm-none-eabi-gcc "../Core/Src/ApplicationCode.c" -mcpu=cortex-m4 -std=gnu11 -g3 -DDEBUG -DUSE_HAL_DRIVER -DSTM32F429xx -c -I../Core/Inc -I../Drivers/STM32F4xx_HAL_Driver/Inc -I../Drivers/STM32F4xx_HAL_Driver/Inc/Legacy -I../Drivers/CMSIS/Device/ST/STM32F4xx/Include -I../Drivers/CMSIS/Include -O0 -ffunction-sections -fdata-sections -Wall -fstack-usage -fcyclomatic-complexity -MMD -MP -MF"Core/Src/ApplicationCode.d" -MT"Core/Src/ApplicationCode.o" --specs=nano.specs -mfpu=fpv4-sp-d16 -mfloat-abi=hard -mthumb -o "Core/Src/ApplicationCode.o"
arm-none-eabi-gcc "../Core/Src/GameDriver.c" -mcpu=cortex-m4 -std=gnu11 -g3 -DDEBUG -DUSE_HAL_DRIVER -DSTM32F429xx -c -I../Core/Inc -I../Drivers/STM32F4xx_HAL_Driver/Inc -I../Drivers/STM32F4xx_HAL_Driver/Inc/Legacy -I../Drivers/CMSIS/Device/ST/STM32F4xx/Include -I../Drivers/CMSIS/Include -O0 -ffunction-sections -fdata-sections -Wall -fstack-usage -fcyclomatic-complexity -MMD -MP -MF"Core/Src/GameDriver.d" -MT"Core/Src/GameDriver.o" --specs=nano.specs -mfpu=fpv4-sp-d16 -mfloat-abi=hard -mthumb -o "Core/Src/GameDriver.o"
arm-none-eabi-gcc "../Core/Src/main.c" -mcpu=cortex-m4 -std=gnu11 -g3 -DDEBUG -DUSE_HAL_DRIVER -DSTM32F429xx -c -I../Core/Inc -I../Drivers/STM32F4xx_HAL_Driver/Inc -I../Drivers/STM32F4xx_HAL_Driver/Inc/Legacy -I../Drivers/CMSIS/Device/ST/STM32F4xx/Include -I../Drivers/CMSIS/Include -O0 -ffunction-sections -fdata-sections -Wall -fstack-usage -fcyclomatic-complexity -MMD -MP -MF"Core/Src/main.d" -MT"Core/Src/main.o" --specs=nano.specs -mfpu=fpv4-sp-d16 -mfloat-abi=hard -mthumb -o "Core/Src/main.o"
arm-none-eabi-gcc -o "EApplebaumFinalProject2.elf" @"objects.list"   -mcpu=cortex-m4 -T"C:\Users\14408\STM32CubeIDE\workspace_1.16.0\ECEN2370_FinalProject\EApplebaumFinalProject2\STM32F429ZITX_FLASH.ld" --specs=nosys.specs -Wl,-Map="EApplebaumFinalProject2.map" -Wl,--gc-sections -static --specs=nano.specs -mfpu=fpv4-sp-d16 -mfloat-abi=hard -mthumb -Wl,--start-group -lc -lm -Wl,--end-group
Finished building target: EApplebaumFinalProject2.elf
 
arm-none-eabi-size  EApplebaumFinalProject2.elf 
arm-none-eabi-objdump -h -S EApplebaumFinalProject2.elf  > "EApplebaumFinalProject2.list"
   text	   data	    bss	    dec	    hex	filename
  31140	    232	 156072	 187444	  2dc34	EApplebaumFinalProject2.elf
Finished building: default.size.stdout
 
Finished building: EApplebaumFinalProject2.list
 
17:08:45 **** Incremental Build of configuration Debug for project EApplebaumFinalProject2 ****
make -j20 all 
arm-none-eabi-size  EApplebaumFinalProject2.elf 
   text	   data	    bss	    dec	    hex	filename
  31140	    232	 156072	 187444	  2dc34	EApplebaumFinalProject2.elf
Finished building: default.size.stdout
 
17:16:17 **** Incremental Build of configuration Debug for project EApplebaumFinalProject2 ****
make -j20 all 
arm-none-eabi-gcc "../Core/Src/ApplicationCode.c" -mcpu=cortex-m4 -std=gnu11 -g3 -DDEBUG -DUSE_HAL_DRIVER -DSTM32F429xx -c -I../Core/Inc -I../Drivers/STM32F4xx_HAL_Driver/Inc -I../Drivers/STM32F4xx_HAL_Driver/Inc/Legacy -I../Drivers/CMSIS/Device/ST/STM32F4xx/Include -I../Drivers/CMSIS/Include -O0 -ffunction-sections -fdata-sections -Wall -fstack-usage -fcyclomatic-complexity -MMD -MP -MF"Core/Src/ApplicationCode.d" -MT"Core/Src/ApplicationCode.o" --specs=nano.specs -mfpu=fpv4-sp-d16 -mfloat-abi=hard -mthumb -o "Core/Src/ApplicationCode.o"
arm-none-eabi-gcc "../Core/Src/GameDriver.c" -mcpu=cortex-m4 -std=gnu11 -g3 -DDEBUG -DUSE_HAL_DRIVER -DSTM32F429xx -c -I../Core/Inc -I../Drivers/STM32F4xx_HAL_Driver/Inc -I../Drivers/STM32F4xx_HAL_Driver/Inc/Legacy -I../Drivers/CMSIS/Device/ST/STM32F4xx/Include -I../Drivers/CMSIS/Include -O0 -ffunction-sections -fdata-sections -Wall -fstack-usage -fcyclomatic-complexity -MMD -MP -MF"Core/Src/GameDriver.d" -MT"Core/Src/GameDriver.o" --specs=nano.specs -mfpu=fpv4-sp-d16 -mfloat-abi=hard -mthumb -o "Core/Src/GameDriver.o"
arm-none-eabi-gcc -o "EApplebaumFinalProject2.elf" @"objects.list"   -mcpu=cortex-m4 -T"C:\Users\14408\STM32CubeIDE\workspace_1.16.0\ECEN2370_FinalProject\EApplebaumFinalProject2\STM32F429ZITX_FLASH.ld" --specs=nosys.specs -Wl,-Map="EApplebaumFinalProject2.map" -Wl,--gc-sections -static --specs=nano.specs -mfpu=fpv4-sp-d16 -mfloat-abi=hard -mthumb -Wl,--start-group -lc -lm -Wl,--end-group
Finished building target: EApplebaumFinalProject2.elf
 
arm-none-eabi-size  EApplebaumFinalProject2.elf 
arm-none-eabi-objdump -h -S EApplebaumFinalProject2.elf  > "EApplebaumFinalProject2.list"
   text	   data	    bss	    dec	    hex	filename
  31092	    232	 156072	 187396	  2dc04	EApplebaumFinalProject2.elf
Finished building: default.size.stdout
 
Finished building: EApplebaumFinalProject2.list
 
17:17:52 **** Incremental Build of configuration Debug for project EApplebaumFinalProject2 ****
make -j20 all 
arm-none-eabi-gcc "../Core/Src/GameDriver.c" -mcpu=cortex-m4 -std=gnu11 -g3 -DDEBUG -DUSE_HAL_DRIVER -DSTM32F429xx -c -I../Core/Inc -I../Drivers/STM32F4xx_HAL_Driver/Inc -I../Drivers/STM32F4xx_HAL_Driver/Inc/Legacy -I../Drivers/CMSIS/Device/ST/STM32F4xx/Include -I../Drivers/CMSIS/Include -O0 -ffunction-sections -fdata-sections -Wall -fstack-usage -fcyclomatic-complexity -MMD -MP -MF"Core/Src/GameDriver.d" -MT"Core/Src/GameDriver.o" --specs=nano.specs -mfpu=fpv4-sp-d16 -mfloat-abi=hard -mthumb -o "Core/Src/GameDriver.o"
arm-none-eabi-gcc -o "EApplebaumFinalProject2.elf" @"objects.list"   -mcpu=cortex-m4 -T"C:\Users\14408\STM32CubeIDE\workspace_1.16.0\ECEN2370_FinalProject\EApplebaumFinalProject2\STM32F429ZITX_FLASH.ld" --specs=nosys.specs -Wl,-Map="EApplebaumFinalProject2.map" -Wl,--gc-sections -static --specs=nano.specs -mfpu=fpv4-sp-d16 -mfloat-abi=hard -mthumb -Wl,--start-group -lc -lm -Wl,--end-group
Finished building target: EApplebaumFinalProject2.elf
 
arm-none-eabi-size  EApplebaumFinalProject2.elf 
arm-none-eabi-objdump -h -S EApplebaumFinalProject2.elf  > "EApplebaumFinalProject2.list"
   text	   data	    bss	    dec	    hex	filename
  31132	    232	 156072	 187436	  2dc2c	EApplebaumFinalProject2.elf
Finished building: default.size.stdout
 
Finished building: EApplebaumFinalProject2.list
 
10:39:07 **** Incremental Build of configuration Debug for project EApplebaumFinalProject2 ****
make -j20 all 
arm-none-eabi-gcc "../Core/Src/GameDriver.c" -mcpu=cortex-m4 -std=gnu11 -g3 -DDEBUG -DUSE_HAL_DRIVER -DSTM32F429xx -c -I../Core/Inc -I../Drivers/STM32F4xx_HAL_Driver/Inc -I../Drivers/STM32F4xx_HAL_Driver/Inc/Legacy -I../Drivers/CMSIS/Device/ST/STM32F4xx/Include -I../Drivers/CMSIS/Include -O0 -ffunction-sections -fdata-sections -Wall -fstack-usage -fcyclomatic-complexity -MMD -MP -MF"Core/Src/GameDriver.d" -MT"Core/Src/GameDriver.o" --specs=nano.specs -mfpu=fpv4-sp-d16 -mfloat-abi=hard -mthumb -o "Core/Src/GameDriver.o"
arm-none-eabi-gcc -o "EApplebaumFinalProject2.elf" @"objects.list"   -mcpu=cortex-m4 -T"C:\Users\14408\STM32CubeIDE\workspace_1.16.0\ECEN2370_FinalProject\EApplebaumFinalProject2\STM32F429ZITX_FLASH.ld" --specs=nosys.specs -Wl,-Map="EApplebaumFinalProject2.map" -Wl,--gc-sections -static --specs=nano.specs -mfpu=fpv4-sp-d16 -mfloat-abi=hard -mthumb -Wl,--start-group -lc -lm -Wl,--end-group
Finished building target: EApplebaumFinalProject2.elf
 
arm-none-eabi-size  EApplebaumFinalProject2.elf 
arm-none-eabi-objdump -h -S EApplebaumFinalProject2.elf  > "EApplebaumFinalProject2.list"
   text	   data	    bss	    dec	    hex	filename
  31100	    232	 156072	 187404	  2dc0c	EApplebaumFinalProject2.elf
Finished building: default.size.stdout
 
Finished building: EApplebaumFinalProject2.list
 
10:41:55 **** Incremental Build of configuration Debug for project EApplebaumFinalProject2 ****
make -j20 all 
arm-none-eabi-gcc "../Core/Src/GameDriver.c" -mcpu=cortex-m4 -std=gnu11 -g3 -DDEBUG -DUSE_HAL_DRIVER -DSTM32F429xx -c -I../Core/Inc -I../Drivers/STM32F4xx_HAL_Driver/Inc -I../Drivers/STM32F4xx_HAL_Driver/Inc/Legacy -I../Drivers/CMSIS/Device/ST/STM32F4xx/Include -I../Drivers/CMSIS/Include -O0 -ffunction-sections -fdata-sections -Wall -fstack-usage -fcyclomatic-complexity -MMD -MP -MF"Core/Src/GameDriver.d" -MT"Core/Src/GameDriver.o" --specs=nano.specs -mfpu=fpv4-sp-d16 -mfloat-abi=hard -mthumb -o "Core/Src/GameDriver.o"
arm-none-eabi-gcc -o "EApplebaumFinalProject2.elf" @"objects.list"   -mcpu=cortex-m4 -T"C:\Users\14408\STM32CubeIDE\workspace_1.16.0\ECEN2370_FinalProject\EApplebaumFinalProject2\STM32F429ZITX_FLASH.ld" --specs=nosys.specs -Wl,-Map="EApplebaumFinalProject2.map" -Wl,--gc-sections -static --specs=nano.specs -mfpu=fpv4-sp-d16 -mfloat-abi=hard -mthumb -Wl,--start-group -lc -lm -Wl,--end-group
Finished building target: EApplebaumFinalProject2.elf
 
arm-none-eabi-size  EApplebaumFinalProject2.elf 
arm-none-eabi-objdump -h -S EApplebaumFinalProject2.elf  > "EApplebaumFinalProject2.list"
   text	   data	    bss	    dec	    hex	filename
  31100	    232	 156072	 187404	  2dc0c	EApplebaumFinalProject2.elf
Finished building: default.size.stdout
 
Finished building: EApplebaumFinalProject2.list
 
10:44:39 **** Incremental Build of configuration Debug for project EApplebaumFinalProject2 ****
make -j20 all 
arm-none-eabi-gcc "../Core/Src/GameDriver.c" -mcpu=cortex-m4 -std=gnu11 -g3 -DDEBUG -DUSE_HAL_DRIVER -DSTM32F429xx -c -I../Core/Inc -I../Drivers/STM32F4xx_HAL_Driver/Inc -I../Drivers/STM32F4xx_HAL_Driver/Inc/Legacy -I../Drivers/CMSIS/Device/ST/STM32F4xx/Include -I../Drivers/CMSIS/Include -O0 -ffunction-sections -fdata-sections -Wall -fstack-usage -fcyclomatic-complexity -MMD -MP -MF"Core/Src/GameDriver.d" -MT"Core/Src/GameDriver.o" --specs=nano.specs -mfpu=fpv4-sp-d16 -mfloat-abi=hard -mthumb -o "Core/Src/GameDriver.o"
arm-none-eabi-gcc -o "EApplebaumFinalProject2.elf" @"objects.list"   -mcpu=cortex-m4 -T"C:\Users\14408\STM32CubeIDE\workspace_1.16.0\ECEN2370_FinalProject\EApplebaumFinalProject2\STM32F429ZITX_FLASH.ld" --specs=nosys.specs -Wl,-Map="EApplebaumFinalProject2.map" -Wl,--gc-sections -static --specs=nano.specs -mfpu=fpv4-sp-d16 -mfloat-abi=hard -mthumb -Wl,--start-group -lc -lm -Wl,--end-group
Finished building target: EApplebaumFinalProject2.elf
 
arm-none-eabi-size  EApplebaumFinalProject2.elf 
arm-none-eabi-objdump -h -S EApplebaumFinalProject2.elf  > "EApplebaumFinalProject2.list"
   text	   data	    bss	    dec	    hex	filename
  31100	    232	 156072	 187404	  2dc0c	EApplebaumFinalProject2.elf
Finished building: default.size.stdout
 
Finished building: EApplebaumFinalProject2.list
 
10:47:07 **** Incremental Build of configuration Debug for project EApplebaumFinalProject2 ****
make -j20 all 
arm-none-eabi-gcc "../Core/Src/GameDriver.c" -mcpu=cortex-m4 -std=gnu11 -g3 -DDEBUG -DUSE_HAL_DRIVER -DSTM32F429xx -c -I../Core/Inc -I../Drivers/STM32F4xx_HAL_Driver/Inc -I../Drivers/STM32F4xx_HAL_Driver/Inc/Legacy -I../Drivers/CMSIS/Device/ST/STM32F4xx/Include -I../Drivers/CMSIS/Include -O0 -ffunction-sections -fdata-sections -Wall -fstack-usage -fcyclomatic-complexity -MMD -MP -MF"Core/Src/GameDriver.d" -MT"Core/Src/GameDriver.o" --specs=nano.specs -mfpu=fpv4-sp-d16 -mfloat-abi=hard -mthumb -o "Core/Src/GameDriver.o"
arm-none-eabi-gcc -o "EApplebaumFinalProject2.elf" @"objects.list"   -mcpu=cortex-m4 -T"C:\Users\14408\STM32CubeIDE\workspace_1.16.0\ECEN2370_FinalProject\EApplebaumFinalProject2\STM32F429ZITX_FLASH.ld" --specs=nosys.specs -Wl,-Map="EApplebaumFinalProject2.map" -Wl,--gc-sections -static --specs=nano.specs -mfpu=fpv4-sp-d16 -mfloat-abi=hard -mthumb -Wl,--start-group -lc -lm -Wl,--end-group
Finished building target: EApplebaumFinalProject2.elf
 
arm-none-eabi-size  EApplebaumFinalProject2.elf 
arm-none-eabi-objdump -h -S EApplebaumFinalProject2.elf  > "EApplebaumFinalProject2.list"
   text	   data	    bss	    dec	    hex	filename
  31100	    232	 156072	 187404	  2dc0c	EApplebaumFinalProject2.elf
Finished building: default.size.stdout
 
Finished building: EApplebaumFinalProject2.list
 
10:48:37 **** Incremental Build of configuration Debug for project EApplebaumFinalProject2 ****
make -j20 all 
arm-none-eabi-gcc "../Core/Src/GameDriver.c" -mcpu=cortex-m4 -std=gnu11 -g3 -DDEBUG -DUSE_HAL_DRIVER -DSTM32F429xx -c -I../Core/Inc -I../Drivers/STM32F4xx_HAL_Driver/Inc -I../Drivers/STM32F4xx_HAL_Driver/Inc/Legacy -I../Drivers/CMSIS/Device/ST/STM32F4xx/Include -I../Drivers/CMSIS/Include -O0 -ffunction-sections -fdata-sections -Wall -fstack-usage -fcyclomatic-complexity -MMD -MP -MF"Core/Src/GameDriver.d" -MT"Core/Src/GameDriver.o" --specs=nano.specs -mfpu=fpv4-sp-d16 -mfloat-abi=hard -mthumb -o "Core/Src/GameDriver.o"
arm-none-eabi-gcc -o "EApplebaumFinalProject2.elf" @"objects.list"   -mcpu=cortex-m4 -T"C:\Users\14408\STM32CubeIDE\workspace_1.16.0\ECEN2370_FinalProject\EApplebaumFinalProject2\STM32F429ZITX_FLASH.ld" --specs=nosys.specs -Wl,-Map="EApplebaumFinalProject2.map" -Wl,--gc-sections -static --specs=nano.specs -mfpu=fpv4-sp-d16 -mfloat-abi=hard -mthumb -Wl,--start-group -lc -lm -Wl,--end-group
Finished building target: EApplebaumFinalProject2.elf
 
arm-none-eabi-size  EApplebaumFinalProject2.elf 
arm-none-eabi-objdump -h -S EApplebaumFinalProject2.elf  > "EApplebaumFinalProject2.list"
   text	   data	    bss	    dec	    hex	filename
  31100	    232	 156072	 187404	  2dc0c	EApplebaumFinalProject2.elf
Finished building: default.size.stdout
 
Finished building: EApplebaumFinalProject2.list
 
10:49:55 **** Incremental Build of configuration Debug for project EApplebaumFinalProject2 ****
make -j20 all 
arm-none-eabi-gcc "../Core/Src/GameDriver.c" -mcpu=cortex-m4 -std=gnu11 -g3 -DDEBUG -DUSE_HAL_DRIVER -DSTM32F429xx -c -I../Core/Inc -I../Drivers/STM32F4xx_HAL_Driver/Inc -I../Drivers/STM32F4xx_HAL_Driver/Inc/Legacy -I../Drivers/CMSIS/Device/ST/STM32F4xx/Include -I../Drivers/CMSIS/Include -O0 -ffunction-sections -fdata-sections -Wall -fstack-usage -fcyclomatic-complexity -MMD -MP -MF"Core/Src/GameDriver.d" -MT"Core/Src/GameDriver.o" --specs=nano.specs -mfpu=fpv4-sp-d16 -mfloat-abi=hard -mthumb -o "Core/Src/GameDriver.o"
arm-none-eabi-gcc -o "EApplebaumFinalProject2.elf" @"objects.list"   -mcpu=cortex-m4 -T"C:\Users\14408\STM32CubeIDE\workspace_1.16.0\ECEN2370_FinalProject\EApplebaumFinalProject2\STM32F429ZITX_FLASH.ld" --specs=nosys.specs -Wl,-Map="EApplebaumFinalProject2.map" -Wl,--gc-sections -static --specs=nano.specs -mfpu=fpv4-sp-d16 -mfloat-abi=hard -mthumb -Wl,--start-group -lc -lm -Wl,--end-group
Finished building target: EApplebaumFinalProject2.elf
 
arm-none-eabi-size  EApplebaumFinalProject2.elf 
arm-none-eabi-objdump -h -S EApplebaumFinalProject2.elf  > "EApplebaumFinalProject2.list"
   text	   data	    bss	    dec	    hex	filename
  31120	    232	 156072	 187424	  2dc20	EApplebaumFinalProject2.elf
Finished building: default.size.stdout
 
Finished building: EApplebaumFinalProject2.list
 
10:51:07 **** Incremental Build of configuration Debug for project EApplebaumFinalProject2 ****
make -j20 all 
arm-none-eabi-gcc "../Core/Src/GameDriver.c" -mcpu=cortex-m4 -std=gnu11 -g3 -DDEBUG -DUSE_HAL_DRIVER -DSTM32F429xx -c -I../Core/Inc -I../Drivers/STM32F4xx_HAL_Driver/Inc -I../Drivers/STM32F4xx_HAL_Driver/Inc/Legacy -I../Drivers/CMSIS/Device/ST/STM32F4xx/Include -I../Drivers/CMSIS/Include -O0 -ffunction-sections -fdata-sections -Wall -fstack-usage -fcyclomatic-complexity -MMD -MP -MF"Core/Src/GameDriver.d" -MT"Core/Src/GameDriver.o" --specs=nano.specs -mfpu=fpv4-sp-d16 -mfloat-abi=hard -mthumb -o "Core/Src/GameDriver.o"
arm-none-eabi-gcc -o "EApplebaumFinalProject2.elf" @"objects.list"   -mcpu=cortex-m4 -T"C:\Users\14408\STM32CubeIDE\workspace_1.16.0\ECEN2370_FinalProject\EApplebaumFinalProject2\STM32F429ZITX_FLASH.ld" --specs=nosys.specs -Wl,-Map="EApplebaumFinalProject2.map" -Wl,--gc-sections -static --specs=nano.specs -mfpu=fpv4-sp-d16 -mfloat-abi=hard -mthumb -Wl,--start-group -lc -lm -Wl,--end-group
Finished building target: EApplebaumFinalProject2.elf
 
arm-none-eabi-size  EApplebaumFinalProject2.elf 
arm-none-eabi-objdump -h -S EApplebaumFinalProject2.elf  > "EApplebaumFinalProject2.list"
   text	   data	    bss	    dec	    hex	filename
  31120	    232	 156072	 187424	  2dc20	EApplebaumFinalProject2.elf
Finished building: default.size.stdout
 
Finished building: EApplebaumFinalProject2.list
 
10:53:34 **** Incremental Build of configuration Debug for project EApplebaumFinalProject2 ****
make -j20 all 
arm-none-eabi-gcc "../Core/Src/GameDriver.c" -mcpu=cortex-m4 -std=gnu11 -g3 -DDEBUG -DUSE_HAL_DRIVER -DSTM32F429xx -c -I../Core/Inc -I../Drivers/STM32F4xx_HAL_Driver/Inc -I../Drivers/STM32F4xx_HAL_Driver/Inc/Legacy -I../Drivers/CMSIS/Device/ST/STM32F4xx/Include -I../Drivers/CMSIS/Include -O0 -ffunction-sections -fdata-sections -Wall -fstack-usage -fcyclomatic-complexity -MMD -MP -MF"Core/Src/GameDriver.d" -MT"Core/Src/GameDriver.o" --specs=nano.specs -mfpu=fpv4-sp-d16 -mfloat-abi=hard -mthumb -o "Core/Src/GameDriver.o"
../Core/Src/GameDriver.c: In function 'spawn_tetromino':
../Core/Src/GameDriver.c:114:40: warning: passing argument 2 of 'HAL_RNG_GenerateRandomNumber' from incompatible pointer type [-Wincompatible-pointer-types]
  114 |     HAL_RNG_GenerateRandomNumber(&HRNG,&current_type); // Choose random tetromino
      |                                        ^~~~~~~~~~~~~
      |                                        |
      |                                        uint8_t * {aka unsigned char *}
In file included from ../Core/Inc/stm32f4xx_hal_conf.h:387,
                 from ../Drivers/STM32F4xx_HAL_Driver/Inc/stm32f4xx_hal.h:29,
                 from ../Core/Inc/LCD_Driver.h:11,
                 from ../Core/Inc/GameDriver.h:11,
                 from ../Core/Src/GameDriver.c:7:
../Drivers/STM32F4xx_HAL_Driver/Inc/stm32f4xx_hal_rng.h:305:83: note: expected 'uint32_t *' {aka 'long unsigned int *'} but argument is of type 'uint8_t *' {aka 'unsigned char *'}
  305 | HAL_StatusTypeDef HAL_RNG_GenerateRandomNumber(RNG_HandleTypeDef *hrng, uint32_t *random32bit);
      |                                                                         ~~~~~~~~~~^~~~~~~~~~~
arm-none-eabi-gcc -o "EApplebaumFinalProject2.elf" @"objects.list"   -mcpu=cortex-m4 -T"C:\Users\14408\STM32CubeIDE\workspace_1.16.0\ECEN2370_FinalProject\EApplebaumFinalProject2\STM32F429ZITX_FLASH.ld" --specs=nosys.specs -Wl,-Map="EApplebaumFinalProject2.map" -Wl,--gc-sections -static --specs=nano.specs -mfpu=fpv4-sp-d16 -mfloat-abi=hard -mthumb -Wl,--start-group -lc -lm -Wl,--end-group
Finished building target: EApplebaumFinalProject2.elf
 
arm-none-eabi-size  EApplebaumFinalProject2.elf 
arm-none-eabi-objdump -h -S EApplebaumFinalProject2.elf  > "EApplebaumFinalProject2.list"
   text	   data	    bss	    dec	    hex	filename
  31084	    232	 156072	 187388	  2dbfc	EApplebaumFinalProject2.elf
Finished building: default.size.stdout
 
Finished building: EApplebaumFinalProject2.list
 
10:55:09 **** Incremental Build of configuration Debug for project EApplebaumFinalProject2 ****
make -j20 all 
arm-none-eabi-gcc "../Core/Src/GameDriver.c" -mcpu=cortex-m4 -std=gnu11 -g3 -DDEBUG -DUSE_HAL_DRIVER -DSTM32F429xx -c -I../Core/Inc -I../Drivers/STM32F4xx_HAL_Driver/Inc -I../Drivers/STM32F4xx_HAL_Driver/Inc/Legacy -I../Drivers/CMSIS/Device/ST/STM32F4xx/Include -I../Drivers/CMSIS/Include -O0 -ffunction-sections -fdata-sections -Wall -fstack-usage -fcyclomatic-complexity -MMD -MP -MF"Core/Src/GameDriver.d" -MT"Core/Src/GameDriver.o" --specs=nano.specs -mfpu=fpv4-sp-d16 -mfloat-abi=hard -mthumb -o "Core/Src/GameDriver.o"
arm-none-eabi-gcc -o "EApplebaumFinalProject2.elf" @"objects.list"   -mcpu=cortex-m4 -T"C:\Users\14408\STM32CubeIDE\workspace_1.16.0\ECEN2370_FinalProject\EApplebaumFinalProject2\STM32F429ZITX_FLASH.ld" --specs=nosys.specs -Wl,-Map="EApplebaumFinalProject2.map" -Wl,--gc-sections -static --specs=nano.specs -mfpu=fpv4-sp-d16 -mfloat-abi=hard -mthumb -Wl,--start-group -lc -lm -Wl,--end-group
Finished building target: EApplebaumFinalProject2.elf
 
arm-none-eabi-size  EApplebaumFinalProject2.elf 
arm-none-eabi-objdump -h -S EApplebaumFinalProject2.elf  > "EApplebaumFinalProject2.list"
   text	   data	    bss	    dec	    hex	filename
  31080	    232	 156072	 187384	  2dbf8	EApplebaumFinalProject2.elf
Finished building: default.size.stdout
 
Finished building: EApplebaumFinalProject2.list
 
10:55:14 **** Incremental Build of configuration Debug for project EApplebaumFinalProject2 ****
make -j20 all 
arm-none-eabi-size  EApplebaumFinalProject2.elf 
   text	   data	    bss	    dec	    hex	filename
  31080	    232	 156072	 187384	  2dbf8	EApplebaumFinalProject2.elf
Finished building: default.size.stdout
 
10:57:01 **** Incremental Build of configuration Debug for project EApplebaumFinalProject2 ****
make -j20 all 
arm-none-eabi-gcc "../Core/Src/ApplicationCode.c" -mcpu=cortex-m4 -std=gnu11 -g3 -DDEBUG -DUSE_HAL_DRIVER -DSTM32F429xx -c -I../Core/Inc -I../Drivers/STM32F4xx_HAL_Driver/Inc -I../Drivers/STM32F4xx_HAL_Driver/Inc/Legacy -I../Drivers/CMSIS/Device/ST/STM32F4xx/Include -I../Drivers/CMSIS/Include -O0 -ffunction-sections -fdata-sections -Wall -fstack-usage -fcyclomatic-complexity -MMD -MP -MF"Core/Src/ApplicationCode.d" -MT"Core/Src/ApplicationCode.o" --specs=nano.specs -mfpu=fpv4-sp-d16 -mfloat-abi=hard -mthumb -o "Core/Src/ApplicationCode.o"
arm-none-eabi-gcc "../Core/Src/GameDriver.c" -mcpu=cortex-m4 -std=gnu11 -g3 -DDEBUG -DUSE_HAL_DRIVER -DSTM32F429xx -c -I../Core/Inc -I../Drivers/STM32F4xx_HAL_Driver/Inc -I../Drivers/STM32F4xx_HAL_Driver/Inc/Legacy -I../Drivers/CMSIS/Device/ST/STM32F4xx/Include -I../Drivers/CMSIS/Include -O0 -ffunction-sections -fdata-sections -Wall -fstack-usage -fcyclomatic-complexity -MMD -MP -MF"Core/Src/GameDriver.d" -MT"Core/Src/GameDriver.o" --specs=nano.specs -mfpu=fpv4-sp-d16 -mfloat-abi=hard -mthumb -o "Core/Src/GameDriver.o"
arm-none-eabi-gcc -o "EApplebaumFinalProject2.elf" @"objects.list"   -mcpu=cortex-m4 -T"C:\Users\14408\STM32CubeIDE\workspace_1.16.0\ECEN2370_FinalProject\EApplebaumFinalProject2\STM32F429ZITX_FLASH.ld" --specs=nosys.specs -Wl,-Map="EApplebaumFinalProject2.map" -Wl,--gc-sections -static --specs=nano.specs -mfpu=fpv4-sp-d16 -mfloat-abi=hard -mthumb -Wl,--start-group -lc -lm -Wl,--end-group
Finished building target: EApplebaumFinalProject2.elf
 
arm-none-eabi-size  EApplebaumFinalProject2.elf 
arm-none-eabi-objdump -h -S EApplebaumFinalProject2.elf  > "EApplebaumFinalProject2.list"
   text	   data	    bss	    dec	    hex	filename
  31304	    232	 156072	 187608	  2dcd8	EApplebaumFinalProject2.elf
Finished building: default.size.stdout
 
Finished building: EApplebaumFinalProject2.list
 
10:58:30 **** Incremental Build of configuration Debug for project EApplebaumFinalProject2 ****
make -j20 all 
arm-none-eabi-gcc "../Core/Src/GameDriver.c" -mcpu=cortex-m4 -std=gnu11 -g3 -DDEBUG -DUSE_HAL_DRIVER -DSTM32F429xx -c -I../Core/Inc -I../Drivers/STM32F4xx_HAL_Driver/Inc -I../Drivers/STM32F4xx_HAL_Driver/Inc/Legacy -I../Drivers/CMSIS/Device/ST/STM32F4xx/Include -I../Drivers/CMSIS/Include -O0 -ffunction-sections -fdata-sections -Wall -fstack-usage -fcyclomatic-complexity -MMD -MP -MF"Core/Src/GameDriver.d" -MT"Core/Src/GameDriver.o" --specs=nano.specs -mfpu=fpv4-sp-d16 -mfloat-abi=hard -mthumb -o "Core/Src/GameDriver.o"
arm-none-eabi-gcc -o "EApplebaumFinalProject2.elf" @"objects.list"   -mcpu=cortex-m4 -T"C:\Users\14408\STM32CubeIDE\workspace_1.16.0\ECEN2370_FinalProject\EApplebaumFinalProject2\STM32F429ZITX_FLASH.ld" --specs=nosys.specs -Wl,-Map="EApplebaumFinalProject2.map" -Wl,--gc-sections -static --specs=nano.specs -mfpu=fpv4-sp-d16 -mfloat-abi=hard -mthumb -Wl,--start-group -lc -lm -Wl,--end-group
Finished building target: EApplebaumFinalProject2.elf
 
arm-none-eabi-size  EApplebaumFinalProject2.elf 
arm-none-eabi-objdump -h -S EApplebaumFinalProject2.elf  > "EApplebaumFinalProject2.list"
   text	   data	    bss	    dec	    hex	filename
  31304	    232	 156072	 187608	  2dcd8	EApplebaumFinalProject2.elf
Finished building: default.size.stdout
 
Finished building: EApplebaumFinalProject2.list
 
11:03:45 **** Incremental Build of configuration Debug for project EApplebaumFinalProject2 ****
make -j20 all 
arm-none-eabi-gcc "../Core/Src/GameDriver.c" -mcpu=cortex-m4 -std=gnu11 -g3 -DDEBUG -DUSE_HAL_DRIVER -DSTM32F429xx -c -I../Core/Inc -I../Drivers/STM32F4xx_HAL_Driver/Inc -I../Drivers/STM32F4xx_HAL_Driver/Inc/Legacy -I../Drivers/CMSIS/Device/ST/STM32F4xx/Include -I../Drivers/CMSIS/Include -O0 -ffunction-sections -fdata-sections -Wall -fstack-usage -fcyclomatic-complexity -MMD -MP -MF"Core/Src/GameDriver.d" -MT"Core/Src/GameDriver.o" --specs=nano.specs -mfpu=fpv4-sp-d16 -mfloat-abi=hard -mthumb -o "Core/Src/GameDriver.o"
arm-none-eabi-gcc "../Core/Src/main.c" -mcpu=cortex-m4 -std=gnu11 -g3 -DDEBUG -DUSE_HAL_DRIVER -DSTM32F429xx -c -I../Core/Inc -I../Drivers/STM32F4xx_HAL_Driver/Inc -I../Drivers/STM32F4xx_HAL_Driver/Inc/Legacy -I../Drivers/CMSIS/Device/ST/STM32F4xx/Include -I../Drivers/CMSIS/Include -O0 -ffunction-sections -fdata-sections -Wall -fstack-usage -fcyclomatic-complexity -MMD -MP -MF"Core/Src/main.d" -MT"Core/Src/main.o" --specs=nano.specs -mfpu=fpv4-sp-d16 -mfloat-abi=hard -mthumb -o "Core/Src/main.o"
arm-none-eabi-gcc -o "EApplebaumFinalProject2.elf" @"objects.list"   -mcpu=cortex-m4 -T"C:\Users\14408\STM32CubeIDE\workspace_1.16.0\ECEN2370_FinalProject\EApplebaumFinalProject2\STM32F429ZITX_FLASH.ld" --specs=nosys.specs -Wl,-Map="EApplebaumFinalProject2.map" -Wl,--gc-sections -static --specs=nano.specs -mfpu=fpv4-sp-d16 -mfloat-abi=hard -mthumb -Wl,--start-group -lc -lm -Wl,--end-group
Finished building target: EApplebaumFinalProject2.elf
 
arm-none-eabi-size  EApplebaumFinalProject2.elf 
arm-none-eabi-objdump -h -S EApplebaumFinalProject2.elf  > "EApplebaumFinalProject2.list"
   text	   data	    bss	    dec	    hex	filename
  31300	    232	 156072	 187604	  2dcd4	EApplebaumFinalProject2.elf
Finished building: default.size.stdout
 
Finished building: EApplebaumFinalProject2.list
 
11:05:13 **** Incremental Build of configuration Debug for project EApplebaumFinalProject2 ****
make -j20 all 
arm-none-eabi-gcc "../Core/Src/GameDriver.c" -mcpu=cortex-m4 -std=gnu11 -g3 -DDEBUG -DUSE_HAL_DRIVER -DSTM32F429xx -c -I../Core/Inc -I../Drivers/STM32F4xx_HAL_Driver/Inc -I../Drivers/STM32F4xx_HAL_Driver/Inc/Legacy -I../Drivers/CMSIS/Device/ST/STM32F4xx/Include -I../Drivers/CMSIS/Include -O0 -ffunction-sections -fdata-sections -Wall -fstack-usage -fcyclomatic-complexity -MMD -MP -MF"Core/Src/GameDriver.d" -MT"Core/Src/GameDriver.o" --specs=nano.specs -mfpu=fpv4-sp-d16 -mfloat-abi=hard -mthumb -o "Core/Src/GameDriver.o"
../Core/Src/GameDriver.c: In function 'move_down':
../Core/Src/GameDriver.c:189:12: warning: suggest parentheses around assignment used as truth value [-Wparentheses]
  189 |         if(current_y=0) game_over();
      |            ^~~~~~~~~
arm-none-eabi-gcc -o "EApplebaumFinalProject2.elf" @"objects.list"   -mcpu=cortex-m4 -T"C:\Users\14408\STM32CubeIDE\workspace_1.16.0\ECEN2370_FinalProject\EApplebaumFinalProject2\STM32F429ZITX_FLASH.ld" --specs=nosys.specs -Wl,-Map="EApplebaumFinalProject2.map" -Wl,--gc-sections -static --specs=nano.specs -mfpu=fpv4-sp-d16 -mfloat-abi=hard -mthumb -Wl,--start-group -lc -lm -Wl,--end-group
Finished building target: EApplebaumFinalProject2.elf
 
arm-none-eabi-size  EApplebaumFinalProject2.elf 
arm-none-eabi-objdump -h -S EApplebaumFinalProject2.elf  > "EApplebaumFinalProject2.list"
   text	   data	    bss	    dec	    hex	filename
  31304	    232	 156072	 187608	  2dcd8	EApplebaumFinalProject2.elf
Finished building: default.size.stdout
 
Finished building: EApplebaumFinalProject2.list
 
11:06:04 **** Incremental Build of configuration Debug for project EApplebaumFinalProject2 ****
make -j20 all 
arm-none-eabi-gcc "../Core/Src/GameDriver.c" -mcpu=cortex-m4 -std=gnu11 -g3 -DDEBUG -DUSE_HAL_DRIVER -DSTM32F429xx -c -I../Core/Inc -I../Drivers/STM32F4xx_HAL_Driver/Inc -I../Drivers/STM32F4xx_HAL_Driver/Inc/Legacy -I../Drivers/CMSIS/Device/ST/STM32F4xx/Include -I../Drivers/CMSIS/Include -O0 -ffunction-sections -fdata-sections -Wall -fstack-usage -fcyclomatic-complexity -MMD -MP -MF"Core/Src/GameDriver.d" -MT"Core/Src/GameDriver.o" --specs=nano.specs -mfpu=fpv4-sp-d16 -mfloat-abi=hard -mthumb -o "Core/Src/GameDriver.o"
[...]
  477 |         sprintf(time_string, "%d", doubles);
      |         ^~~~~~~~~~~~~~~~~~~~~~~~~~~~~~~~~~~
../Core/Src/GameDriver.c:483:33: warning: 'sprintf' may write a terminating nul past the end of the destination [-Wformat-overflow=]
  483 |         sprintf(time_string, "%d", tetris);
      |                                 ^
../Core/Src/GameDriver.c:483:9: note: 'sprintf' output between 2 and 6 bytes into a destination of size 5
  483 |         sprintf(time_string, "%d", tetris);
      |         ^~~~~~~~~~~~~~~~~~~~~~~~~~~~~~~~~~
arm-none-eabi-gcc -o "EApplebaumFinalProject2.elf" @"objects.list"   -mcpu=cortex-m4 -T"C:\Users\14408\STM32CubeIDE\workspace_1.16.0\ECEN2370_FinalProject\EApplebaumFinalProject2\STM32F429ZITX_FLASH.ld" --specs=nosys.specs -Wl,-Map="EApplebaumFinalProject2.map" -Wl,--gc-sections -static --specs=nano.specs -mfpu=fpv4-sp-d16 -mfloat-abi=hard -mthumb -Wl,--start-group -lc -lm -Wl,--end-group
Finished building target: EApplebaumFinalProject2.elf
 
arm-none-eabi-size  EApplebaumFinalProject2.elf 
arm-none-eabi-objdump -h -S EApplebaumFinalProject2.elf  > "EApplebaumFinalProject2.list"
   text	   data	    bss	    dec	    hex	filename
  35312	    232	 156080	 191624	  2ec88	EApplebaumFinalProject2.elf
Finished building: default.size.stdout
 
Finished building: EApplebaumFinalProject2.list
 
20:28:49 **** Incremental Build of configuration Debug for project EApplebaumFinalProject2 ****
make -j20 all 
arm-none-eabi-gcc "../Core/Src/GameDriver.c" -mcpu=cortex-m4 -std=gnu11 -g3 -DDEBUG -DUSE_HAL_DRIVER -DSTM32F429xx -c -I../Core/Inc -I../Drivers/STM32F4xx_HAL_Driver/Inc -I../Drivers/STM32F4xx_HAL_Driver/Inc/Legacy -I../Drivers/CMSIS/Device/ST/STM32F4xx/Include -I../Drivers/CMSIS/Include -O0 -ffunction-sections -fdata-sections -Wall -fstack-usage -fcyclomatic-complexity -MMD -MP -MF"Core/Src/GameDriver.d" -MT"Core/Src/GameDriver.o" --specs=nano.specs -mfpu=fpv4-sp-d16 -mfloat-abi=hard -mthumb -o "Core/Src/GameDriver.o"
arm-none-eabi-gcc -o "EApplebaumFinalProject2.elf" @"objects.list"   -mcpu=cortex-m4 -T"C:\Users\14408\STM32CubeIDE\workspace_1.16.0\ECEN2370_FinalProject\EApplebaumFinalProject2\STM32F429ZITX_FLASH.ld" --specs=nosys.specs -Wl,-Map="EApplebaumFinalProject2.map" -Wl,--gc-sections -static --specs=nano.specs -mfpu=fpv4-sp-d16 -mfloat-abi=hard -mthumb -Wl,--start-group -lc -lm -Wl,--end-group
Finished building target: EApplebaumFinalProject2.elf
 
arm-none-eabi-size  EApplebaumFinalProject2.elf 
arm-none-eabi-objdump -h -S EApplebaumFinalProject2.elf  > "EApplebaumFinalProject2.list"
   text	   data	    bss	    dec	    hex	filename
  35288	    236	 156076	 191600	  2ec70	EApplebaumFinalProject2.elf
Finished building: default.size.stdout
 
Finished building: EApplebaumFinalProject2.list
 
20:29:10 **** Incremental Build of configuration Debug for project EApplebaumFinalProject2 ****
make -j20 all 
arm-none-eabi-gcc "../Core/Src/main.c" -mcpu=cortex-m4 -std=gnu11 -g3 -DDEBUG -DUSE_HAL_DRIVER -DSTM32F429xx -c -I../Core/Inc -I../Drivers/STM32F4xx_HAL_Driver/Inc -I../Drivers/STM32F4xx_HAL_Driver/Inc/Legacy -I../Drivers/CMSIS/Device/ST/STM32F4xx/Include -I../Drivers/CMSIS/Include -O0 -ffunction-sections -fdata-sections -Wall -fstack-usage -fcyclomatic-complexity -MMD -MP -MF"Core/Src/main.d" -MT"Core/Src/main.o" --specs=nano.specs -mfpu=fpv4-sp-d16 -mfloat-abi=hard -mthumb -o "Core/Src/main.o"
arm-none-eabi-gcc -o "EApplebaumFinalProject2.elf" @"objects.list"   -mcpu=cortex-m4 -T"C:\Users\14408\STM32CubeIDE\workspace_1.16.0\ECEN2370_FinalProject\EApplebaumFinalProject2\STM32F429ZITX_FLASH.ld" --specs=nosys.specs -Wl,-Map="EApplebaumFinalProject2.map" -Wl,--gc-sections -static --specs=nano.specs -mfpu=fpv4-sp-d16 -mfloat-abi=hard -mthumb -Wl,--start-group -lc -lm -Wl,--end-group
Finished building target: EApplebaumFinalProject2.elf
 
arm-none-eabi-size  EApplebaumFinalProject2.elf 
arm-none-eabi-objdump -h -S EApplebaumFinalProject2.elf  > "EApplebaumFinalProject2.list"
   text	   data	    bss	    dec	    hex	filename
  35292	    236	 156076	 191604	  2ec74	EApplebaumFinalProject2.elf
Finished building: default.size.stdout
 
Finished building: EApplebaumFinalProject2.list
 
20:31:09 **** Incremental Build of configuration Debug for project EApplebaumFinalProject2 ****
make -j20 all 
arm-none-eabi-gcc "../Core/Src/GameDriver.c" -mcpu=cortex-m4 -std=gnu11 -g3 -DDEBUG -DUSE_HAL_DRIVER -DSTM32F429xx -c -I../Core/Inc -I../Drivers/STM32F4xx_HAL_Driver/Inc -I../Drivers/STM32F4xx_HAL_Driver/Inc/Legacy -I../Drivers/CMSIS/Device/ST/STM32F4xx/Include -I../Drivers/CMSIS/Include -O0 -ffunction-sections -fdata-sections -Wall -fstack-usage -fcyclomatic-complexity -MMD -MP -MF"Core/Src/GameDriver.d" -MT"Core/Src/GameDriver.o" --specs=nano.specs -mfpu=fpv4-sp-d16 -mfloat-abi=hard -mthumb -o "Core/Src/GameDriver.o"
arm-none-eabi-gcc -o "EApplebaumFinalProject2.elf" @"objects.list"   -mcpu=cortex-m4 -T"C:\Users\14408\STM32CubeIDE\workspace_1.16.0\ECEN2370_FinalProject\EApplebaumFinalProject2\STM32F429ZITX_FLASH.ld" --specs=nosys.specs -Wl,-Map="EApplebaumFinalProject2.map" -Wl,--gc-sections -static --specs=nano.specs -mfpu=fpv4-sp-d16 -mfloat-abi=hard -mthumb -Wl,--start-group -lc -lm -Wl,--end-group
Finished building target: EApplebaumFinalProject2.elf
 
arm-none-eabi-size  EApplebaumFinalProject2.elf 
arm-none-eabi-objdump -h -S EApplebaumFinalProject2.elf  > "EApplebaumFinalProject2.list"
   text	   data	    bss	    dec	    hex	filename
  35320	    236	 156076	 191632	  2ec90	EApplebaumFinalProject2.elf
Finished building: default.size.stdout
 
Finished building: EApplebaumFinalProject2.list
 
20:32:30 **** Incremental Build of configuration Debug for project EApplebaumFinalProject2 ****
make -j20 all 
arm-none-eabi-gcc "../Core/Src/GameDriver.c" -mcpu=cortex-m4 -std=gnu11 -g3 -DDEBUG -DUSE_HAL_DRIVER -DSTM32F429xx -c -I../Core/Inc -I../Drivers/STM32F4xx_HAL_Driver/Inc -I../Drivers/STM32F4xx_HAL_Driver/Inc/Legacy -I../Drivers/CMSIS/Device/ST/STM32F4xx/Include -I../Drivers/CMSIS/Include -O0 -ffunction-sections -fdata-sections -Wall -fstack-usage -fcyclomatic-complexity -MMD -MP -MF"Core/Src/GameDriver.d" -MT"Core/Src/GameDriver.o" --specs=nano.specs -mfpu=fpv4-sp-d16 -mfloat-abi=hard -mthumb -o "Core/Src/GameDriver.o"
arm-none-eabi-gcc -o "EApplebaumFinalProject2.elf" @"objects.list"   -mcpu=cortex-m4 -T"C:\Users\14408\STM32CubeIDE\workspace_1.16.0\ECEN2370_FinalProject\EApplebaumFinalProject2\STM32F429ZITX_FLASH.ld" --specs=nosys.specs -Wl,-Map="EApplebaumFinalProject2.map" -Wl,--gc-sections -static --specs=nano.specs -mfpu=fpv4-sp-d16 -mfloat-abi=hard -mthumb -Wl,--start-group -lc -lm -Wl,--end-group
Finished building target: EApplebaumFinalProject2.elf
 
arm-none-eabi-size  EApplebaumFinalProject2.elf 
arm-none-eabi-objdump -h -S EApplebaumFinalProject2.elf  > "EApplebaumFinalProject2.list"
   text	   data	    bss	    dec	    hex	filename
  35320	    236	 156076	 191632	  2ec90	EApplebaumFinalProject2.elf
Finished building: default.size.stdout
 
Finished building: EApplebaumFinalProject2.list
 
20:32:54 **** Incremental Build of configuration Debug for project EApplebaumFinalProject2 ****
make -j20 all 
arm-none-eabi-gcc "../Core/Src/GameDriver.c" -mcpu=cortex-m4 -std=gnu11 -g3 -DDEBUG -DUSE_HAL_DRIVER -DSTM32F429xx -c -I../Core/Inc -I../Drivers/STM32F4xx_HAL_Driver/Inc -I../Drivers/STM32F4xx_HAL_Driver/Inc/Legacy -I../Drivers/CMSIS/Device/ST/STM32F4xx/Include -I../Drivers/CMSIS/Include -O0 -ffunction-sections -fdata-sections -Wall -fstack-usage -fcyclomatic-complexity -MMD -MP -MF"Core/Src/GameDriver.d" -MT"Core/Src/GameDriver.o" --specs=nano.specs -mfpu=fpv4-sp-d16 -mfloat-abi=hard -mthumb -o "Core/Src/GameDriver.o"
arm-none-eabi-gcc -o "EApplebaumFinalProject2.elf" @"objects.list"   -mcpu=cortex-m4 -T"C:\Users\14408\STM32CubeIDE\workspace_1.16.0\ECEN2370_FinalProject\EApplebaumFinalProject2\STM32F429ZITX_FLASH.ld" --specs=nosys.specs -Wl,-Map="EApplebaumFinalProject2.map" -Wl,--gc-sections -static --specs=nano.specs -mfpu=fpv4-sp-d16 -mfloat-abi=hard -mthumb -Wl,--start-group -lc -lm -Wl,--end-group
Finished building target: EApplebaumFinalProject2.elf
 
arm-none-eabi-size  EApplebaumFinalProject2.elf 
arm-none-eabi-objdump -h -S EApplebaumFinalProject2.elf  > "EApplebaumFinalProject2.list"
   text	   data	    bss	    dec	    hex	filename
  35292	    236	 156076	 191604	  2ec74	EApplebaumFinalProject2.elf
Finished building: default.size.stdout
 
Finished building: EApplebaumFinalProject2.list
 
20:33:43 **** Incremental Build of configuration Debug for project EApplebaumFinalProject2 ****
make -j20 all 
arm-none-eabi-gcc "../Core/Src/GameDriver.c" -mcpu=cortex-m4 -std=gnu11 -g3 -DDEBUG -DUSE_HAL_DRIVER -DSTM32F429xx -c -I../Core/Inc -I../Drivers/STM32F4xx_HAL_Driver/Inc -I../Drivers/STM32F4xx_HAL_Driver/Inc/Legacy -I../Drivers/CMSIS/Device/ST/STM32F4xx/Include -I../Drivers/CMSIS/Include -O0 -ffunction-sections -fdata-sections -Wall -fstack-usage -fcyclomatic-complexity -MMD -MP -MF"Core/Src/GameDriver.d" -MT"Core/Src/GameDriver.o" --specs=nano.specs -mfpu=fpv4-sp-d16 -mfloat-abi=hard -mthumb -o "Core/Src/GameDriver.o"
arm-none-eabi-gcc -o "EApplebaumFinalProject2.elf" @"objects.list"   -mcpu=cortex-m4 -T"C:\Users\14408\STM32CubeIDE\workspace_1.16.0\ECEN2370_FinalProject\EApplebaumFinalProject2\STM32F429ZITX_FLASH.ld" --specs=nosys.specs -Wl,-Map="EApplebaumFinalProject2.map" -Wl,--gc-sections -static --specs=nano.specs -mfpu=fpv4-sp-d16 -mfloat-abi=hard -mthumb -Wl,--start-group -lc -lm -Wl,--end-group
Finished building target: EApplebaumFinalProject2.elf
 
arm-none-eabi-size  EApplebaumFinalProject2.elf 
arm-none-eabi-objdump -h -S EApplebaumFinalProject2.elf  > "EApplebaumFinalProject2.list"
   text	   data	    bss	    dec	    hex	filename
  35320	    236	 156076	 191632	  2ec90	EApplebaumFinalProject2.elf
Finished building: default.size.stdout
 
Finished building: EApplebaumFinalProject2.list
 
20:34:04 **** Incremental Build of configuration Debug for project EApplebaumFinalProject2 ****
make -j20 all 
arm-none-eabi-gcc "../Core/Src/GameDriver.c" -mcpu=cortex-m4 -std=gnu11 -g3 -DDEBUG -DUSE_HAL_DRIVER -DSTM32F429xx -c -I../Core/Inc -I../Drivers/STM32F4xx_HAL_Driver/Inc -I../Drivers/STM32F4xx_HAL_Driver/Inc/Legacy -I../Drivers/CMSIS/Device/ST/STM32F4xx/Include -I../Drivers/CMSIS/Include -O0 -ffunction-sections -fdata-sections -Wall -fstack-usage -fcyclomatic-complexity -MMD -MP -MF"Core/Src/GameDriver.d" -MT"Core/Src/GameDriver.o" --specs=nano.specs -mfpu=fpv4-sp-d16 -mfloat-abi=hard -mthumb -o "Core/Src/GameDriver.o"
../Core/Src/GameDriver.c: In function 'game_over':
../Core/Src/GameDriver.c:472:32: warning: multi-character character constant [-Wmultichar]
  472 |                 time_string[i]='/0';
      |                                ^~~~
../Core/Src/GameDriver.c:472:32: warning: unsigned conversion from 'int' to 'char' changes value from '12080' to '48' [-Woverflow]
arm-none-eabi-gcc -o "EApplebaumFinalProject2.elf" @"objects.list"   -mcpu=cortex-m4 -T"C:\Users\14408\STM32CubeIDE\workspace_1.16.0\ECEN2370_FinalProject\EApplebaumFinalProject2\STM32F429ZITX_FLASH.ld" --specs=nosys.specs -Wl,-Map="EApplebaumFinalProject2.map" -Wl,--gc-sections -static --specs=nano.specs -mfpu=fpv4-sp-d16 -mfloat-abi=hard -mthumb -Wl,--start-group -lc -lm -Wl,--end-group
Finished building target: EApplebaumFinalProject2.elf
 
arm-none-eabi-size  EApplebaumFinalProject2.elf 
arm-none-eabi-objdump -h -S EApplebaumFinalProject2.elf  > "EApplebaumFinalProject2.list"
   text	   data	    bss	    dec	    hex	filename
  35320	    236	 156076	 191632	  2ec90	EApplebaumFinalProject2.elf
Finished building: default.size.stdout
 
Finished building: EApplebaumFinalProject2.list
 
20:34:33 **** Incremental Build of configuration Debug for project EApplebaumFinalProject2 ****
make -j20 all 
arm-none-eabi-gcc "../Core/Src/GameDriver.c" -mcpu=cortex-m4 -std=gnu11 -g3 -DDEBUG -DUSE_HAL_DRIVER -DSTM32F429xx -c -I../Core/Inc -I../Drivers/STM32F4xx_HAL_Driver/Inc -I../Drivers/STM32F4xx_HAL_Driver/Inc/Legacy -I../Drivers/CMSIS/Device/ST/STM32F4xx/Include -I../Drivers/CMSIS/Include -O0 -ffunction-sections -fdata-sections -Wall -fstack-usage -fcyclomatic-complexity -MMD -MP -MF"Core/Src/GameDriver.d" -MT"Core/Src/GameDriver.o" --specs=nano.specs -mfpu=fpv4-sp-d16 -mfloat-abi=hard -mthumb -o "Core/Src/GameDriver.o"
arm-none-eabi-gcc -o "EApplebaumFinalProject2.elf" @"objects.list"   -mcpu=cortex-m4 -T"C:\Users\14408\STM32CubeIDE\workspace_1.16.0\ECEN2370_FinalProject\EApplebaumFinalProject2\STM32F429ZITX_FLASH.ld" --specs=nosys.specs -Wl,-Map="EApplebaumFinalProject2.map" -Wl,--gc-sections -static --specs=nano.specs -mfpu=fpv4-sp-d16 -mfloat-abi=hard -mthumb -Wl,--start-group -lc -lm -Wl,--end-group
Finished building target: EApplebaumFinalProject2.elf
 
arm-none-eabi-size  EApplebaumFinalProject2.elf 
arm-none-eabi-objdump -h -S EApplebaumFinalProject2.elf  > "EApplebaumFinalProject2.list"
   text	   data	    bss	    dec	    hex	filename
  35320	    236	 156076	 191632	  2ec90	EApplebaumFinalProject2.elf
Finished building: default.size.stdout
 
Finished building: EApplebaumFinalProject2.list
 
20:35:50 **** Incremental Build of configuration Debug for project EApplebaumFinalProject2 ****
make -j20 all 
arm-none-eabi-size  EApplebaumFinalProject2.elf 
   text	   data	    bss	    dec	    hex	filename
  35320	    236	 156076	 191632	  2ec90	EApplebaumFinalProject2.elf
Finished building: default.size.stdout
 
20:39:39 **** Incremental Build of configuration Debug for project EApplebaumFinalProject2 ****
make -j20 all 
arm-none-eabi-gcc "../Core/Src/GameDriver.c" -mcpu=cortex-m4 -std=gnu11 -g3 -DDEBUG -DUSE_HAL_DRIVER -DSTM32F429xx -c -I../Core/Inc -I../Drivers/STM32F4xx_HAL_Driver/Inc -I../Drivers/STM32F4xx_HAL_Driver/Inc/Legacy -I../Drivers/CMSIS/Device/ST/STM32F4xx/Include -I../Drivers/CMSIS/Include -O0 -ffunction-sections -fdata-sections -Wall -fstack-usage -fcyclomatic-complexity -MMD -MP -MF"Core/Src/GameDriver.d" -MT"Core/Src/GameDriver.o" --specs=nano.specs -mfpu=fpv4-sp-d16 -mfloat-abi=hard -mthumb -o "Core/Src/GameDriver.o"
arm-none-eabi-gcc -o "EApplebaumFinalProject2.elf" @"objects.list"   -mcpu=cortex-m4 -T"C:\Users\14408\STM32CubeIDE\workspace_1.16.0\ECEN2370_FinalProject\EApplebaumFinalProject2\STM32F429ZITX_FLASH.ld" --specs=nosys.specs -Wl,-Map="EApplebaumFinalProject2.map" -Wl,--gc-sections -static --specs=nano.specs -mfpu=fpv4-sp-d16 -mfloat-abi=hard -mthumb -Wl,--start-group -lc -lm -Wl,--end-group
Finished building target: EApplebaumFinalProject2.elf
 
arm-none-eabi-size  EApplebaumFinalProject2.elf 
arm-none-eabi-objdump -h -S EApplebaumFinalProject2.elf  > "EApplebaumFinalProject2.list"
   text	   data	    bss	    dec	    hex	filename
  35332	    236	 156076	 191644	  2ec9c	EApplebaumFinalProject2.elf
Finished building: default.size.stdout
 
Finished building: EApplebaumFinalProject2.list
 
20:40:12 **** Incremental Build of configuration Debug for project EApplebaumFinalProject2 ****
make -j20 all 
arm-none-eabi-gcc "../Core/Src/GameDriver.c" -mcpu=cortex-m4 -std=gnu11 -g3 -DDEBUG -DUSE_HAL_DRIVER -DSTM32F429xx -c -I../Core/Inc -I../Drivers/STM32F4xx_HAL_Driver/Inc -I../Drivers/STM32F4xx_HAL_Driver/Inc/Legacy -I../Drivers/CMSIS/Device/ST/STM32F4xx/Include -I../Drivers/CMSIS/Include -O0 -ffunction-sections -fdata-sections -Wall -fstack-usage -fcyclomatic-complexity -MMD -MP -MF"Core/Src/GameDriver.d" -MT"Core/Src/GameDriver.o" --specs=nano.specs -mfpu=fpv4-sp-d16 -mfloat-abi=hard -mthumb -o "Core/Src/GameDriver.o"
arm-none-eabi-gcc -o "EApplebaumFinalProject2.elf" @"objects.list"   -mcpu=cortex-m4 -T"C:\Users\14408\STM32CubeIDE\workspace_1.16.0\ECEN2370_FinalProject\EApplebaumFinalProject2\STM32F429ZITX_FLASH.ld" --specs=nosys.specs -Wl,-Map="EApplebaumFinalProject2.map" -Wl,--gc-sections -static --specs=nano.specs -mfpu=fpv4-sp-d16 -mfloat-abi=hard -mthumb -Wl,--start-group -lc -lm -Wl,--end-group
Finished building target: EApplebaumFinalProject2.elf
 
arm-none-eabi-size  EApplebaumFinalProject2.elf 
arm-none-eabi-objdump -h -S EApplebaumFinalProject2.elf  > "EApplebaumFinalProject2.list"
   text	   data	    bss	    dec	    hex	filename
  35332	    236	 156076	 191644	  2ec9c	EApplebaumFinalProject2.elf
Finished building: default.size.stdout
 
Finished building: EApplebaumFinalProject2.list
 
20:41:57 **** Incremental Build of configuration Debug for project EApplebaumFinalProject2 ****
make -j20 all 
arm-none-eabi-gcc "../Core/Src/GameDriver.c" -mcpu=cortex-m4 -std=gnu11 -g3 -DDEBUG -DUSE_HAL_DRIVER -DSTM32F429xx -c -I../Core/Inc -I../Drivers/STM32F4xx_HAL_Driver/Inc -I../Drivers/STM32F4xx_HAL_Driver/Inc/Legacy -I../Drivers/CMSIS/Device/ST/STM32F4xx/Include -I../Drivers/CMSIS/Include -O0 -ffunction-sections -fdata-sections -Wall -fstack-usage -fcyclomatic-complexity -MMD -MP -MF"Core/Src/GameDriver.d" -MT"Core/Src/GameDriver.o" --specs=nano.specs -mfpu=fpv4-sp-d16 -mfloat-abi=hard -mthumb -o "Core/Src/GameDriver.o"
arm-none-eabi-gcc -o "EApplebaumFinalProject2.elf" @"objects.list"   -mcpu=cortex-m4 -T"C:\Users\14408\STM32CubeIDE\workspace_1.16.0\ECEN2370_FinalProject\EApplebaumFinalProject2\STM32F429ZITX_FLASH.ld" --specs=nosys.specs -Wl,-Map="EApplebaumFinalProject2.map" -Wl,--gc-sections -static --specs=nano.specs -mfpu=fpv4-sp-d16 -mfloat-abi=hard -mthumb -Wl,--start-group -lc -lm -Wl,--end-group
Finished building target: EApplebaumFinalProject2.elf
 
arm-none-eabi-size  EApplebaumFinalProject2.elf 
arm-none-eabi-objdump -h -S EApplebaumFinalProject2.elf  > "EApplebaumFinalProject2.list"
   text	   data	    bss	    dec	    hex	filename
  35428	    236	 156076	 191740	  2ecfc	EApplebaumFinalProject2.elf
Finished building: default.size.stdout
 
Finished building: EApplebaumFinalProject2.list
 
20:42:17 **** Incremental Build of configuration Debug for project EApplebaumFinalProject2 ****
make -j20 all 
arm-none-eabi-size  EApplebaumFinalProject2.elf 
   text	   data	    bss	    dec	    hex	filename
  35428	    236	 156076	 191740	  2ecfc	EApplebaumFinalProject2.elf
Finished building: default.size.stdout
 
20:43:07 **** Incremental Build of configuration Debug for project EApplebaumFinalProject2 ****
make -j20 all 
arm-none-eabi-gcc "../Core/Src/GameDriver.c" -mcpu=cortex-m4 -std=gnu11 -g3 -DDEBUG -DUSE_HAL_DRIVER -DSTM32F429xx -c -I../Core/Inc -I../Drivers/STM32F4xx_HAL_Driver/Inc -I../Drivers/STM32F4xx_HAL_Driver/Inc/Legacy -I../Drivers/CMSIS/Device/ST/STM32F4xx/Include -I../Drivers/CMSIS/Include -O0 -ffunction-sections -fdata-sections -Wall -fstack-usage -fcyclomatic-complexity -MMD -MP -MF"Core/Src/GameDriver.d" -MT"Core/Src/GameDriver.o" --specs=nano.specs -mfpu=fpv4-sp-d16 -mfloat-abi=hard -mthumb -o "Core/Src/GameDriver.o"
arm-none-eabi-gcc "../Core/Src/main.c" -mcpu=cortex-m4 -std=gnu11 -g3 -DDEBUG -DUSE_HAL_DRIVER -DSTM32F429xx -c -I../Core/Inc -I../Drivers/STM32F4xx_HAL_Driver/Inc -I../Drivers/STM32F4xx_HAL_Driver/Inc/Legacy -I../Drivers/CMSIS/Device/ST/STM32F4xx/Include -I../Drivers/CMSIS/Include -O0 -ffunction-sections -fdata-sections -Wall -fstack-usage -fcyclomatic-complexity -MMD -MP -MF"Core/Src/main.d" -MT"Core/Src/main.o" --specs=nano.specs -mfpu=fpv4-sp-d16 -mfloat-abi=hard -mthumb -o "Core/Src/main.o"
arm-none-eabi-gcc -o "EApplebaumFinalProject2.elf" @"objects.list"   -mcpu=cortex-m4 -T"C:\Users\14408\STM32CubeIDE\workspace_1.16.0\ECEN2370_FinalProject\EApplebaumFinalProject2\STM32F429ZITX_FLASH.ld" --specs=nosys.specs -Wl,-Map="EApplebaumFinalProject2.map" -Wl,--gc-sections -static --specs=nano.specs -mfpu=fpv4-sp-d16 -mfloat-abi=hard -mthumb -Wl,--start-group -lc -lm -Wl,--end-group
Finished building target: EApplebaumFinalProject2.elf
 
arm-none-eabi-size  EApplebaumFinalProject2.elf 
arm-none-eabi-objdump -h -S EApplebaumFinalProject2.elf  > "EApplebaumFinalProject2.list"
   text	   data	    bss	    dec	    hex	filename
  35448	    232	 156080	 191760	  2ed10	EApplebaumFinalProject2.elf
Finished building: default.size.stdout
 
Finished building: EApplebaumFinalProject2.list
 
